[2m2025-08-10T21:53:47.623900Z[0m [32m INFO[0m [2misotope[0m[2m:[0m Isotope v0.1.0 starting
[2m2025-08-10T21:53:47.626624Z[0m [32m INFO[0m [2misotope[0m[2m:[0m Building ISO from specification: .\examples\ubuntu-server.isotope
[2m2025-08-10T21:53:47.629330Z[0m [32m INFO[0m [2misotope::automation::ocr[0m[2m:[0m Downloading and caching text detection model...
[2m2025-08-10T21:53:47.633373Z[0m [32m INFO[0m [2misotope::automation::ocr[0m[2m:[0m Downloading and caching text recognition model...
[2m2025-08-10T21:53:47.641007Z[0m [32m INFO[0m [2misotope::core::builder[0m[2m:[0m Starting ISO build process
[2m2025-08-10T21:53:47.643140Z[0m [32m INFO[0m [2misotope::core::builder[0m[2m:[0m Step summary:
[2m2025-08-10T21:53:47.643427Z[0m [32m INFO[0m [2misotope::core::builder[0m[2m:[0m   Steps 1-67: os_install stage (67 instructions)
[2m2025-08-10T21:53:47.643584Z[0m [32m INFO[0m [2misotope::core::builder[0m[2m:[0m   Steps 68-99: os_configure stage (32 instructions)
[2m2025-08-10T21:53:47.643712Z[0m [32m INFO[0m [2misotope::core::builder[0m[2m:[0m Total steps: 99
[2m2025-08-10T21:53:47.643861Z[0m [32m INFO[0m [2misotope::utils::fs[0m[2m:[0m Creating working directory: C:\Users\redst\AppData\Local\Temp\isotope-ee21e6c8-5b4a-4585-86b6-773df0c814c2
[2m2025-08-10T21:53:47.644317Z[0m [32m INFO[0m [2misotope::core::builder[0m[2m:[0m Preparing source ISO: ./ubuntu-22.04.5-live-server-amd64.iso
[2m2025-08-10T21:53:47.644568Z[0m [32m INFO[0m [2misotope::core::builder[0m[2m:[0m Executing init stage
[2m2025-08-10T21:53:47.644665Z[0m [32m INFO[0m [2misotope::automation::vm::manager[0m[2m:[0m Configuring VM from init stage
[2m2025-08-10T21:53:47.644755Z[0m [32m INFO[0m [2misotope::automation::vm::manager[0m[2m:[0m VM configured: VirtualBox with 4096MB RAM, 2 CPUs
[2m2025-08-10T21:53:47.644877Z[0m [32m INFO[0m [2misotope::core::builder[0m[2m:[0m Executing os_install stage
[2m2025-08-10T21:53:47.644977Z[0m [32m INFO[0m [2misotope::core::builder[0m[2m:[0m Creating new VM (not continuing from previous build)
[2m2025-08-10T21:53:47.645391Z[0m [32m INFO[0m [2misotope::automation::vm::manager[0m[2m:[0m Found old VM isotope-vm-9e92bfbd from previous build, will clean up metadata
[2m2025-08-10T21:53:47.645500Z[0m [33m WARN[0m [2misotope::automation::vm::manager[0m[2m:[0m Old VM isotope-vm-9e92bfbd will be replaced with new VM for fresh build
[2m2025-08-10T21:53:47.645654Z[0m [32m INFO[0m [2misotope::utils::vm_metadata[0m[2m:[0m Removed VM isotope-vm-9e92bfbd from metadata
[2m2025-08-10T21:53:47.645845Z[0m [32m INFO[0m [2misotope::utils::vm_metadata[0m[2m:[0m Tracking VM isotope-vm-eb5a0615 for isotope file \\?\C:\Users\redst\OneDrive\Documents\GitHub\Isotope\examples\ubuntu-server.isotope
[2m2025-08-10T21:53:47.646194Z[0m [32m INFO[0m [2misotope::automation::vm::manager[0m[2m:[0m Cleaned up old VM metadata and registered new VM: isotope-vm-eb5a0615
[2m2025-08-10T21:53:47.646333Z[0m [32m INFO[0m [2misotope::automation::vm::manager[0m[2m:[0m Created VM instance: isotope-vm-eb5a0615
[2m2025-08-10T21:53:47.646430Z[0m [32m INFO[0m [2misotope::core::builder[0m[2m:[0m Starting VM isotope-vm-eb5a0615 and attaching ISO
[2m2025-08-10T21:53:47.646523Z[0m [32m INFO[0m [2misotope::automation::vm::manager[0m[2m:[0m Attaching ISO ./ubuntu-22.04.5-live-server-amd64.iso to VM isotope-vm-eb5a0615
[2m2025-08-10T21:53:47.646699Z[0m [32m INFO[0m [2misotope::automation::vm::providers::virtualbox[0m[2m:[0m Attaching ISO to VirtualBox VM: ./ubuntu-22.04.5-live-server-amd64.iso
[2m2025-08-10T21:53:47.672402Z[0m [32m INFO[0m [2misotope::automation::vm::providers::virtualbox[0m[2m:[0m Creating VirtualBox VM: isotope-vm-eb5a0615
[2m2025-08-10T21:53:48.175999Z[0m [32m INFO[0m [2misotope::automation::vm::manager[0m[2m:[0m Starting VM: isotope-vm-eb5a0615
[2m2025-08-10T21:53:48.176161Z[0m [32m INFO[0m [2misotope::automation::vm::providers::virtualbox[0m[2m:[0m Starting VirtualBox VM: isotope-vm-eb5a0615
[2m2025-08-10T21:53:56.483564Z[0m [32m INFO[0m [2misotope::automation::puppet[0m[2m:[0m Executing puppet instructions for stage: OsInstall
[2m2025-08-10T21:53:56.484858Z[0m [32m INFO[0m [2misotope::automation::puppet[0m[2m:[0m Executing instruction 1/67 (step 1): Wait { duration: "2m", condition: Some("Ubuntu Server") }
[2m2025-08-10T21:53:57.003688Z[0m [32m INFO[0m [2misotope::automation::ocr[0m[2m:[0m OCR SUCCESS with 10s timeout (180ms): 'Ve Virtua Box ORACLE Press F12 to select boot puice'
[2m2025-08-10T21:53:57.004371Z[0m [32m INFO[0m [2misotope::automation::puppet[0m[2m:[0m Debug screenshot captured: C:\Users\redst\OneDrive\Documents\GitHub\Isotope\debug-steps\pre-1-1754862836.png
[2m2025-08-10T21:53:57.004558Z[0m [32m INFO[0m [2misotope::automation::puppet[0m[2m:[0m Waiting up to 2m for condition: Ubuntu Server
[2m2025-08-10T21:53:57.004662Z[0m [32m INFO[0m [2misotope::automation::puppet[0m[2m:[0m Waiting for screen text 'Ubuntu Server' on VM isotope-vm-eb5a0615
[2m2025-08-10T21:53:57.514447Z[0m [32m INFO[0m [2misotope::automation::ocr[0m[2m:[0m OCR SUCCESS with 10s timeout (175ms): 'Ve Virtua Box ORACLE Press F12 to select boot puice'
[2m2025-08-10T21:54:00.120242Z[0m [32m INFO[0m [2misotope::automation::ocr[0m[2m:[0m OCR SUCCESS with 10s timeout (268ms): 'GNU GRIR version 2.06 *Try or Install Ubuntu Server Ubuntu Server With the HWF kernel Test memory Use the Press enter to boot the selected os, afry is highlighted to edit the commands The highlighted entru will be executed automatically in 30s and befnrr booting or c for a command-line Keus to select which entry'
[2m2025-08-10T21:54:00.121789Z[0m [32m INFO[0m [2misotope::automation::puppet[0m[2m:[0m Condition 'Ubuntu Server' met successfully
[2m2025-08-10T21:54:00.717449Z[0m [32m INFO[0m [2misotope::automation::ocr[0m[2m:[0m OCR SUCCESS with 10s timeout (258ms): 'GNU GRIR version 2.06 *Try or Install Ubuntu Server Ubuntu Server With the HWF kernel Test memory Use the Press enter to boot the selected os, afry is highlighted to edit the commands The highlighted entru will be executed automaticallu in 299 and befnrr booting or c for a command-line keys to select which entry'
[2m2025-08-10T21:54:00.719280Z[0m [32m INFO[0m [2misotope::automation::puppet[0m[2m:[0m Debug screenshot captured: C:\Users\redst\OneDrive\Documents\GitHub\Isotope\debug-steps\notice-1-1754862840.png
[2m2025-08-10T21:54:01.318819Z[0m [32m INFO[0m [2misotope::automation::ocr[0m[2m:[0m OCR SUCCESS with 10s timeout (263ms): 'GNU GRIR version 2.06 *Try or Install Ubuntu Server Ubuntu Server With the HWF kernel Test memory Use the Press enter to boot the selected os, afry is highlighted to edit the commands The highlighted entru will be executed automaticallu in 299 and befnrr booting or c for a command-line keys to select which entry'
[2m2025-08-10T21:54:01.319903Z[0m [32m INFO[0m [2misotope::automation::puppet[0m[2m:[0m Debug screenshot captured: C:\Users\redst\OneDrive\Documents\GitHub\Isotope\debug-steps\post-1-1754862841.png
[2m2025-08-10T21:54:01.320100Z[0m [32m INFO[0m [2misotope::automation::puppet[0m[2m:[0m Executing instruction 2/67 (step 2): Press { key: "enter", repeat: None, modifiers: None }
[2m2025-08-10T21:54:01.945340Z[0m [32m INFO[0m [2misotope::automation::ocr[0m[2m:[0m OCR SUCCESS with 10s timeout (288ms): 'GNU GRIR version 2.06 *Try or Install Ubuntu Server Ubuntu Server With the HWF kernel Test memory Use the Press enter to boot the selected os, afry is highlighted to edit the commands The highlighted entru will be executed automatically in 28s and befnrr booting or c for a command-line keys to select which entry'
[2m2025-08-10T21:54:01.947208Z[0m [32m INFO[0m [2misotope::automation::puppet[0m[2m:[0m Debug screenshot captured: C:\Users\redst\OneDrive\Documents\GitHub\Isotope\debug-steps\pre-2-1754862841.png
[2m2025-08-10T21:54:02.388185Z[0m [32m INFO[0m [2misotope::automation::puppet[0m[2m:[0m Debug screenshot captured: C:\Users\redst\OneDrive\Documents\GitHub\Isotope\debug-steps\post-2-1754862842.png
[2m2025-08-10T21:54:02.389657Z[0m [32m INFO[0m [2misotope::automation::puppet[0m[2m:[0m Executing instruction 3/67 (step 3): Wait { duration: "10s", condition: None }
[2m2025-08-10T21:54:02.726469Z[0m [32m INFO[0m [2misotope::automation::puppet[0m[2m:[0m Debug screenshot captured: C:\Users\redst\OneDrive\Documents\GitHub\Isotope\debug-steps\pre-3-1754862842.png
[2m2025-08-10T21:54:02.727863Z[0m [32m INFO[0m [2misotope::automation::puppet[0m[2m:[0m Waiting for 10s
[2m2025-08-10T21:54:14.302785Z[0m [32m INFO[0m [2misotope::automation::ocr[0m[2m:[0m OCR SUCCESS with 10s timeout (1211ms): '2.739018] ta17: SATA maX UDMA/133 abar m819200xf0804000 bort 0xf0804800 ird 21 2.739136] ata]8: SATA MaX UDMA 133 abar m819200xf0804000 bort 0xf0804880 ird 21 2.7392571 ata19: SATA max UDMA 133 abar m19200xf0804000 bort 0xf0804900 iro 21 2.7393691 ata20: SATA maX UDMA 133 abar m81920xf0804000 bort 0xf0804980 ird 21 2.739477] ata?1: SATA max UDMA 133 abar m819200xf0804000 bort 0xf0804a00 ird 21 2.739580] ata22: SATA maX UDMA 133 abar m819200xf0804000 bort 0xf0804a80 ird 21 2.739683] ata23: SATA maX UDMA 133 abar m81920xf0804000 bort 0xf0804h00 ird 21 2.7397861 ata24: SATA max UDMA 133 abar m819200xf0804000 bort 0xf0804h80 ird 21 2.7398911 ata25: SATA max UDMA/133 abar m819200xf0804000 bort 0xf0804c00 iro 21 2.739995] ata2h: SATA Max UDMA 133 abar m?19200xf0804000 bort 0xf0804r80 iro 21 2.7400991 ata2?: SATA max UDMA/133 abar m819200xf0804000 bort 0xf0804100 iro 21 2.740210] ata28: SATA MaX UDMA /133 abar m819200xf0804000 bort Oxf0804180 ird 21 2.740315] ata?9: SATA max UDMA 133 abar m819200xf0804000 bort 0xf0804?00 iro 21 2.7404191 ata30: SATA maX UDMA 133 abar m81920xf0804000 bort Oxf0804e80 ird 21 2.7405321 ata31: SATA MaX UDMA 133 abar 819200Xf0804000 bort 0xf0804f00 ir0 21 2.7406371 ata32: SATA max UDMA 133 abar m81920xf0804000 port Oxf0804f80 ird 21 2.826504] input: ImExPS/2 Generic Explorer Mouse as devices/blatform 18042/seri01 input/input5 3.0563041 ata3: SATA link up 3.0 Gbps (SStatus 123 scontrol 300) 3.056927] ata3.00: ATA 6: UBOX HARDDISK. 1.0, max UDMA 133 3.057083] ata3.00: 41943040 sectors, mlti 128: LBA48 NCO (depth 32) 3.057872.1 ata3.00: confiqured for UDMA 133 3.0581651 SC$i 2:0:0:0: Direct ACCPSS ATA UBOX HARDDISK 10 PO: 0 ANST: 3.0587461 $d 2:0:0:0: [sda] 41943040 512-byte logical blocks: (21.5 GR 20.0 GiR) 3.058874] $d 2:0:0:0: [sda] Write Protect is off 3.058999] $d 2:0:0:0: [sda] Write cache: enabled. read cach: enahled, doesn' t support DPO or FUA 3.059127] Sd 2:0:0:0: Attached scsi generic sgl tupe 0 3.061271] $d 2:0:0:0: [sda] Attached SCSl disk 3.076605] e1000 0000:00:03.0 eth0: (PCT:33MHz:32-bit) 08:00:27:e3:ce:d0 3.076777] ?1000 0000:00:03.0 eth: Intel(R) PRO 1000 Network Comnection 3.372822] atas: SATA link doun (SStatus 0 Scontrnl 300) 3.692188] ata5: SATA link down (SStatus O Scontrnl 300] 4.202230] atah: SATA link down (SStatus 0 Scontrnl 300] 4.530461] ata?: SATA link down (SStatus O Scontrnl 300) 4.846055] ata?: SATA link down (SStatus 0 Scontrn] 300) 5.168274] ata9: SATA link down (SStatus 0 Scontrnl 300; 5.4858861 ata10: SATA link down (SStatus 0 SContrnl 300; 5.8228951 atall: SATA link down (SStatus 0 SControl 300) 61391511 atal?: SATA link down (SStatus 0 Scontrol 300; 6.4668291 ata]3: SATA link down (SStatus 0 Scontrol 300; 6.786846] atal4: SATA link down (SStatls 0 Scontrol 300) ? 1112467 atal5: SATA link down (SStatus 0 SControl 300} 7.434696] ataif: SATA link down (SStatus 0 Scontrol 300; 7.7469371 atal?: SATA link down (SStatus 0 Scontrol 300; 8.0582601 atal?: SATA link down (SStatus O Scontrol 300; 8.3713051 ata19: SATA link down (SStatus O scontrol 300; 8 7269231 ata?0: SATA link down (SStatus o Scontrol 300; 9.039127] ata?1: SATA link down (SStatus 0 Scontrol 300;'
[2m2025-08-10T21:54:14.304711Z[0m [32m INFO[0m [2misotope::automation::puppet[0m[2m:[0m Debug screenshot captured: C:\Users\redst\OneDrive\Documents\GitHub\Isotope\debug-steps\post-3-1754862853.png
[2m2025-08-10T21:54:14.304971Z[0m [32m INFO[0m [2misotope::automation::puppet[0m[2m:[0m Executing instruction 4/67 (step 4): Wait { duration: "90s", condition: Some("Welcome!") }
[2m2025-08-10T21:54:15.889882Z[0m [32m INFO[0m [2misotope::automation::ocr[0m[2m:[0m OCR SUCCESS with 10s timeout (1223ms): '2.739477] ata21: SATA max UDMA/133 abar m819200xf0804000 bort Oxf0804a00 ird 21 2.7395801 ata22: SATA max UDMA 133 abar m81920xf0804000 bort 0xfo804a80 ird 21 2.7396831 ata23: SATA maX UDMA 133 abar m81920xf0804000 bort 0xf0804h00 ird 21 2.739?861 ata24: SATA m?X UDMA 133 abar m?19200xf0804000 bort 0xf0804h80 ird 21 2.7398911 ata25: SATA maX UDMA 133 abar m819200xf0804000 bort 0xf0804c00 iro 21 2.739995] ata2h: SATA max UDMA 133 abar m819200xf0804000 bort 0xf0804c80 iro 21 2.7400991 ata2?: SATA max UDMA 133 abar m819200xf0804000 bort 0xf0804100 ird 21 2.740210] ata28: SATA maX UDMA 133 abar m819200xf0804000 bort 0xf0804180 iro 21 2.7403151 ata29: SATA max UDMA 133 abar m819200xf0804000 bort 0xf0804200 ird 21 2.7404191 ata30: SATA MaX UDMA 133 abar m819200xf0804000 bort 0xf0804?80 ird 21 2.7405321 ata31: SATA max UDMA 133 abar m819200xf0804000 bort 0xf0804f00 iro 21 2.74063?] ata32: SATA MaX UDMA 133 abar 819200Xf0804000 port 0xf0804f80 ir0 21 2.8265041 input: ImExPS/2 Gener ic Explorer Mouse as devices blatform i8042/serio1input/input5 3.0563041 ata3: SATA link up 3.0 Gbps (SStatus 123 scontrol 300) 3.056927] ata3.00: ATA 6: UBOX HARDDISK 1.0, max UDMA 133 3.0570831 ata3.00: 41943040 sectors, mlti 128: LRA48 NCO (depth 32) 3.057872.1 ata3.00: confiqured for UDMA 133 3.0581651 SCSi 2:0:0:0: Direct ACCPSS ATA UBOX HARDDISK 10 PO: 0 ANST: 3.0587461 $d 2:0:0:0: [sda] 41943040 512-byte logical blocks: (21.5 GR 20.0 GiR) 3.058874] $d 2:0:0:0: [sda] Write Protect is off 3.058999] $d 2:0:0:0: [sda] Write cache: enabled. read cach: enahled, doesn' t support DPO or FUA 3.059127] Sd 2:0:0:0: Attached scsi generic sgl tupe 0 3.061271] $d 2:0:0:0: [sda] Attached SCSl disk 3.076605] e1000 0000:00:03.0 eth0: (PCT:33MHz:32-bit) 08:00:27:e3:ce:d0 3.076777] ?1000 0000:00:03.0 eth: Intel(R) PRO 1000 Network Comnection 3.372822] atas: SATA link doun (SStatus 0 Scontrnl 300) 3.692188] ata5: SATA link down (SStatus O Scontrnl 300] 4.202230] atah: SATA link down (SStatus 0 Scontrnl 300] 4.530461] ata?: SATA link down (SStatus O Scontrnl 300) 4.846055] ata?: SATA link down (SStatus 0 Scontrn] 300] 5.1682741 ata9: SATA link down (SStatus o scontro] 300; 5.4858861 ata10: SATA link down (SStatus 0 SControl 300) 5.8228951 atall: SATA link down (SStatus 0 SControl 300) 6.1391511 atal?: SATA link down (SStatus 0 Scontrol 300) 6 466829] ata]3: SATA link down (SStatus 0 scontrol 300) 6.786846] ata14: SATA link down (SStats 0 scontrol 300) 2.111246] ata15: SATA link doun (SStatus 0 Scontrol 300) 7.434696] ata1h: SATA link down (SStatus 0 Scontrol 300; 7.74693?] atal?: SATA link down (SStatus 0 Scontrol 300; 8.058260] ata18: SATA link down (SStatus O SControl 300; 8.3713051 ata19: SATA link down (SStatus 0 Scontrol 300; 8.7269231 ata20: SATA link down (SStatus 0 Scontrol 300* 9.0391271 ata?1: SATA link doun (SStatus 0 Scontrol 300; 9.506169] ata22: SATA link down (SStats 0 Scontrol 300; 9.822984] ata23: SATA link down (SStatus 0 scontrol 300; 10.1395811 at?24: SATA link down (SStatus 0 Scontrol 300; 10.465919] ata25: SATA link down (SStatus 0 scontro]l 300;'
[2m2025-08-10T21:54:15.891996Z[0m [32m INFO[0m [2misotope::automation::puppet[0m[2m:[0m Debug screenshot captured: C:\Users\redst\OneDrive\Documents\GitHub\Isotope\debug-steps\pre-4-1754862854.png
[2m2025-08-10T21:54:15.892248Z[0m [32m INFO[0m [2misotope::automation::puppet[0m[2m:[0m Waiting up to 90s for condition: Welcome!
[2m2025-08-10T21:54:15.892373Z[0m [32m INFO[0m [2misotope::automation::puppet[0m[2m:[0m Waiting for screen text 'Welcome!' on VM isotope-vm-eb5a0615
[2m2025-08-10T21:54:17.423941Z[0m [32m INFO[0m [2misotope::automation::ocr[0m[2m:[0m OCR SUCCESS with 10s timeout (1175ms): '2.7398911 ata25: SATA max UDMA/133 abar m819200xf0804000 bort Oxf0804?00 iro 21 2.739995] ata26: SATA max UDMA 133 abar m819200xf0804000 bort Oxfo804r80 ird 21 2.7400991 ata2?: SATA maX UDMA 133 abar m?192?0xf0804000 bort 0xf0804100 iro 21 2.740210] ata28: SATA maX UDMA 133 abar m819200xf0804000 bort 0xf0804180 iro 21 2.740315] ata29: SATA Max UDMA/133 abar m819200xf0804000 bort 0xf0804600 iro 21 2.7404191 ata30: SATA maX UDMA/133 abar m819200xf0804000 bort 0xf0804e80 iro 21 2.7405321 ata31: SATA MaX UDMA 133 abar m819200xf0804000 bort 0xf0804f00 iro 21 2.74063?1 ata3?: SATA M?X UDMA 133 abar m819200xf0804000 bort Oxf0804f80 ira 21 2.826504] input: ImExPS/2 Generic Explorer Mouse as devices olatform i8042/serio1input input5 3.056304] ata3: SATA link up 3.0 Gbps (SStatus 123 scontrn] 300) 3.0569271 ata3.00: ATA 6: UBOX HARDDISK. 1.0, max UDMA 133 3.0570831 ata3.00: 41943040 sectors, mlti 128: LRA48 NCO (depth 32) 3.057872.1 ata3.00: confiqured for UDMA 133 3.0581651 SCSi 2:0:0:0: Direct ACCPSS ATA UBOX HARDDISK 10 PO: 0 ANST: 3.058746] $d 2:0:0:0: [sda] 41943040 512- byte logical blocks: (21.5 GR 20.0 GiR) 3.058874] $d 2:0:0:0: [sda] Write Protect is off 3.058999] $d 2:0:0:0: [sda] Write cache: enabled rea cache: enahled, doesn' t support DPO or FUA 3.059127] Sd 2:0:0:0: Attached scsi generic sgl tupe O 3.061271] $d 2:0:0:0: [sda] Attached SCSl disk 3.076605] e1000 0000:00:03.0 eth0: (PCT:33MHz:32-bit) 08:00:27:e3:ce:d0 3.076777] ?1000 0000:00:03.0 eth: Intel(R) PRO 1000 Network Comnection 3.372822] atas: SATA link doun (SStatus 0 Scontrnl 300) 3.692188] ata5: SATA link down (SStatus O Scontrnl 300] 4.202230] atah: SATA link down (SStatus 0 Scontrnl 300] 4.530461] ata?: SATA link down (SStatus O Scontrnl 300) 4.846055] ata?: SATA link down (SStatus 0 Scontrn] 300] 5.1682741 ata9: SATA link down (SStatus o scontro] 300; 5.4858861 ata10: SATA link down (SStatus 0 SControl 300) 5.8228951 atall: SATA link down (SStatus 0 SControl 300) 6 1391511 ata]?: SATA link doun (sstatus 0 scontrol 300) 6 466829] ata]3: SATA link down (SStatus 0 scontrol 300) 6.786846] ata14: SATA link down (SStats 0 scontrol 300) ? 111246] ata15: SATA link doun (SStatus 0 scontrol 300) 7.434696] ata16: SATA link down (sstatus 0 scontrol 300) 7.74693?] atal?: SATA link down (SStatus 0 Scontrol 300; 8.058260] ata18: SATA link down (SStatus O SControl 300; 8.3713051 ata19: SATA link down (SStatus O SControl 300; 8.7269231 ata20: SATA link down (SStatus 0 Scontrol 300; 9.039127] ata?1: SATA link doun (SStatus 0 Scontrol 300; 9.506169] ata22: SATA link down (SStatus 0 SControl 300; 9.8229841 ata?3: SATA link doun (SStatus 0 scontrol 300) 10.1395811 ata24: SATA link down (SStatus 0 Scontrol 300; 10.4659191 ata25: SATA link down (SStatus 0 Scontrol 300; 10.9706521 ata26: SATA link down (SStatus  SControl 300; 11.2959791 ata2?: SATA link down (SStatus 0 scontrol 300; 11.6198181 ata?8: SATA Link down (SStatus 0 SControl 300; 11.93593?1 ata?9: SATA link down (SStatus 0 scontro] 300;'
[2m2025-08-10T21:54:20.847284Z[0m [32m INFO[0m [2misotope::automation::ocr[0m[2m:[0m OCR SUCCESS with 10s timeout (1064ms): '2.7403151 ata29: SATA maX UDMA/133 abar m819200xf0804000 port 0xf0804200 ird 21 2.7404191 ata30: SATA maX UDMA/133 abar 1819200xf0804000 port 0xf0804e80 irg 21 2.740532] ata?1: SATA maX UDMA/133 aba m819200xf0804000 port 0Xf0804+00 irn 21 2.740637 ata32: SATA maX UDMA/133 abar m819200xf0804000 port 0xf0804+80 irn 21 2.6265041 input: ImExPS/2 Generic Explorer Mouse as /devices/platform/ 18042/serio1/int input5 3.0563041 ata3: SATA link up 3.0 Gbps (SStatus 123 Scontrol 300) 3.056927] ata3.00: ATA-6: VBOX HARDDISK 1.0 maX UDMA/133 3.057083] ata3.00: 41943040 sectors, multi 128: LBA4A NCO (depth 32) 3.057872] ata3.00: configured for UDMA/139 3.0581651 SCSi 2:0:0:0: Direct ACCeSS ATA VBOX HARDDTSK 1.0 PO: 0 ANST: 5 3.058746] Sd 2:0:0:0: [sda] 41943040 512-bute logical blocks: (21.5 GB/20.0 G18) 3.0588741 Sd 2:0:0:0: [sda] Write Protect is Off 3.058999] s 2:0:0:0: [sda] Write cache: enahled read cach: enabled doesh' support DPO O FUA 3.059127] S 2:0:0:0: Attached scsi generic sg1 type 3.061271] Sd 2:0:0:0: [sda] Attached SCSI isk 3.076605 ?1000 0000:00:03.0 etho: (PCI:33MH2:32-bit) 08:00:27:P:ce:0 3.076777] 21000 0000:00:03.0 eth0: Intel(R) PR0/1000 Netuork Connection] 3.372822] ata: SATA link doun (SStatus o scontrol 300) 3.692188] ata5: SATA link own (SStatus 0 Scontro] 300) 4.202230] ata6: SATA link own (Sstatus 0 Scontrol 300) 4.530461] ata7: SATA link down (SStatus 0 Scontrol 300) 846055] ataB: SATA link doun (SStatus 0 Scontro] 300) 5.168274] ata9: SATA link down (SStatus o Scontrol 300) 5.485886] ata10: SATA link down (SStatuS 0 Scontrn] 300; 5.A22895] ata11: SATA link doun (SStatus 0 scontrn] 300) 6.139151] ata12: SATA link oun (SStatus0 scontrn] 300; 6.466829] ata13: SATA link doun (SStatus o scontrn] 300; 6.786846] atal4: SATA link doun (SStat5 0 scontrn] 300; 7.111246] ata15: SATA link down (SStatus0 scontrnl 300; 7.434696] ata1: SATA link own (SStatus0 scontrn] 300; 7.746937] ata17: SATA link down (SStatus 0 Scontrn] 300) 8.0582601 ata18: SATA link down (SStatus 0 scontro] 300; 8.371305] ata19: SATA link doun (SStatus 0 scontrn] 00; 8.726923] ata20: SATA link down (SStatus 0 Scontrn] 300; 9.039127] ata21: SATA link oun (SStatus 0 Scontrn] 300; 9.506169] ata22: SATA link oun (SStatus 0 scontrn] 300; 9.8229841 ata23: SATA link doun (SStatus 0 Scontrnl 300; [ 10.139581] ata4: SATA link down (SStatus 0 Scontrn] 300) [ 10.465919] ata25: SATA link down (SStats 0 Scontrn] 300) 10.9706521 ata26: SATA link own (SStatus 0 Scontrn] 300; 11.2959791 ata27: SATA link own (SStatus 0 Scontrn] 300; [ 11.619818] ata28: SATA link oun (SStatus 0 Scontrn] 300) 11.935937] ata29: SATA link own (SStats 0 Scontrn] 300; [ 12.295577] ata30: SATA link oun (SStatus 0 scontrn] 300; [ 12.616710] ata31: SATA link doun (SStatus 0 Scontrn] 300; [ 13.030172] ata32: SATA link doun (SStatus o scontrol 300) 13.076247] 21000 0000:00:03.0 enpos3: renamed from etho Begin: Loading essential drivers'
[2m2025-08-10T21:54:35.779071Z[0m [32m INFO[0m [2misotope::automation::ocr[0m[2m:[0m OCR SUCCESS with 10s timeout (774ms): 'I DK I DK I OK I DK I DK I DK I OK I DK I DK I OK I OK I DK I OK I DK I DK istening on rlnud-init hotplug hook socket istening on D-Bus Sustem Message Bus Socket. istening on Open-iScSI iscsid Socket Startine Socket act ivation for shappy daemon. istening on UUID aemon activation socket Reached target Preparation for Remote Fil Systems Reached target Remote File Systems Finishe Availabilitu of block devices. istening on Socket activation for sappy daemon. Reached target Socket Units Reached target Basic System. Starting LSB: automatic crash report generation. Started Regular backeround program processing daemon Started D-Bus System Message Bus, Started Save initial kernel messages after boot. Startin Remove Stale Onlin ext4 Metadata Check Snapshots.. Reached target Login Prompts Started irgbalance daemon start ing Dispatcher daemn for sustemd-hetworkd.. Starting Authorizat ion Manager Starting Pollinate to seed the pseudo random numher generator Starting Sustem Logging Service Reached target Preparation for Logins Starting Wait until snapd is fullu Seeded Starting Snap Daemon. Starting User Login Management Starting Permit User Sessions. Starting Disk Manager Finished Permit User Sessions. Started Sustem Logging Service starting Hold until boot process finishes up. Starting Terminate Plymouth Boot Screen. Starting Hostname Servicp Finished Hold until boot process finishes up starting Set console scheme Started LSB: automatic crash report generation Finishe Terminate Plymouth Boot Screen. Finished Set console Scheme Started Hostname Service started User Login Management Started Unattended Upgrades Shutdolin. Started Dispatcher daemon for sustemd-netunrkd Started Authorization Manager Starting Modem Manager Started Modem Manager Started Disk Manager Finished Remove Stale Online ext4 Metadata Check Snapshots. IOK I DK I OK I DK I DK I DK I OK I OK I OK I DK I DK I OK I OK I DK I DK'
[2m2025-08-10T21:54:38.963892Z[0m [32m INFO[0m [2misotope::automation::ocr[0m[2m:[0m OCR SUCCESS with 10s timeout (827ms): 'Startine Socket act ivation for shappy daemon. istening on UUID aemon activation socket Reached target Preparation for Remnt File Systems Reached target Remote File Sustems Finished Availabilitu of block devices. istening on Socket activation for sappy daemon. Reached target Socket Units Reached target Basic System. Starting LSB: automatic crash report generation. Started Regular backeround program processing daemon Started D-Bus System Message Bus, Started Save initial kernel messages after boot Startina Remove Stale Onlin ext4 Metadata Check Snapshots.. Reached target Login Prompts Started irgbalance daemon. start ing Dispatcher daemon for sustemd-hetuorkd.. Starting Authorizat ion Manager Starting Pollinate to seed the pseudo random numher generator Startine Sustem Logging Service Reached target Preparation for Logins Starting Wait until snapd is fully seeded Starting Snap Daemon. starting User Login Management.. Starting Permit User Sessions, Starting Disk Manager Finished Permit User Sessions. started System Logging Service. Starting Hold until boot process finishes up. Starting Terminate Plymouth Boot Screen. Starting Hostname Service Finished Hold until boot procesS finishes up Starting Set console scheme Started LSB: automat ic Crash report generatinn Finishe Terminate Plymouth Boot Screen. Finished Set console Scheme Started Hostname Service Started User Login Management Started Unattended Upgrades Shutdoln. Started Dispatcher daemon for sustemd-netunrkd Started Authnrization Manager Starting Modem Manager Started Modem Manager Started Disk Manager Finished Remove Stale Online ext4 Metadata Check Snapshots. Finished Pollinate to seed the pseudo random numher genrator, Starting OpenBSD Secure Shell server started openBSD secure Shell server I OK I DK I DK I DK I DK I DK IDK I DK I DK I OK I DK I OK I OK I DK I OK I DK I DK I DK I OK I OK I DK I DK I DK I OK I DK I DK I DK I DK I DK'
[2m2025-08-10T21:54:42.124860Z[0m [32m INFO[0m [2misotope::automation::ocr[0m[2m:[0m OCR SUCCESS with 10s timeout (806ms): 'I OK I OK I DK I OK I DK I DK I DK I DK I OK I OK Finished Availability of block devices, istening on Socket activat inn fo shappy ddaemon Reached target Socket Units Reached target Basic Sustem. Starting LSB: automatic crash report generation. Started Regular background program processing daemon Started D-Bus System Message Bus, Started Save initial kernel messages after boot. Starting Remove Stale Online ext4 Metadata Check Snapshots. Reached target Login Prompts Started irgbalance daemon start ing Dispatcher daemon for sustemd-hetuorkd.. Starting Authorization Manager Starting Pollinate to seed the pseudo random numher generator Starting Sustem Logging Service Reached target Preparation for Logins Starting Wajt until snapd is fully seeded Starting Snap Daemon. starting User Login Management.. Starting Permit User Sessions, Starting Disk Manager Finished Permit User Sessions. started System Logging Service. Starting Hold until boot process finishes up. Starting Terminate Plymouth Boot Screen. Starting Hostname Service Finished Hold until boot procesS finishes up Starting Set console scheme Started LSB: automat ic Crash report generation Finishe Terminate Plymouth Boot Screen. Finished Set console Scheme Started Hostname Service started User Login Management Started Unattended Upgrades Shutdoln. Started Dispatcher daemon for sustemd-netunrkd Started Authorization Manager Starting Modem Manager Started Modem Manager Started Disk Manager Finished Remove Stale Online ext4 Metadata Check Snapshots. Finished Pollinate to seed the pseudo random numher generator Starting OpenBsD Secure Shell server started openBSD secure Shell Server Started Snap Daemon. start ing Holds Snappy daemon refresh. Finished Holds shappy daemon refresh. Started shap.1xd.hook install-d2e03908-8e52-4705-bbed-49252c0147b6.Scope I DK I OK I DK I DK I DK I OK I OK I DK I DK I DK I DK I DK I DK I DK I OK I OK I DK I OK I DK'
[2m2025-08-10T21:54:44.729382Z[0m [32m INFO[0m [2misotope::automation::ocr[0m[2m:[0m OCR SUCCESS with 10s timeout (244ms): 'I OK I OK Ubuntu 22.04.5 LTS ubuntu-server ttyl Started Service for shap application subiguity.subiqguity-service. Started Service for snap application subiguity.subiguitu-server Starting Time & Date Service'
[2m2025-08-10T21:54:47.346006Z[0m [32m INFO[0m [2misotope::automation::ocr[0m[2m:[0m OCR SUCCESS with 10s timeout (254ms): 'I OK I OK Ubuntu 22.04.5 LTS ubuntu-server ttyl Started Service for shad app] ication subiguity.subiqguity-service. Started Service for snap application subiguity.subiguitu-server Starting Time & Date Service'
[2m2025-08-10T21:54:49.974370Z[0m [32m INFO[0m [2misotope::automation::ocr[0m[2m:[0m OCR SUCCESS with 10s timeout (274ms): 'I OK I OK Ubuntu 22.04.5 LTS ubuntu-server ttyl rannecting waiting for Cloud-init. Started Service for shap application subiguity.subiguity-service. Started Service for snap application subiguity.subiguitu-server Starting Time & Date Service'
[2m2025-08-10T21:54:52.619782Z[0m [32m INFO[0m [2misotope::automation::ocr[0m[2m:[0m OCR SUCCESS with 10s timeout (292ms): 'Willkommen! Bienvenue! Welcome! o?p noxaa elkom! UsP UP, DOWN and ENTER Keys to select uour language. Asturianu Bahasa Indonesia Catal? Deutsch English English (UK) Esna?n 1 Francais Galego Hrvatski Latviski Lietuviskai Magyar Neder lands Norsk bokm?l Occitan Polsk i Portugu?s Suomi Svenska ?est ina EA?nULKO 6enapuckag PUCCK?W Cpncku Ykpa??cbka Help'
[2m2025-08-10T21:54:52.620579Z[0m [32m INFO[0m [2misotope::automation::puppet[0m[2m:[0m Condition 'Welcome!' met successfully
[2m2025-08-10T21:54:53.288248Z[0m [32m INFO[0m [2misotope::automation::ocr[0m[2m:[0m OCR SUCCESS with 10s timeout (314ms): 'Willkommen! Bienvenue! Welcome! o?p noxaa elkom! UsP UP, DOWN and ENTER Keys to select uour language. Asturianu Bahasa Indonesia Catal? Deutsch English English (UK) Esna?n 1 Francais Galego Hrvatski Latviski Lietuviskai Magyar Neder lands Norsk bokm?l Occitan Polsk i Portugu?s Suomi Svenska ?est ina EA?nULKO 6enapuckag PUCCK?W Cpncku Ykpa??cbka Help'
[2m2025-08-10T21:54:53.289379Z[0m [32m INFO[0m [2misotope::automation::puppet[0m[2m:[0m Debug screenshot captured: C:\Users\redst\OneDrive\Documents\GitHub\Isotope\debug-steps\notice-4-1754862892.png
[2m2025-08-10T21:54:53.941389Z[0m [32m INFO[0m [2misotope::automation::ocr[0m[2m:[0m OCR SUCCESS with 10s timeout (295ms): 'Willkommen! Bienvenue! Welcome! o?p noxaa elkom! UsP UP, DOWN and ENTER Keys to select uour language. Asturianu Bahasa Indonesia Catal? Deutsch English English (UK) Esna?n 1 Francais Galego Hrvatski Latviski Lietuviskai Magyar Neder lands Norsk bokm?l Occitan Polsk i Portugu?s Suomi Svenska ?est ina EA?nULKO 6enapuckag PUCCK?W Cpncku Ykpa??cbka Help'
[2m2025-08-10T21:54:53.946849Z[0m [32m INFO[0m [2misotope::automation::puppet[0m[2m:[0m Debug screenshot captured: C:\Users\redst\OneDrive\Documents\GitHub\Isotope\debug-steps\post-4-1754862893.png
[2m2025-08-10T21:54:53.947130Z[0m [32m INFO[0m [2misotope::automation::puppet[0m[2m:[0m Executing instruction 5/67 (step 5): Press { key: "enter", repeat: None, modifiers: None }
[2m2025-08-10T21:54:54.634675Z[0m [32m INFO[0m [2misotope::automation::ocr[0m[2m:[0m OCR SUCCESS with 10s timeout (331ms): 'Willkommen! Bienvenue! Welcome! o?p noxaa elkom! UsP UP, DOWN and ENTER Keys to select uour language. Asturianu Bahasa Indonesia Catal? Deutsch English English (UK) Esna?n 1 Francais Galego Hrvatski Latviski Lietuviskai Magyar Neder lands Norsk bokm?l Occitan Polsk i Portugu?s Suomi Svenska ?est ina EA?nULKO 6enapuckag PUCCK?W Cpncku Ykpa??cbka Help'
[2m2025-08-10T21:54:54.636853Z[0m [32m INFO[0m [2misotope::automation::puppet[0m[2m:[0m Debug screenshot captured: C:\Users\redst\OneDrive\Documents\GitHub\Isotope\debug-steps\pre-5-1754862894.png
[2m2025-08-10T21:54:55.455435Z[0m [32m INFO[0m [2misotope::automation::ocr[0m[2m:[0m OCR SUCCESS with 10s timeout (358ms): 'Installer update availahle Version 25.04 of the installer is now available (24.08.1 is currently running) You can read the release nntes for each version at: https:/github.com/canonical/subiquitu/releases If you choose to update. the updat will be dounloaded and the installat ion will cont inue frnm here Help Update to the new installer Cont inue without updating Back'
[2m2025-08-10T21:54:55.457576Z[0m [32m INFO[0m [2misotope::automation::puppet[0m[2m:[0m Debug screenshot captured: C:\Users\redst\OneDrive\Documents\GitHub\Isotope\debug-steps\post-5-1754862895.png
[2m2025-08-10T21:54:55.457822Z[0m [32m INFO[0m [2misotope::automation::puppet[0m[2m:[0m Executing instruction 6/67 (step 6): Wait { duration: "5s", condition: None }
[2m2025-08-10T21:54:56.183896Z[0m [32m INFO[0m [2misotope::automation::ocr[0m[2m:[0m OCR SUCCESS with 10s timeout (371ms): 'Installer update availahle Version 25.04 of the installer is now available (24.08.1 is currently running) You can read the release nntes for each version at: https:/github.com/canonical/subiquitu/releases If you choose to update. the updat will be dounloaded and the installat ion will cont inue frnm here Help Update to the new installer Cont inue without updating Back'
[2m2025-08-10T21:54:56.184491Z[0m [32m INFO[0m [2misotope::automation::puppet[0m[2m:[0m Debug screenshot captured: C:\Users\redst\OneDrive\Documents\GitHub\Isotope\debug-steps\pre-6-1754862895.png
[2m2025-08-10T21:54:56.184689Z[0m [32m INFO[0m [2misotope::automation::puppet[0m[2m:[0m Waiting for 5s
[2m2025-08-10T21:55:01.884994Z[0m [32m INFO[0m [2misotope::automation::ocr[0m[2m:[0m OCR SUCCESS with 10s timeout (346ms): 'Installer update availahle Version 25.04 of the installer is now available (24.08.1 is currently running) You can read the release nntes for each version at: https:/github.com/canonical/subiquitu/releases If you choose to update. the updat will be dounloaded and the installat ion will cont inue frnm here Help Update to the new installer Cont inue without updating Back'
[2m2025-08-10T21:55:01.886862Z[0m [32m INFO[0m [2misotope::automation::puppet[0m[2m:[0m Debug screenshot captured: C:\Users\redst\OneDrive\Documents\GitHub\Isotope\debug-steps\post-6-1754862901.png
[2m2025-08-10T21:55:01.887080Z[0m [32m INFO[0m [2misotope::automation::puppet[0m[2m:[0m Executing instruction 7/67 (step 7): Wait { duration: "10s", condition: Some("Installer update") }
[2m2025-08-10T21:55:02.558817Z[0m [32m INFO[0m [2misotope::automation::ocr[0m[2m:[0m OCR SUCCESS with 10s timeout (318ms): 'Installer update availahle Version 25.04 of the installer is now available (24.08.1 is currently running) You can read the release nntes for each version at: https:/github.com/canonical/subiquitu/releases If you choose to update. the updat will be dounloaded and the installat ion will cont inue frnm here Help Update to the new installer Cont inue without updating Back'
[2m2025-08-10T21:55:02.559884Z[0m [32m INFO[0m [2misotope::automation::puppet[0m[2m:[0m Debug screenshot captured: C:\Users\redst\OneDrive\Documents\GitHub\Isotope\debug-steps\pre-7-1754862902.png
[2m2025-08-10T21:55:02.560103Z[0m [32m INFO[0m [2misotope::automation::puppet[0m[2m:[0m Waiting up to 10s for condition: Installer update
[2m2025-08-10T21:55:02.560226Z[0m [32m INFO[0m [2misotope::automation::puppet[0m[2m:[0m Waiting for screen text 'Installer update' on VM isotope-vm-eb5a0615
[2m2025-08-10T21:55:03.244573Z[0m [32m INFO[0m [2misotope::automation::ocr[0m[2m:[0m OCR SUCCESS with 10s timeout (335ms): 'Installer update availahle Version 25.04 of the installer is now available (24.08.1 is currently running) You can read the release nntes for each version at: https:/github.com/canonical/subiquitu/releases If you choose to update. the updat will be dounloaded and the installat ion will cont inue frnm here Help Update to the new installer Cont inue without updating Back'
[2m2025-08-10T21:55:03.246055Z[0m [32m INFO[0m [2misotope::automation::puppet[0m[2m:[0m Condition 'Installer update' met successfully
[2m2025-08-10T21:55:03.937642Z[0m [32m INFO[0m [2misotope::automation::ocr[0m[2m:[0m OCR SUCCESS with 10s timeout (336ms): 'Installer update availahle Version 25.04 of the installer is now available (24.08.1 is currently running) You can read the release nntes for each version at: https:/github.com/canonical/subiquitu/releases If you choose to update. the updat will be dounloaded and the installat ion will cont inue frnm here Help Update to the new installer Cont inue without updating Back'
[2m2025-08-10T21:55:03.938406Z[0m [32m INFO[0m [2misotope::automation::puppet[0m[2m:[0m Debug screenshot captured: C:\Users\redst\OneDrive\Documents\GitHub\Isotope\debug-steps\notice-7-1754862903.png
[2m2025-08-10T21:55:04.608400Z[0m [32m INFO[0m [2misotope::automation::ocr[0m[2m:[0m OCR SUCCESS with 10s timeout (319ms): 'Installer update availahle Version 25.04 of the installer is now available (24.08.1 is currently running) You can read the release nntes for each version at: https:/github.com/canonical/subiquitu/releases If you choose to update. the updat will be dounloaded and the installat ion will cont inue frnm here Help Update to the new installer Cont inue without updating Back'
[2m2025-08-10T21:55:04.610218Z[0m [32m INFO[0m [2misotope::automation::puppet[0m[2m:[0m Debug screenshot captured: C:\Users\redst\OneDrive\Documents\GitHub\Isotope\debug-steps\post-7-1754862904.png
[2m2025-08-10T21:55:04.610538Z[0m [32m INFO[0m [2misotope::automation::puppet[0m[2m:[0m Executing instruction 8/67 (step 8): Press { key: "enter", repeat: None, modifiers: None }
[2m2025-08-10T21:55:05.371900Z[0m [32m INFO[0m [2misotope::automation::ocr[0m[2m:[0m OCR SUCCESS with 10s timeout (410ms): 'Installer update availahle Version 25.04 of the installer is now available (24.08.1 is currently running) You can read the release nntes for each version at: https:/github.com/canonical/subiquitu/releases If you choose to update. the updat will be dounloaded and the installat ion will cont inue frnm here Help Update to the new installer Cont inue without updating Back'
[2m2025-08-10T21:55:05.373574Z[0m [32m INFO[0m [2misotope::automation::puppet[0m[2m:[0m Debug screenshot captured: C:\Users\redst\OneDrive\Documents\GitHub\Isotope\debug-steps\pre-8-1754862904.png
[2m2025-08-10T21:55:06.079332Z[0m [32m INFO[0m [2misotope::automation::ocr[0m[2m:[0m OCR SUCCESS with 10s timeout (256ms): 'Keuboard conf igurat ion Please select your keyboard layout below, or select "'Identify keyboard" to detect your layout automatically. Help English (US: English (US) ?1 Layout: Variant: Ident ify keyboard Done Back'
[2m2025-08-10T21:55:06.080435Z[0m [32m INFO[0m [2misotope::automation::puppet[0m[2m:[0m Debug screenshot captured: C:\Users\redst\OneDrive\Documents\GitHub\Isotope\debug-steps\post-8-1754862905.png
[2m2025-08-10T21:55:06.080659Z[0m [32m INFO[0m [2misotope::automation::puppet[0m[2m:[0m Executing instruction 9/67 (step 9): Wait { duration: "10s", condition: Some("keyboard layout below") }
[2m2025-08-10T21:55:06.678968Z[0m [32m INFO[0m [2misotope::automation::ocr[0m[2m:[0m OCR SUCCESS with 10s timeout (246ms): 'Keuboard conf igurat ion Please select your keyboard layout below, or select "'Identify keyboard" to detect your layout automatically. Help English (US: English (US) ?1 Layout: Variant: Ident ify keyboard Done Back'
[2m2025-08-10T21:55:06.680088Z[0m [32m INFO[0m [2misotope::automation::puppet[0m[2m:[0m Debug screenshot captured: C:\Users\redst\OneDrive\Documents\GitHub\Isotope\debug-steps\pre-9-1754862906.png
[2m2025-08-10T21:55:06.680295Z[0m [32m INFO[0m [2misotope::automation::puppet[0m[2m:[0m Waiting up to 10s for condition: keyboard layout below
[2m2025-08-10T21:55:06.680484Z[0m [32m INFO[0m [2misotope::automation::puppet[0m[2m:[0m Waiting for screen text 'keyboard layout below' on VM isotope-vm-eb5a0615
[2m2025-08-10T21:55:07.297534Z[0m [32m INFO[0m [2misotope::automation::ocr[0m[2m:[0m OCR SUCCESS with 10s timeout (270ms): 'Keuboard conf igurat ion Please select your keyboard layout below, or select "'Identify keyboard" to detect your layout automatically. Help English (US: English (US) ?1 Layout: Variant: Ident ify keyboard Done Back'
[2m2025-08-10T21:55:07.298980Z[0m [32m INFO[0m [2misotope::automation::puppet[0m[2m:[0m Condition 'keyboard layout below' met successfully
[2m2025-08-10T21:55:07.924569Z[0m [32m INFO[0m [2misotope::automation::ocr[0m[2m:[0m OCR SUCCESS with 10s timeout (273ms): 'Keuboard conf igurat ion Please select your keyboard layout below, or select "'Identify keyboard" to detect your layout automatically. Help English (US: English (US) ?1 Layout: Variant: Ident ify keyboard Done Back'
[2m2025-08-10T21:55:07.928902Z[0m [32m INFO[0m [2misotope::automation::puppet[0m[2m:[0m Debug screenshot captured: C:\Users\redst\OneDrive\Documents\GitHub\Isotope\debug-steps\notice-9-1754862907.png
[2m2025-08-10T21:55:08.547197Z[0m [32m INFO[0m [2misotope::automation::ocr[0m[2m:[0m OCR SUCCESS with 10s timeout (261ms): 'Keuboard conf igurat ion Please select your keyboard layout below, or select "'Identify keyboard" to detect your layout automatically. Help English (US: English (US) ?1 Layout: Variant: Ident ify keyboard Done Back'
[2m2025-08-10T21:55:08.549024Z[0m [32m INFO[0m [2misotope::automation::puppet[0m[2m:[0m Debug screenshot captured: C:\Users\redst\OneDrive\Documents\GitHub\Isotope\debug-steps\post-9-1754862908.png
[2m2025-08-10T21:55:08.549284Z[0m [32m INFO[0m [2misotope::automation::puppet[0m[2m:[0m Executing instruction 10/67 (step 10): Press { key: "enter", repeat: None, modifiers: None }
[2m2025-08-10T21:55:09.160149Z[0m [32m INFO[0m [2misotope::automation::ocr[0m[2m:[0m OCR SUCCESS with 10s timeout (258ms): 'Keuboard conf igurat ion Please select your keyboard layout below, or select "'Identify keyboard" to detect your layout automatically. Help English (US: English (US) ?1 Layout: Variant: Ident ify keyboard Done Back'
[2m2025-08-10T21:55:09.162009Z[0m [32m INFO[0m [2misotope::automation::puppet[0m[2m:[0m Debug screenshot captured: C:\Users\redst\OneDrive\Documents\GitHub\Isotope\debug-steps\pre-10-1754862908.png
[2m2025-08-10T21:55:10.054863Z[0m [32m INFO[0m [2misotope::automation::ocr[0m[2m:[0m OCR SUCCESS with 10s timeout (440ms): 'Choose the tupe of installation Choose the base for the installation. (x) Nbuntu Serve The default install contains a curated set of packages that provide operating your server. () Ubuntu Server (minimized) This versinn has been custnmized to haue a smal runt ime footprint in environments where humans are not exnected to log in. Addit ional opt ions [ 1 Search for third-partu drivers This software is subject to license terms included with its documentat ion. Some is proprietary. Third-party drivers should not be installed on sustems that will be used for FIPS or the rpal-time kernel. Help comfortable exnerience for Done Back'
[2m2025-08-10T21:55:10.056029Z[0m [32m INFO[0m [2misotope::automation::puppet[0m[2m:[0m Debug screenshot captured: C:\Users\redst\OneDrive\Documents\GitHub\Isotope\debug-steps\post-10-1754862909.png
[2m2025-08-10T21:55:10.056292Z[0m [32m INFO[0m [2misotope::automation::puppet[0m[2m:[0m Executing instruction 11/67 (step 11): Wait { duration: "3s", condition: None }
[2m2025-08-10T21:55:10.863865Z[0m [32m INFO[0m [2misotope::automation::ocr[0m[2m:[0m OCR SUCCESS with 10s timeout (455ms): 'Choose the tupe of installation Choose the base for the installation. (x) Nbuntu Serve The default install contains a curated set of packages that provide operating your server. () Ubuntu Server (minimized) This versinn has been custnmized to haue a smal runt ime footprint in environments where humans are not exnected to log in. Addit ional opt ions [ 1 Search for third-partu drivers This software is subject to license terms included with its documentat ion. Some is proprietary. Third-party drivers should not be installed on sustems that will be used for FIPS or the rpal-time kernel. Help comfortable exnerience for Done Back'
[2m2025-08-10T21:55:10.865705Z[0m [32m INFO[0m [2misotope::automation::puppet[0m[2m:[0m Debug screenshot captured: C:\Users\redst\OneDrive\Documents\GitHub\Isotope\debug-steps\pre-11-1754862910.png
[2m2025-08-10T21:55:10.865915Z[0m [32m INFO[0m [2misotope::automation::puppet[0m[2m:[0m Waiting for 3s
[2m2025-08-10T21:55:14.660919Z[0m [32m INFO[0m [2misotope::automation::ocr[0m[2m:[0m OCR SUCCESS with 10s timeout (441ms): 'Choose the tupe of installation Choose the base for the installation. (x) Nbuntu Serve The default install contains a curated set of packages that provide operating your server. () Ubuntu Server (minimized) This versinn has been custnmized to haue a smal runt ime footprint in environments where humans are not exnected to log in. Addit ional opt ions [ 1 Search for third-partu drivers This software is subject to license terms included with its documentat ion. Some is proprietary. Third-party drivers should not be installed on sustems that will be used for FIPS or the rpal-time kernel. Help comfortable exnerience for Done Back'
[2m2025-08-10T21:55:14.662998Z[0m [32m INFO[0m [2misotope::automation::puppet[0m[2m:[0m Debug screenshot captured: C:\Users\redst\OneDrive\Documents\GitHub\Isotope\debug-steps\post-11-1754862914.png
[2m2025-08-10T21:55:14.663326Z[0m [32m INFO[0m [2misotope::automation::puppet[0m[2m:[0m Executing instruction 12/67 (step 12): Wait { duration: "5s", condition: Some("Choose the base for the installation") }
[2m2025-08-10T21:55:15.465088Z[0m [32m INFO[0m [2misotope::automation::ocr[0m[2m:[0m OCR SUCCESS with 10s timeout (447ms): 'Choose the tupe of installation Choose the base for the installation. (x) Nbuntu Serve The default install contains a curated set of packages that provide operating your server. () Ubuntu Server (minimized) This versinn has been custnmized to haue a smal runt ime footprint in environments where humans are not exnected to log in. Addit ional opt ions [ 1 Search for third-partu drivers This software is subject to license terms included with its documentat ion. Some is proprietary. Third-party drivers should not be installed on sustems that will be used for FIPS or the rpal-time kernel. Help comfortable exnerience for Done Back'
[2m2025-08-10T21:55:15.465768Z[0m [32m INFO[0m [2misotope::automation::puppet[0m[2m:[0m Debug screenshot captured: C:\Users\redst\OneDrive\Documents\GitHub\Isotope\debug-steps\pre-12-1754862915.png
[2m2025-08-10T21:55:15.465999Z[0m [32m INFO[0m [2misotope::automation::puppet[0m[2m:[0m Waiting up to 5s for condition: Choose the base for the installation
[2m2025-08-10T21:55:15.466127Z[0m [32m INFO[0m [2misotope::automation::puppet[0m[2m:[0m Waiting for screen text 'Choose the base for the installation' on VM isotope-vm-eb5a0615
[2m2025-08-10T21:55:16.273663Z[0m [32m INFO[0m [2misotope::automation::ocr[0m[2m:[0m OCR SUCCESS with 10s timeout (458ms): 'Choose the tupe of installation Choose the base for the installation. (x) Nbuntu Serve The default install contains a curated set of packages that provide operating your server. () Ubuntu Server (minimized) This versinn has been custnmized to haue a smal runt ime footprint in environments where humans are not exnected to log in. Addit ional opt ions [ 1 Search for third-partu drivers This software is subject to license terms included with its documentat ion. Some is proprietary. Third-party drivers should not be installed on sustems that will be used for FIPS or the rpal-time kernel. Help comfortable exnerience for Done Back'
[2m2025-08-10T21:55:16.275026Z[0m [32m INFO[0m [2misotope::automation::puppet[0m[2m:[0m Condition 'Choose the base for the installation' met successfully
[2m2025-08-10T21:55:17.070152Z[0m [32m INFO[0m [2misotope::automation::ocr[0m[2m:[0m OCR SUCCESS with 10s timeout (442ms): 'Choose the tupe of installation Choose the base for the installation. (x) Nbuntu Serve The default install contains a curated set of packages that provide operating your server. () Ubuntu Server (minimized) This versinn has been custnmized to haue a smal runt ime footprint in environments where humans are not exnected to log in. Addit ional opt ions [ 1 Search for third-partu drivers This software is subject to license terms included with its documentat ion. Some is proprietary. Third-party drivers should not be installed on sustems that will be used for FIPS or the rpal-time kernel. Help comfortable exnerience for Done Back'
[2m2025-08-10T21:55:17.072113Z[0m [32m INFO[0m [2misotope::automation::puppet[0m[2m:[0m Debug screenshot captured: C:\Users\redst\OneDrive\Documents\GitHub\Isotope\debug-steps\notice-12-1754862916.png
[2m2025-08-10T21:55:17.857220Z[0m [32m INFO[0m [2misotope::automation::ocr[0m[2m:[0m OCR SUCCESS with 10s timeout (433ms): 'Choose the tupe of installation Choose the base for the installation. (x) Nbuntu Serve The default install contains a curated set of packages that provide operating your server. () Ubuntu Server (minimized) This versinn has been custnmized to haue a smal runt ime footprint in environments where humans are not exnected to log in. Addit ional opt ions [ 1 Search for third-partu drivers This software is subject to license terms included with its documentat ion. Some is proprietary. Third-party drivers should not be installed on sustems that will be used for FIPS or the rpal-time kernel. Help comfortable exnerience for Done Back'
[2m2025-08-10T21:55:17.859217Z[0m [32m INFO[0m [2misotope::automation::puppet[0m[2m:[0m Debug screenshot captured: C:\Users\redst\OneDrive\Documents\GitHub\Isotope\debug-steps\post-12-1754862917.png
[2m2025-08-10T21:55:17.859488Z[0m [32m INFO[0m [2misotope::automation::puppet[0m[2m:[0m Executing instruction 13/67 (step 13): Press { key: "enter", repeat: None, modifiers: None }
[2m2025-08-10T21:55:18.674499Z[0m [32m INFO[0m [2misotope::automation::ocr[0m[2m:[0m OCR SUCCESS with 10s timeout (464ms): 'Choose the tupe of installation Choose the base for the installation. (x) Nbuntu Serve The default install contains a curated set of packages that provide operating your server. () Ubuntu Server (minimized) This versinn has been custnmized to haue a smal runt ime footprint in environments where humans are not exnected to log in. Addit ional opt ions [ 1 Search for third-partu drivers This software is subject to license terms included with its documentat ion. Some is proprietary. Third-party drivers should not be installed on sustems that will be used for FIPS or the rpal-time kernel. Help comfortable exnerience for Done Back'
[2m2025-08-10T21:55:18.676733Z[0m [32m INFO[0m [2misotope::automation::puppet[0m[2m:[0m Debug screenshot captured: C:\Users\redst\OneDrive\Documents\GitHub\Isotope\debug-steps\pre-13-1754862918.png
[2m2025-08-10T21:55:19.424790Z[0m [32m INFO[0m [2misotope::automation::ocr[0m[2m:[0m OCR SUCCESS with 10s timeout (295ms): 'Network conf igurat ion Conf igure at least one interface this server can use to talk to other machines, and which preferablu provides sufficient access for updates. NAMF TYPF NOTFS enpos3 eth DHCPV4 10.0.2.15/24 08:00:27:e3:ce:d0 Adapter Creat bond Help Intel Corporation 82540EM Gigabit Fthernet Cnntrnl ler (PR0/1000 MT Desktop Done Back'
[2m2025-08-10T21:55:19.426540Z[0m [32m INFO[0m [2misotope::automation::puppet[0m[2m:[0m Debug screenshot captured: C:\Users\redst\OneDrive\Documents\GitHub\Isotope\debug-steps\post-13-1754862919.png
[2m2025-08-10T21:55:19.426774Z[0m [32m INFO[0m [2misotope::automation::puppet[0m[2m:[0m Executing instruction 14/67 (step 14): Wait { duration: "15s", condition: Some("one interface this server can use") }
[2m2025-08-10T21:55:20.067175Z[0m [32m INFO[0m [2misotope::automation::ocr[0m[2m:[0m OCR SUCCESS with 10s timeout (287ms): 'Network conf igurat ion Conf igure at least one interface this server can use to talk to other machines, and which preferablu provides sufficient access for updates. NAMF TYPF NOTFS enpos3 eth DHCPV4 10.0.2.15/24 08:00:27:e3:ce:d0 Adapter Creat bond Help Intel Corporation 82540EM Gigabit Fthernet Cnntrnl ler (PR0/1000 MT Desktop Done Back'
[2m2025-08-10T21:55:20.067772Z[0m [32m INFO[0m [2misotope::automation::puppet[0m[2m:[0m Debug screenshot captured: C:\Users\redst\OneDrive\Documents\GitHub\Isotope\debug-steps\pre-14-1754862919.png
[2m2025-08-10T21:55:20.067959Z[0m [32m INFO[0m [2misotope::automation::puppet[0m[2m:[0m Waiting up to 15s for condition: one interface this server can use
[2m2025-08-10T21:55:20.068041Z[0m [32m INFO[0m [2misotope::automation::puppet[0m[2m:[0m Waiting for screen text 'one interface this server can use' on VM isotope-vm-eb5a0615
[2m2025-08-10T21:55:20.710372Z[0m [32m INFO[0m [2misotope::automation::ocr[0m[2m:[0m OCR SUCCESS with 10s timeout (291ms): 'Network conf igurat ion Conf igure at least one interface this server can use to talk to other machines, and which preferablu provides sufficient access for updates. NAMF TYPF NOTFS enpos3 eth DHCPV4 10.0.2.15/24 08:00:27:e3:ce:d0 Adapter Creat bond Help Intel Corporation 82540EM Gigabit Fthernet Cnntrnl ler (PR0/1000 MT Desktop Done Back'
[2m2025-08-10T21:55:20.711875Z[0m [32m INFO[0m [2misotope::automation::puppet[0m[2m:[0m Condition 'one interface this server can use' met successfully
[2m2025-08-10T21:55:21.349892Z[0m [32m INFO[0m [2misotope::automation::ocr[0m[2m:[0m OCR SUCCESS with 10s timeout (283ms): 'Network conf igurat ion Conf igure at least one interface this server can use to talk to other machines, and which preferablu provides sufficient access for updates. NAMF TYPF NOTFS enpos3 eth DHCPV4 10.0.2.15/24 08:00:27:e3:ce:d0 Adapter Creat bond Help Intel Corporation 82540EM Gigabit Fthernet Cnntrnl ler (PR0/1000 MT Desktop Done Back'
[2m2025-08-10T21:55:21.358103Z[0m [32m INFO[0m [2misotope::automation::puppet[0m[2m:[0m Debug screenshot captured: C:\Users\redst\OneDrive\Documents\GitHub\Isotope\debug-steps\notice-14-1754862921.png
[2m2025-08-10T21:55:22.013376Z[0m [32m INFO[0m [2misotope::automation::ocr[0m[2m:[0m OCR SUCCESS with 10s timeout (300ms): 'Network conf igurat ion Conf igure at least one interface this server can use to talk to other machines, and which preferablu provides sufficient access for updates. NAMF TYPF NOTFS enpos3 eth DHCPV4 10.0.2.15/24 08:00:27:e3:ce:d0 Adapter Creat bond Help Intel Corporation 82540EM Gigabit Fthernet Cnntrnl ler (PR0/1000 MT Desktop Done Back'
[2m2025-08-10T21:55:22.017003Z[0m [32m INFO[0m [2misotope::automation::puppet[0m[2m:[0m Debug screenshot captured: C:\Users\redst\OneDrive\Documents\GitHub\Isotope\debug-steps\post-14-1754862921.png
[2m2025-08-10T21:55:22.020747Z[0m [32m INFO[0m [2misotope::automation::puppet[0m[2m:[0m Executing instruction 15/67 (step 15): Press { key: "enter", repeat: None, modifiers: None }
[2m2025-08-10T21:55:22.682995Z[0m [32m INFO[0m [2misotope::automation::ocr[0m[2m:[0m OCR SUCCESS with 10s timeout (301ms): 'Network conf igurat ion Conf igure at least one interface this server can use to talk to other machines, and which preferablu provides sufficient access for updates. NAMF TYPF NOTFS enpos3 eth DHCPV4 10.0.2.15/24 08:00:27:e3:ce:d0 Adapter Creat bond Help Intel Corporation 82540EM Gigabit Fthernet Cnntrnl ler (PR0/1000 MT Desktop Done Back'
[2m2025-08-10T21:55:22.684807Z[0m [32m INFO[0m [2misotope::automation::puppet[0m[2m:[0m Debug screenshot captured: C:\Users\redst\OneDrive\Documents\GitHub\Isotope\debug-steps\pre-15-1754862922.png
[2m2025-08-10T21:55:23.420974Z[0m [32m INFO[0m [2misotope::automation::ocr[0m[2m:[0m OCR SUCCESS with 10s timeout (287ms): 'Proxy configuration If this sustem requires Proxy address: Help proxy to connect to the internet, enter its details here. If you need tn use a HTTP proxu to access the outside world. enter the proxy informat ion here. Otherwise, leave this blank. The proxu informat ion should be given in the standard form of "http://[[user] [:pass] @]host [:port]/ Done Back'
[2m2025-08-10T21:55:23.422749Z[0m [32m INFO[0m [2misotope::automation::puppet[0m[2m:[0m Debug screenshot captured: C:\Users\redst\OneDrive\Documents\GitHub\Isotope\debug-steps\post-15-1754862923.png
[2m2025-08-10T21:55:23.422939Z[0m [32m INFO[0m [2misotope::automation::puppet[0m[2m:[0m Executing instruction 16/67 (step 16): Wait { duration: "10s", condition: None }
[2m2025-08-10T21:55:24.056065Z[0m [32m INFO[0m [2misotope::automation::ocr[0m[2m:[0m OCR SUCCESS with 10s timeout (278ms): 'Proxy configuration If this sustem requires Proxy address: Help proxy to connect to the internet, enter its details here. If you need tn use a HTTP proxu to access the outside world. enter the proxy informat ion here. Otherwise, leave this blank. The proxu informat ion should be given in the standard form of "http://[[user] [:pass] @]host [:port]/ Done Back'
[2m2025-08-10T21:55:24.056648Z[0m [32m INFO[0m [2misotope::automation::puppet[0m[2m:[0m Debug screenshot captured: C:\Users\redst\OneDrive\Documents\GitHub\Isotope\debug-steps\pre-16-1754862923.png
[2m2025-08-10T21:55:24.056879Z[0m [32m INFO[0m [2misotope::automation::puppet[0m[2m:[0m Waiting for 10s
[2m2025-08-10T21:55:34.711722Z[0m [32m INFO[0m [2misotope::automation::ocr[0m[2m:[0m OCR SUCCESS with 10s timeout (300ms): 'Proxy configuration If this sustem requires Proxy address: Help proxy to connect to the internet, enter its details here. If you need tn use a HTTP proxu to access the outside world. enter the proxy informat ion here. Otherwise, leave this blank. The proxu informat ion should be given in the standard form of "http://[[user] [:pass] @]host [:port]/ Done Back'
[2m2025-08-10T21:55:34.713598Z[0m [32m INFO[0m [2misotope::automation::puppet[0m[2m:[0m Debug screenshot captured: C:\Users\redst\OneDrive\Documents\GitHub\Isotope\debug-steps\post-16-1754862934.png
[2m2025-08-10T21:55:34.713844Z[0m [32m INFO[0m [2misotope::automation::puppet[0m[2m:[0m Executing instruction 17/67 (step 17): Wait { duration: "10s", condition: Some("Proxy address") }
[2m2025-08-10T21:55:35.346500Z[0m [32m INFO[0m [2misotope::automation::ocr[0m[2m:[0m OCR SUCCESS with 10s timeout (280ms): 'Proxy configuration If this sustem requires Proxy address: Help proxy to connect to the internet, enter its details here. If you need tn use a HTTP proxu to access the outside world. enter the proxy informat ion here. Otherwise, leave this blank. The proxu informat ion should be given in the standard form of "http://[[user] [:pass] @]host [:port]/ Done Back'
[2m2025-08-10T21:55:35.348208Z[0m [32m INFO[0m [2misotope::automation::puppet[0m[2m:[0m Debug screenshot captured: C:\Users\redst\OneDrive\Documents\GitHub\Isotope\debug-steps\pre-17-1754862935.png
[2m2025-08-10T21:55:35.348436Z[0m [32m INFO[0m [2misotope::automation::puppet[0m[2m:[0m Waiting up to 10s for condition: Proxy address
[2m2025-08-10T21:55:35.348520Z[0m [32m INFO[0m [2misotope::automation::puppet[0m[2m:[0m Waiting for screen text 'Proxy address' on VM isotope-vm-eb5a0615
[2m2025-08-10T21:55:36.000451Z[0m [32m INFO[0m [2misotope::automation::ocr[0m[2m:[0m OCR SUCCESS with 10s timeout (301ms): 'Proxy configuration If this sustem requires Proxy address: Help proxy to connect to the internet, enter its details here. If you need tn use a HTTP proxu to access the outside world. enter the proxy informat ion here. Otherwise, leave this blank. The proxu informat ion should be given in the standard form of "http://[[user] [:pass] @]host [:port]/ Done Back'
[2m2025-08-10T21:55:36.001857Z[0m [32m INFO[0m [2misotope::automation::puppet[0m[2m:[0m Condition 'Proxy address' met successfully
[2m2025-08-10T21:55:36.637808Z[0m [32m INFO[0m [2misotope::automation::ocr[0m[2m:[0m OCR SUCCESS with 10s timeout (284ms): 'Proxy configuration If this sustem requires Proxy address: Help proxy to connect to the internet, enter its details here. If you need tn use a HTTP proxu to access the outside world. enter the proxy informat ion here. Otherwise, leave this blank. The proxu informat ion should be given in the standard form of "http://[[user] [:pass] @]host [:port]/ Done Back'
[2m2025-08-10T21:55:36.638867Z[0m [32m INFO[0m [2misotope::automation::puppet[0m[2m:[0m Debug screenshot captured: C:\Users\redst\OneDrive\Documents\GitHub\Isotope\debug-steps\notice-17-1754862936.png
[2m2025-08-10T21:55:37.275682Z[0m [32m INFO[0m [2misotope::automation::ocr[0m[2m:[0m OCR SUCCESS with 10s timeout (284ms): 'Proxy configuration If this sustem requires Proxy address: Help proxy to connect to the internet, enter its details here. If you need tn use a HTTP proxu to access the outside world. enter the proxy informat ion here. Otherwise, leave this blank. The proxu informat ion should be given in the standard form of "http://[[user] [:pass] @]host [:port]/ Done Back'
[2m2025-08-10T21:55:37.277581Z[0m [32m INFO[0m [2misotope::automation::puppet[0m[2m:[0m Debug screenshot captured: C:\Users\redst\OneDrive\Documents\GitHub\Isotope\debug-steps\post-17-1754862936.png
[2m2025-08-10T21:55:37.277806Z[0m [32m INFO[0m [2misotope::automation::puppet[0m[2m:[0m Executing instruction 18/67 (step 18): Press { key: "enter", repeat: None, modifiers: None }
[2m2025-08-10T21:55:37.910487Z[0m [32m INFO[0m [2misotope::automation::ocr[0m[2m:[0m OCR SUCCESS with 10s timeout (280ms): 'Proxy configuration If this sustem requires Proxy address: Help proxy to connect to the internet, enter its details here. If you need tn use a HTTP proxu to access the outside world. enter the proxy informat ion here. Otherwise, leave this blank. The proxu informat ion should be given in the standard form of "http://[[user] [:pass] @]host [:port]/ Done Back'
[2m2025-08-10T21:55:37.911198Z[0m [32m INFO[0m [2misotope::automation::puppet[0m[2m:[0m Debug screenshot captured: C:\Users\redst\OneDrive\Documents\GitHub\Isotope\debug-steps\pre-18-1754862937.png
[2m2025-08-10T21:55:38.696640Z[0m [32m INFO[0m [2misotope::automation::ocr[0m[2m:[0m OCR SUCCESS with 10s timeout (327ms): 'Ubuntu archive mirror configuration If you usp an alternat ive mirrnr for Ubuntu, enter its details here. Mirror address: http://us.archive.ubuntu.com/ubuntu/ You may provide an archive mirrnr tn be used instead ot the default. The mirrnr locat ion is being tested. Help Done Back'
[2m2025-08-10T21:55:38.698431Z[0m [32m INFO[0m [2misotope::automation::puppet[0m[2m:[0m Debug screenshot captured: C:\Users\redst\OneDrive\Documents\GitHub\Isotope\debug-steps\post-18-1754862938.png
[2m2025-08-10T21:55:38.698687Z[0m [32m INFO[0m [2misotope::automation::puppet[0m[2m:[0m Executing instruction 19/67 (step 19): Wait { duration: "5s", condition: None }
[2m2025-08-10T21:55:39.360503Z[0m [32m INFO[0m [2misotope::automation::ocr[0m[2m:[0m OCR SUCCESS with 10s timeout (307ms): 'Ubuntu archive mirror configuration If you usp an alternat ive mirrnr for Ubuntu, enter its details here. Mirror address: http://us.archive.ubuntu.com/ubuntu/ You may prnvide an archive mirrnr tn be used instead ot the default. The mirrnr location is being tested. Help Done Back'
[2m2025-08-10T21:55:39.361586Z[0m [32m INFO[0m [2misotope::automation::puppet[0m[2m:[0m Debug screenshot captured: C:\Users\redst\OneDrive\Documents\GitHub\Isotope\debug-steps\pre-19-1754862939.png
[2m2025-08-10T21:55:39.361853Z[0m [32m INFO[0m [2misotope::automation::puppet[0m[2m:[0m Waiting for 5s
[2m2025-08-10T21:55:45.160409Z[0m [32m INFO[0m [2misotope::automation::ocr[0m[2m:[0m OCR SUCCESS with 10s timeout (396ms): 'Ubuntu archive mirror configuration If you use an alternat ive mirrnr for Ubuntu, enter its details here. Mirror address: http://us.archive.ubuntu.com/ubuntu/ You may nrnvide an archive mirrnr tn be used instead of the default. The mirrnr location is being tested. Hit:l http://us-archive.ubuntu.com/uhuntu jammu InRelease Get:2 http://us.archive.ubuntu.com/ubuntu jammu-undates InRelease [12 KB] Get:3 http://us.archive.ubuntu.com/ubunt jammy-backports InRelease [127 KB] Help Done Back'
[2m2025-08-10T21:55:45.162239Z[0m [32m INFO[0m [2misotope::automation::puppet[0m[2m:[0m Debug screenshot captured: C:\Users\redst\OneDrive\Documents\GitHub\Isotope\debug-steps\post-19-1754862944.png
[2m2025-08-10T21:55:45.162490Z[0m [32m INFO[0m [2misotope::automation::puppet[0m[2m:[0m Executing instruction 20/67 (step 20): Wait { duration: "10s", condition: Some("Mirror address") }
[2m2025-08-10T21:55:45.899399Z[0m [32m INFO[0m [2misotope::automation::ocr[0m[2m:[0m OCR SUCCESS with 10s timeout (378ms): 'Ubuntu archive mirror configuration If you us an alternat ive mirrr for Ubuntu, enter its details here. Mirror address: http://us.archive.ubuntu.com/ubuntu/ You may provide an archive mirrnr tn be used Instead ot the default. This mirrnr location passed tests Hit:l http://us.archive.ubuntu.com/ubuntu iammu InRe lease Get:2 http://us.archive.ubuntu.com/ubuntu Jammy-updates InRelease [12A KB] Get:3 http://us.archive.ubuntu.com/ubuntu jammy-backports InRelease [127 KB] Fetched 255 k8 in 0s (569 kB/s) Reading package lists. Help Done Back'
[2m2025-08-10T21:55:45.901437Z[0m [32m INFO[0m [2misotope::automation::puppet[0m[2m:[0m Debug screenshot captured: C:\Users\redst\OneDrive\Documents\GitHub\Isotope\debug-steps\pre-20-1754862945.png
[2m2025-08-10T21:55:45.901693Z[0m [32m INFO[0m [2misotope::automation::puppet[0m[2m:[0m Waiting up to 10s for condition: Mirror address
[2m2025-08-10T21:55:45.901799Z[0m [32m INFO[0m [2misotope::automation::puppet[0m[2m:[0m Waiting for screen text 'Mirror address' on VM isotope-vm-eb5a0615
[2m2025-08-10T21:55:46.655151Z[0m [32m INFO[0m [2misotope::automation::ocr[0m[2m:[0m OCR SUCCESS with 10s timeout (402ms): 'Ubuntu archive mirror configuration If you us an alternat ive mirrr for Ubuntu, enter its details here. Mirror address: http://us.archive.ubuntu.com/ubuntu/ You may provide an archive mirrnr tn be used Instead ot the default. This mirrnr location passed tests Hit:l http://us.archive.ubuntu.com/ubuntu iammu InRe lease Get:2 http://us.archive.ubuntu.com/ubuntu Jammy-updates InRelease [12A KB] Get:3 http://us.archive.ubuntu.com/ubuntu jammy-backports InRelease [127 KB] Fetched 255 k8 in 0s (569 kB/s) Reading package lists. Help Done Back'
[2m2025-08-10T21:55:46.656668Z[0m [32m INFO[0m [2misotope::automation::puppet[0m[2m:[0m Condition 'Mirror address' met successfully
[2m2025-08-10T21:55:47.418411Z[0m [32m INFO[0m [2misotope::automation::ocr[0m[2m:[0m OCR SUCCESS with 10s timeout (409ms): 'Ubuntu archive mirror configuration If you us an alternat ive mirrr for Ubuntu, enter its details here. Mirror address: http://us.archive.ubuntu.com/ubuntu/ You may provide an archive mirrnr tn be used Instead ot the default. This mirrnr location passed tests Hit:l http://us.archive.ubuntu.com/ubuntu iammu InRe lease Get:2 http://us.archive.ubuntu.com/ubuntu Jammy-updates InRelease [12A KB] Get:3 http://us.archive.ubuntu.com/ubuntu jammy-backports InRelease [127 KB] Fetched 255 k8 in 0s (569 kB/s) Reading package lists. Help Done Back'
[2m2025-08-10T21:55:47.419059Z[0m [32m INFO[0m [2misotope::automation::puppet[0m[2m:[0m Debug screenshot captured: C:\Users\redst\OneDrive\Documents\GitHub\Isotope\debug-steps\notice-20-1754862947.png
[2m2025-08-10T21:55:48.179084Z[0m [32m INFO[0m [2misotope::automation::ocr[0m[2m:[0m OCR SUCCESS with 10s timeout (402ms): 'Ubuntu archive mirror configuration If you us an alternat ive mirrr for Ubuntu, enter its details here. Mirror address: http://us.archive.ubuntu.com/ubuntu/ You may provide an archive mirrnr tn be used Instead ot the default. This mirrnr location passed tests Hit:l http://us.archive.ubuntu.com/ubuntu iammu InRe lease Get:2 http://us.archive.ubuntu.com/ubuntu Jammy-updates InRelease [12A KB] Get:3 http://us.archive.ubuntu.com/ubuntu jammy-backports InRelease [127 KB] Fetched 255 k8 in 0s (569 kB/s) Reading package lists. Help Done Back'
[2m2025-08-10T21:55:48.183264Z[0m [32m INFO[0m [2misotope::automation::puppet[0m[2m:[0m Debug screenshot captured: C:\Users\redst\OneDrive\Documents\GitHub\Isotope\debug-steps\post-20-1754862947.png
[2m2025-08-10T21:55:48.185173Z[0m [32m INFO[0m [2misotope::automation::puppet[0m[2m:[0m Executing instruction 21/67 (step 21): Wait { duration: "20s", condition: Some("location passed tests") }
[2m2025-08-10T21:55:48.937424Z[0m [32m INFO[0m [2misotope::automation::ocr[0m[2m:[0m OCR SUCCESS with 10s timeout (394ms): 'Ubuntu archive mirror configuration If you us an alternat ive mirrr for Ubuntu, enter its details here. Mirror address: http://us.archive.ubuntu.com/ubuntu/ You may provide an archive mirrnr tn be used Instead ot the default. This mirrnr location passed tests Hit:l http://us.archive.ubuntu.com/ubuntu iammu InRe lease Get:2 http://us.archive.ubuntu.com/ubuntu Jammy-updates InRelease [12A KB] Get:3 http://us.archive.ubuntu.com/ubuntu jammy-backports InRelease [127 KB] Fetched 255 k8 in 0s (569 kB/s) Reading package lists. Help Done Back'
[2m2025-08-10T21:55:48.938703Z[0m [32m INFO[0m [2misotope::automation::puppet[0m[2m:[0m Debug screenshot captured: C:\Users\redst\OneDrive\Documents\GitHub\Isotope\debug-steps\pre-21-1754862948.png
[2m2025-08-10T21:55:48.938917Z[0m [32m INFO[0m [2misotope::automation::puppet[0m[2m:[0m Waiting up to 20s for condition: location passed tests
[2m2025-08-10T21:55:48.939015Z[0m [32m INFO[0m [2misotope::automation::puppet[0m[2m:[0m Waiting for screen text 'location passed tests' on VM isotope-vm-eb5a0615
[2m2025-08-10T21:55:49.688842Z[0m [32m INFO[0m [2misotope::automation::ocr[0m[2m:[0m OCR SUCCESS with 10s timeout (396ms): 'Ubuntu archive mirror configuration If you us an alternat ive mirrr for Ubuntu, enter its details here. Mirror address: http://us.archive.ubuntu.com/ubuntu/ You may provide an archive mirrnr tn be used Instead ot the default. This mirrnr location passed tests Hit:l http://us.archive.ubuntu.com/ubuntu iammu InRe lease Get:2 http://us.archive.ubuntu.com/ubuntu Jammy-updates InRelease [12A KB] Get:3 http://us.archive.ubuntu.com/ubuntu jammy-backports InRelease [127 KB] Fetched 255 k8 in 0s (569 kB/s) Reading package lists. Help Done Back'
[2m2025-08-10T21:55:49.690292Z[0m [32m INFO[0m [2misotope::automation::puppet[0m[2m:[0m Condition 'location passed tests' met successfully
[2m2025-08-10T21:55:50.434541Z[0m [32m INFO[0m [2misotope::automation::ocr[0m[2m:[0m OCR SUCCESS with 10s timeout (389ms): 'Ubuntu archive mirror configuration If you us an alternat ive mirrr for Ubuntu, enter its details here. Mirror address: http://us.archive.ubuntu.com/ubuntu/ You may provide an archive mirrnr tn be used Instead ot the default. This mirrnr location passed tests Hit:l http://us.archive.ubuntu.com/ubuntu iammu InRe lease Get:2 http://us.archive.ubuntu.com/ubuntu Jammy-updates InRelease [12A KB] Get:3 http://us.archive.ubuntu.com/ubuntu jammy-backports InRelease [127 KB] Fetched 255 k8 in 0s (569 kB/s) Reading package lists. Help Done Back'
[2m2025-08-10T21:55:50.436266Z[0m [32m INFO[0m [2misotope::automation::puppet[0m[2m:[0m Debug screenshot captured: C:\Users\redst\OneDrive\Documents\GitHub\Isotope\debug-steps\notice-21-1754862950.png
[2m2025-08-10T21:55:51.196638Z[0m [32m INFO[0m [2misotope::automation::ocr[0m[2m:[0m OCR SUCCESS with 10s timeout (403ms): 'Ubuntu archive mirror configuration If you us an alternat ive mirrr for Ubuntu, enter its details here. Mirror address: http://us.archive.ubuntu.com/ubuntu/ You may provide an archive mirrnr tn be used Instead ot the default. This mirrnr location passed tests Hit:l http://us.archive.ubuntu.com/ubuntu iammu InRe lease Get:2 http://us.archive.ubuntu.com/ubuntu Jammy-updates InRelease [12A KB] Get:3 http://us.archive.ubuntu.com/ubuntu jammy-backports InRelease [127 KB] Fetched 255 k8 in 0s (569 kB/s) Reading package lists. Help Done Back'
[2m2025-08-10T21:55:51.197367Z[0m [32m INFO[0m [2misotope::automation::puppet[0m[2m:[0m Debug screenshot captured: C:\Users\redst\OneDrive\Documents\GitHub\Isotope\debug-steps\post-21-1754862950.png
[2m2025-08-10T21:55:51.197559Z[0m [32m INFO[0m [2misotope::automation::puppet[0m[2m:[0m Executing instruction 22/67 (step 22): Press { key: "enter", repeat: None, modifiers: None }
[2m2025-08-10T21:55:51.937934Z[0m [32m INFO[0m [2misotope::automation::ocr[0m[2m:[0m OCR SUCCESS with 10s timeout (382ms): 'Ubuntu archive mirror configuration If you us an alternat ive mirrr for Ubuntu, enter its details here. Mirror address: http://us.archive.ubuntu.com/ubuntu/ You may provide an archive mirrnr tn be used Instead ot the default. This mirrnr location passed tests Hit:l http://us.archive.ubuntu.com/ubuntu iammu InRe lease Get:2 http://us.archive.ubuntu.com/ubuntu Jammy-updates InRelease [12A KB] Get:3 http://us.archive.ubuntu.com/ubuntu jammy-backports InRelease [127 KB] Fetched 255 k8 in 0s (569 kB/s) Reading package lists. Help Done Back'
[2m2025-08-10T21:55:51.939755Z[0m [32m INFO[0m [2misotope::automation::puppet[0m[2m:[0m Debug screenshot captured: C:\Users\redst\OneDrive\Documents\GitHub\Isotope\debug-steps\pre-22-1754862951.png
[2m2025-08-10T21:55:52.705788Z[0m [32m INFO[0m [2misotope::automation::ocr[0m[2m:[0m OCR SUCCESS with 10s timeout (316ms): 'Guided storage conf iguratinn Conf igure a guided storage layout, or createa custom one: (2) Use an entire disk VBOX_HARDDISK VBa77ee391-ef25b076 local disk 20.000G [x] Set up this disk as an LUM group [ ] Encrupt the LVM group mith LUKS Passphrase: Conf irm passphrase: [ ] Also create The key will be stored as "recovery-key.txt in the live system and will be cnnied to /var/log/instaljer in the target sustem. Help recovery keu () Custom storage layout Done Back'
[2m2025-08-10T21:55:52.707019Z[0m [32m INFO[0m [2misotope::automation::puppet[0m[2m:[0m Debug screenshot captured: C:\Users\redst\OneDrive\Documents\GitHub\Isotope\debug-steps\post-22-1754862952.png
[2m2025-08-10T21:55:52.707406Z[0m [32m INFO[0m [2misotope::automation::puppet[0m[2m:[0m Executing instruction 23/67 (step 23): Wait { duration: "15s", condition: None }
[2m2025-08-10T21:55:53.388966Z[0m [32m INFO[0m [2misotope::automation::ocr[0m[2m:[0m OCR SUCCESS with 10s timeout (325ms): 'Guided storage conf iguratinn Conf igure a guided storage layout, or createa custom one: (X) Usp an entire disk VBOX_HARDDISK VBa77ee391-ef25b076 local disk 20.000G [X] Set up this disk as an LUM group [ ] Encrupt the LVM group mith LUKS Passphrase: Conf irm passphrase: [ ] Also create The key will be stored as "recovery-key.txt in the live system and will be cnnied to /var/log/instaljer in the target sustem. Help recovery keu () Custom storage layout Done Back'
[2m2025-08-10T21:55:53.390764Z[0m [32m INFO[0m [2misotope::automation::puppet[0m[2m:[0m Debug screenshot captured: C:\Users\redst\OneDrive\Documents\GitHub\Isotope\debug-steps\pre-23-1754862953.png
[2m2025-08-10T21:55:53.391002Z[0m [32m INFO[0m [2misotope::automation::puppet[0m[2m:[0m Waiting for 15s
[2m2025-08-10T21:56:09.055817Z[0m [32m INFO[0m [2misotope::automation::ocr[0m[2m:[0m OCR SUCCESS with 10s timeout (308ms): 'Guided storage conf iguratinn Conf igure a guided storage layout, or createa custom one: (2) Use an entire disk VBOX_HARDDISK VBa77ee391-ef25b076 local disk 20.000G [x] Set up this disk as an LUM group [ ] Encrupt the LVM group mith LUKS Passphrase: Conf irm passphrase: [ ] Also create The key will be stored as "recovery-key.txt in the live system and will be cnnied to /var/log/instaljer in the target sustem. Help recovery keu () Custom storage layout Done Back'
[2m2025-08-10T21:56:09.057548Z[0m [32m INFO[0m [2misotope::automation::puppet[0m[2m:[0m Debug screenshot captured: C:\Users\redst\OneDrive\Documents\GitHub\Isotope\debug-steps\post-23-1754862968.png
[2m2025-08-10T21:56:09.057727Z[0m [32m INFO[0m [2misotope::automation::puppet[0m[2m:[0m Executing instruction 24/67 (step 24): Wait { duration: "20s", condition: Some("storage layout") }
[2m2025-08-10T21:56:09.728298Z[0m [32m INFO[0m [2misotope::automation::ocr[0m[2m:[0m OCR SUCCESS with 10s timeout (315ms): 'Guided storage conf iguratinn Conf igure a guided storage layout, or createa custom one: (X) Usp an entire disk VBOX_HARDDISK VBa77ee391-ef25b076 local disk 20.000G [X] Set up this disk as an LUM group [ ] Encrupt the LVM group mith LUKS Passphrase: Conf irm passphrase: [ ] Also create The key will be stored as "recovery-key.txt in the live system and will be cnnied to /var/log/instaljer in the target sustem. Help recovery keu () Custom storage layout Done Back'
[2m2025-08-10T21:56:09.730559Z[0m [32m INFO[0m [2misotope::automation::puppet[0m[2m:[0m Debug screenshot captured: C:\Users\redst\OneDrive\Documents\GitHub\Isotope\debug-steps\pre-24-1754862969.png
[2m2025-08-10T21:56:09.730915Z[0m [32m INFO[0m [2misotope::automation::puppet[0m[2m:[0m Waiting up to 20s for condition: storage layout
[2m2025-08-10T21:56:09.731052Z[0m [32m INFO[0m [2misotope::automation::puppet[0m[2m:[0m Waiting for screen text 'storage layout' on VM isotope-vm-eb5a0615
[2m2025-08-10T21:56:10.387537Z[0m [32m INFO[0m [2misotope::automation::ocr[0m[2m:[0m OCR SUCCESS with 10s timeout (307ms): 'Guided storage conf iguratinn Conf igure a guided storage layout, or createa custom one: (2) Use an entire disk VBOX_HARDDISK VBa77ee391-ef25b076 local disk 20.000G [x] Set up this disk as an LUM group [ ] Encrupt the LVM group mith LUKS Passphrase: Conf irm passphrase: [ ] Also create The key will be stored as "recovery-key.txt in the live system and will be cnnied to /var/log/instaljer in the target sustem. Help recovery keu () Custom storage layout Done Back'
[2m2025-08-10T21:56:10.388267Z[0m [32m INFO[0m [2misotope::automation::puppet[0m[2m:[0m Condition 'storage layout' met successfully
[2m2025-08-10T21:56:11.054672Z[0m [32m INFO[0m [2misotope::automation::ocr[0m[2m:[0m OCR SUCCESS with 10s timeout (315ms): 'Guided storage conf iguratinn Conf igure a guided storage layout, or createa custom one: (2) Use an entire disk VBOX_HARDDISK VBa77ee391-ef25b076 local disk 20.000G [x] Set up this disk as an LUM group [ ] Encrupt the LVM group mith LUKS Passphrase: Conf irm passphrase: [ ] Also create The key will be stored as "recovery-key.txt in the live system and will be cnnied to /var/log/instaljer in the target sustem. Help recovery keu () Custom storage layout Done Back'
[2m2025-08-10T21:56:11.056467Z[0m [32m INFO[0m [2misotope::automation::puppet[0m[2m:[0m Debug screenshot captured: C:\Users\redst\OneDrive\Documents\GitHub\Isotope\debug-steps\notice-24-1754862970.png
[2m2025-08-10T21:56:11.715988Z[0m [32m INFO[0m [2misotope::automation::ocr[0m[2m:[0m OCR SUCCESS with 10s timeout (307ms): 'Guided storage conf iguratinn Conf igure a guided storage layout, or createa custom one: (X) Usp an entire disk VBOX_HARDDISK VBa77ee391-ef25b076 local disk 20.000G [X] Set up this disk as an LUM group [ ] Encrupt the LVM group mith LUKS Passphrase: Conf irm passphrase: [ ] Also create The key will be stored as "recovery-key.txt in the live system and will be cnnied to /var/log/instaljer in the target sustem. Help recovery keu () Custom storage layout Done Back'
[2m2025-08-10T21:56:11.716980Z[0m [32m INFO[0m [2misotope::automation::puppet[0m[2m:[0m Debug screenshot captured: C:\Users\redst\OneDrive\Documents\GitHub\Isotope\debug-steps\post-24-1754862971.png
[2m2025-08-10T21:56:11.717175Z[0m [32m INFO[0m [2misotope::automation::puppet[0m[2m:[0m Executing instruction 25/67 (step 25): Press { key: "down", repeat: None, modifiers: None }
[2m2025-08-10T21:56:12.382899Z[0m [32m INFO[0m [2misotope::automation::ocr[0m[2m:[0m OCR SUCCESS with 10s timeout (315ms): 'Guided storage conf iguratinn Conf igure a guided storage layout, or createa custom one: (2) Use an entire disk VBOX_HARDDISK VBa77ee391-ef25b076 local disk 20.000G [x] Set up this disk as an LUM group [ ] Encrupt the LVM group mith LUKS Passphrase: Conf irm passphrase: [ ] Also create The key will be stored as "recovery-key.txt in the live system and will be cnnied to /var/log/instaljer in the target sustem. Help recovery keu () Custom storage layout Done Back'
[2m2025-08-10T21:56:12.383494Z[0m [32m INFO[0m [2misotope::automation::puppet[0m[2m:[0m Debug screenshot captured: C:\Users\redst\OneDrive\Documents\GitHub\Isotope\debug-steps\pre-25-1754862972.png
[2m2025-08-10T21:56:13.180777Z[0m [32m INFO[0m [2misotope::automation::ocr[0m[2m:[0m OCR SUCCESS with 10s timeout (322ms): 'Guided storage conf iguration Conf igure a guided storage layout, or Create a custom one: (X) Usp an entire disk ?BOX HARDDISK VBa77ee391-ef25b076 local disk 20.000G  1 [X] Set up this disk as an LVM group [ ] Encrupt the LVM group mith LUKS Passphrase: Conf irm passphrase: [ ] Also create The key will be stored as "recovery-key.txt in the live system and will be conied to /var/log/installer in the target sustem. Help recovery keu () Custom storage layout Done Back'
[2m2025-08-10T21:56:13.181859Z[0m [32m INFO[0m [2misotope::automation::puppet[0m[2m:[0m Debug screenshot captured: C:\Users\redst\OneDrive\Documents\GitHub\Isotope\debug-steps\post-25-1754862972.png
[2m2025-08-10T21:56:13.182207Z[0m [32m INFO[0m [2misotope::automation::puppet[0m[2m:[0m Executing instruction 26/67 (step 26): Press { key: "down", repeat: None, modifiers: None }
[2m2025-08-10T21:56:13.842643Z[0m [32m INFO[0m [2misotope::automation::ocr[0m[2m:[0m OCR SUCCESS with 10s timeout (308ms): 'Guided storage conf iguration Conf igure a guided storage layout, or Create a custom one: [X) Help UsP an ent ire disk VBOX HARDDISK VBa77ee391-ef25b076 local disk 20.000G  1 [X] Set up this disk as an LVM group [ ] Encrupt the LVM group mith LUKS Passphrase: Conf irm passphrase: [ ] Also create The key will be stored as "recovery-key.txt in the live system and will be conied to /var/log/installer in the target sustem. recovery keu () Custom storage layout Done Back'
[2m2025-08-10T21:56:13.844716Z[0m [32m INFO[0m [2misotope::automation::puppet[0m[2m:[0m Debug screenshot captured: C:\Users\redst\OneDrive\Documents\GitHub\Isotope\debug-steps\pre-26-1754862973.png
[2m2025-08-10T21:56:14.659317Z[0m [32m INFO[0m [2misotope::automation::ocr[0m[2m:[0m OCR SUCCESS with 10s timeout (334ms): 'Guided storage conf iguratinn Conf igure a guided storage layout, or createa custom one: (X) Usp an entire disk VBOX_HARDDISK VBa77ee391-ef25b076 local disk 20.000G [X] Set up this disk as an LUM group [ ] Encrupt the LVM group mith LUKS Passphrase: Conf irm passphrase: [ ] Also create The key will be stored as "recovery-key.txt in the live system and will be cnnied to /var/log/instaljer in the target sustem. Help recovery keu () Custom storage layout Done Back'
[2m2025-08-10T21:56:14.660105Z[0m [32m INFO[0m [2misotope::automation::puppet[0m[2m:[0m Debug screenshot captured: C:\Users\redst\OneDrive\Documents\GitHub\Isotope\debug-steps\post-26-1754862974.png
[2m2025-08-10T21:56:14.660295Z[0m [32m INFO[0m [2misotope::automation::puppet[0m[2m:[0m Executing instruction 27/67 (step 27): Press { key: "down", repeat: None, modifiers: None }
[2m2025-08-10T21:56:15.327087Z[0m [32m INFO[0m [2misotope::automation::ocr[0m[2m:[0m OCR SUCCESS with 10s timeout (316ms): 'Guided storage conf iguratinn Conf igure a guided storage layout, or createa custom one: (X) Usp an entire disk VBOX_HARDDISK VBa77ee391-ef25b076 local disk 20.000G [X] Set up this disk as an LUM group [ ] Encrupt the LVM group mith LUKS Passphrase: Conf irm passphrase: [ ] Also create The key will be stored as "recovery-key.txt in the live system and will be cnnied to /var/log/instaljer in the target sustem. Help recovery keu () Custom storage layout Done Back'
[2m2025-08-10T21:56:15.328217Z[0m [32m INFO[0m [2misotope::automation::puppet[0m[2m:[0m Debug screenshot captured: C:\Users\redst\OneDrive\Documents\GitHub\Isotope\debug-steps\pre-27-1754862975.png
[2m2025-08-10T21:56:16.143655Z[0m [32m INFO[0m [2misotope::automation::ocr[0m[2m:[0m OCR SUCCESS with 10s timeout (337ms): 'Guided storage conf iguratinn Conf igure a guided storage layout, or createa custom one: (X) Usp an entire disk VBOX_HARDDISK VBa77ee391-ef25b076 local disk 20.000G [X] Set up this disk as an LUM group ?_] Encrupt the LVM group mith LUKS Passphrase: Conf irm passphrase: [ ] Also create The key will be stored as "recovery-key.txt in the live system and will be cnnied to /var/log/instaljer in the target sustem. Help recovery keu () Custom storage layout Done Back'
[2m2025-08-10T21:56:16.144634Z[0m [32m INFO[0m [2misotope::automation::puppet[0m[2m:[0m Debug screenshot captured: C:\Users\redst\OneDrive\Documents\GitHub\Isotope\debug-steps\post-27-1754862975.png
[2m2025-08-10T21:56:16.144950Z[0m [32m INFO[0m [2misotope::automation::puppet[0m[2m:[0m Executing instruction 28/67 (step 28): Press { key: "down", repeat: None, modifiers: None }
[2m2025-08-10T21:56:16.807375Z[0m [32m INFO[0m [2misotope::automation::ocr[0m[2m:[0m OCR SUCCESS with 10s timeout (311ms): 'Guided storage conf iguratinn Conf igure a guided storage layout, or createa custom one: (X) Usp an entire disk VBOX_HARDDISK VBa77ee391-ef25b076 local disk 20.000G [X] Set up this disk as an LUM group ?_] Encrupt the LVM group mith LUKS Passphrase: Conf irm passphrase: [ ] Also create The key will be stored as "recovery-key.txt in the live system and will be cnnied to /var/log/instaljer in the target sustem. Help recovery keu () Custom storage layout Done Back'
[2m2025-08-10T21:56:16.809158Z[0m [32m INFO[0m [2misotope::automation::puppet[0m[2m:[0m Debug screenshot captured: C:\Users\redst\OneDrive\Documents\GitHub\Isotope\debug-steps\pre-28-1754862976.png
[2m2025-08-10T21:56:17.596109Z[0m [32m INFO[0m [2misotope::automation::ocr[0m[2m:[0m OCR SUCCESS with 10s timeout (315ms): 'Guided storage conf iguratinn Conf igure a guided storage layout, or createa custom one: (X) Usp an entire disk VBOX_HARDDISK VBa77ee391-ef25b076 local disk 20.000G [X] Set up this disk as an LUM group [ ] Encrupt the LVM group mith LUKS Passphrase: Conf irm passphrase: [ ] Also create The key will be stored as "recovery-key.txt in the live system and will be cnnied to /var/log/instaljer in the target sustem. Help recovery keu () Custom storage layout Done Back'
[2m2025-08-10T21:56:17.597890Z[0m [32m INFO[0m [2misotope::automation::puppet[0m[2m:[0m Debug screenshot captured: C:\Users\redst\OneDrive\Documents\GitHub\Isotope\debug-steps\post-28-1754862977.png
[2m2025-08-10T21:56:17.598082Z[0m [32m INFO[0m [2misotope::automation::puppet[0m[2m:[0m Executing instruction 29/67 (step 29): Press { key: "down", repeat: None, modifiers: None }
[2m2025-08-10T21:56:18.273648Z[0m [32m INFO[0m [2misotope::automation::ocr[0m[2m:[0m OCR SUCCESS with 10s timeout (322ms): 'Guided storage conf iguratinn Conf igure a guided storage layout, or createa custom one: (X) Usp an entire disk VBOX_HARDDISK VBa77ee391-ef25b076 local disk 20.000G [X] Set up this disk as an LUM group [ ] Encrupt the LVM group mith LUKS Passphrase: Conf irm passphrase: [ ] Also create The key will be stored as "recovery-key.txt in the live system and will be cnnied to /var/log/instaljer in the target sustem. Help recovery keu (_) Custom storage layout Done Back'
[2m2025-08-10T21:56:18.274686Z[0m [32m INFO[0m [2misotope::automation::puppet[0m[2m:[0m Debug screenshot captured: C:\Users\redst\OneDrive\Documents\GitHub\Isotope\debug-steps\pre-29-1754862977.png
[2m2025-08-10T21:56:19.068472Z[0m [32m INFO[0m [2misotope::automation::ocr[0m[2m:[0m OCR SUCCESS with 10s timeout (323ms): 'Guided storage conf iguratinn Conf igure a guided storage layout, or createa custom one: (X) Usp an entire disk VBOX_HARDDISK VBa77ee391-ef25b076 local disk 20.000G [X] Set up this disk as an LUM group [ ] Encrupt the LVM group mith LUKS Passphrase: Conf irm passphrase: [ ] Also create The key will be stored as "recovery-key.txt in the live system and will be cnnied to /var/log/instaljer in the target sustem. Help recovery keu () Custom storage layout Done Back'
[2m2025-08-10T21:56:19.069165Z[0m [32m INFO[0m [2misotope::automation::puppet[0m[2m:[0m Debug screenshot captured: C:\Users\redst\OneDrive\Documents\GitHub\Isotope\debug-steps\post-29-1754862978.png
[2m2025-08-10T21:56:19.069393Z[0m [32m INFO[0m [2misotope::automation::puppet[0m[2m:[0m Executing instruction 30/67 (step 30): Press { key: "enter", repeat: None, modifiers: None }
[2m2025-08-10T21:56:19.748874Z[0m [32m INFO[0m [2misotope::automation::ocr[0m[2m:[0m OCR SUCCESS with 10s timeout (328ms): 'Guided storage conf iguratinn Conf igure a guided storage layout, or createa custom one: (X) Usp an entire disk VBOX_HARDDISK VBa77ee391-ef25b076 local disk 20.000G [X] Set up this disk as an LUM group [ ] Encrupt the LVM group mith LUKS Passphrase: Conf irm passphrase: [ ] Also create The key will be stored as "recovery-key.txt in the live system and will be cnnied to /var/log/instaljer in the target sustem. Help recovery keu () Custom storage layout Done Back'
[2m2025-08-10T21:56:19.750676Z[0m [32m INFO[0m [2misotope::automation::puppet[0m[2m:[0m Debug screenshot captured: C:\Users\redst\OneDrive\Documents\GitHub\Isotope\debug-steps\pre-30-1754862979.png
[2m2025-08-10T21:56:20.599491Z[0m [32m INFO[0m [2misotope::automation::ocr[0m[2m:[0m OCR SUCCESS with 10s timeout (403ms): 'Storage conf igurat ion FILE SYSTEM SUMMARY MOIINT POINI SIZE TYPE DEVTF TYPE 10.000G new ext hem LVM logical volume  1 "boot 1.771G new pxt4 new partition of local disk AVAILABLE DEVICFS DFVICE ubuntu-vg (new) free space Create software RATD (md) Create volume group (LVM) USFD DEVICES DFVICE ubuntu-vg (new) ubunt-]u new. to be formatted as ext4, mounted at VBOX HARDDISK VBa77ee391-ef25b076 local disk partition 1 new, BIos grub spacer part ition 2 new. to be formatted as ext4, mounted at /boot part ition Help TYPE LVM VOlume group IZE 18.222G 8.22G TYPE LVM Volume group neml. Pv of LVM volume group ubuntu-vg SIZE 18.222G 10.000G 20.000G OOOM 771G 18.225G Done Reset Back'
[2m2025-08-10T21:56:20.601154Z[0m [32m INFO[0m [2misotope::automation::puppet[0m[2m:[0m Debug screenshot captured: C:\Users\redst\OneDrive\Documents\GitHub\Isotope\debug-steps\post-30-1754862980.png
[2m2025-08-10T21:56:20.601390Z[0m [32m INFO[0m [2misotope::automation::puppet[0m[2m:[0m Executing instruction 31/67 (step 31): Wait { duration: "1s", condition: None }
[2m2025-08-10T21:56:21.347301Z[0m [32m INFO[0m [2misotope::automation::ocr[0m[2m:[0m OCR SUCCESS with 10s timeout (393ms): 'Storage conf igurat ion FILE SYSTEM SUMMARY MOIINT POINI SIZE TYPE DEVTF TYPE 10.000G new ext hem LVM logical volume  1 "boot 1.771G new pxt4 new partition of local disk AVAILABLE DEVICFS DFVICE ubuntu-vg (new) free space Create software RATD (md) Create volume group (LVM) USFD DEVICES DFVICE ubuntu-vg (new) ubunt-]u new. to be formatted as ext4, mounted at VBOX HARDDISK VBa77ee391-ef25b076 local disk partition 1 new, BIos grub spacer part ition 2 new. to be formatted as ext4, mounted at /boot part ition Help TYPE LVM VOlume group IZE 18.222G 8.22G TYPE LVM Volume group neml. Pv of LVM volume group ubuntu-vg SIZE 18.222G 10.000G 20.000G OOOM 771G 18.225G Done Reset Back'
[2m2025-08-10T21:56:21.348348Z[0m [32m INFO[0m [2misotope::automation::puppet[0m[2m:[0m Debug screenshot captured: C:\Users\redst\OneDrive\Documents\GitHub\Isotope\debug-steps\pre-31-1754862980.png
[2m2025-08-10T21:56:21.348713Z[0m [32m INFO[0m [2misotope::automation::puppet[0m[2m:[0m Waiting for 1s
[2m2025-08-10T21:56:23.169247Z[0m [32m INFO[0m [2misotope::automation::ocr[0m[2m:[0m OCR SUCCESS with 10s timeout (461ms): 'Storage conf igurat ion FILE SYSTEM SUMMARY MOIINT POINI SIZE TYPE DEVTF TYPE 10.000G new ext hem LVM logical volume  1 "boot 1.771G new pxt4 new partition of local disk AVAILABLE DEVICFS DFVICE ubuntu-vg (new) free space Create software RATD (md) Create volume group (LVM) USFD DEVICES DFVICE ubuntu-vg (new) ubunt-]u new. to be formatted as ext4, mounted at VBOX HARDDISK VBa77ee391-ef25b076 local disk partition 1 new, BIos grub spacer part ition 2 new. to be formatted as ext4, mounted at /boot part ition Help TYPE LVM VOlume group IZE 18.222G 8.22G TYPE LVM Volume group neml. Pv of LVM volume group ubuntu-vg SIZE 18.222G 10.000G 20.000G OOOM 771G 18.225G Done Reset Back'
[2m2025-08-10T21:56:23.170308Z[0m [32m INFO[0m [2misotope::automation::puppet[0m[2m:[0m Debug screenshot captured: C:\Users\redst\OneDrive\Documents\GitHub\Isotope\debug-steps\post-31-1754862982.png
[2m2025-08-10T21:56:23.170585Z[0m [32m INFO[0m [2misotope::automation::puppet[0m[2m:[0m Executing instruction 32/67 (step 32): Press { key: "enter", repeat: None, modifiers: None }
[2m2025-08-10T21:56:23.940174Z[0m [32m INFO[0m [2misotope::automation::ocr[0m[2m:[0m OCR SUCCESS with 10s timeout (414ms): 'Storage conf igurat ion FILE SYSTEM SUMMARY MOIINT POINI SIZE TYPE DEVTF TYPE 10.000G new ext hem LVM logical volume  1 "boot 1.771G new pxt4 new partition of local disk AVAILABLE DEVICFS DFVICE ubuntu-vg (new) free space Create software RATD (md) Create volume group (LVM) USFD DEVICES DFVICE ubuntu-vg (new) ubunt-]u new. to be formatted as ext4, mounted at VBOX HARDDISK VBa77ee391-ef25b076 local disk partition 1 new, BIos grub spacer part ition 2 new. to be formatted as ext4, mounted at /boot part ition Help TYPE LVM VOlume group IZE 18.222G 8.22G TYPE LVM Volume group neml. Pv of LVM volume group ubuntu-vg SIZE 18.222G 10.000G 20.000G OOOM 771G 18.225G Done Reset Back'
[2m2025-08-10T21:56:23.940957Z[0m [32m INFO[0m [2misotope::automation::puppet[0m[2m:[0m Debug screenshot captured: C:\Users\redst\OneDrive\Documents\GitHub\Isotope\debug-steps\pre-32-1754862983.png
[2m2025-08-10T21:56:24.910965Z[0m [32m INFO[0m [2misotope::automation::ocr[0m[2m:[0m OCR SUCCESS with 10s timeout (513ms): 'Storage conf iguration FIIF SYSTEM SUMMARY MOINT POINT SIZE TYPE DEVICE TYPE 10.000G new ext4 new LVM logical volume /boot 1.771G new ext4 new partitinn of local disk AVAILABLE DEVICES DEVICE ubuntu-vg (new) free space Create software RATD (md) Create vn UISFD DEVICF DEVICE ubuntu-vg uhuntu-14 VBOX HARD Jartition part i1ion part it ion Help TYPE LVM volume group 18.222G 8.22?G SIZE Confirm destructive actinn Select ing Cont inue below will begin the instal lat ion process and result in the loss of data on the disks selected to be formatted. You will not be able to return to this or a previous screen once the installat ion has started. Are you Sure you Want to cont inue? NO Cont inup Done Reset Back'
[2m2025-08-10T21:56:24.913191Z[0m [32m INFO[0m [2misotope::automation::puppet[0m[2m:[0m Debug screenshot captured: C:\Users\redst\OneDrive\Documents\GitHub\Isotope\debug-steps\post-32-1754862984.png
[2m2025-08-10T21:56:24.913445Z[0m [32m INFO[0m [2misotope::automation::puppet[0m[2m:[0m Executing instruction 33/67 (step 33): Wait { duration: "1s", condition: None }
[2m2025-08-10T21:56:25.897982Z[0m [32m INFO[0m [2misotope::automation::ocr[0m[2m:[0m OCR SUCCESS with 10s timeout (625ms): 'Storage conf iguration FIIF SYSTEM SUMMARY MOINT POINT SIZE TYPE DEVICE TYPE 10.000G new ext4 new LVM logical volume /boot 1.771G new ext4 new partitinn of local disk AVAILABLE DEVICES DEVICE ubuntu-vg (new) free space Create software RATD (md) Create vn UISFD DEVICF DEVICE ubuntu-vg uhuntu-14 VBOX HARD Jartition part i1ion part it ion Help TYPE LVM volume group 18.222G 8.22?G SIZE Confirm destructive actinn Select ing Cont inue below will begin the instal lat ion process and result in the loss of data on the disks selected to be formatted. You will not be able to return to this or a previous screen once the installat ion has started. Are you sure you mant to cont inue? NO Cont inup Done Reset Back'
[2m2025-08-10T21:56:25.899739Z[0m [32m INFO[0m [2misotope::automation::puppet[0m[2m:[0m Debug screenshot captured: C:\Users\redst\OneDrive\Documents\GitHub\Isotope\debug-steps\pre-33-1754862985.png
[2m2025-08-10T21:56:25.900060Z[0m [32m INFO[0m [2misotope::automation::puppet[0m[2m:[0m Waiting for 1s
[2m2025-08-10T21:56:27.755236Z[0m [32m INFO[0m [2misotope::automation::ocr[0m[2m:[0m OCR SUCCESS with 10s timeout (495ms): 'Storage conf iguration FIIF SYSTEM SUMMARY MOINT POINT SIZE TYPE DEVICE TYPE 10.000G new ext4 new LVM logical volume /boot 1.771G new ext4 new partitinn of local disk AVAILABLE DEVICES DEVICE ubuntu-vg (new) free space Create software RATD (md) Create vn UISFD DEVICF DEVICE ubuntu-vg uhuntu-14 VBOX HARD Jartition part i1ion part it ion Help TYPE LVM volume group 18.222G 8.22?G SIZE Confirm destructive actinn Select ing Cont inue below will begin the instal lat ion process and result in the loss of data on the disks selected to be formatted. You will not be able to return to this or a previous screen once the installat ion has started. Are you Sure you Want to cont inue? NO Cont inup Done Reset Back'
[2m2025-08-10T21:56:27.756973Z[0m [32m INFO[0m [2misotope::automation::puppet[0m[2m:[0m Debug screenshot captured: C:\Users\redst\OneDrive\Documents\GitHub\Isotope\debug-steps\post-33-1754862987.png
[2m2025-08-10T21:56:27.757293Z[0m [32m INFO[0m [2misotope::automation::puppet[0m[2m:[0m Executing instruction 34/67 (step 34): Press { key: "down", repeat: None, modifiers: None }
[2m2025-08-10T21:56:28.634260Z[0m [32m INFO[0m [2misotope::automation::ocr[0m[2m:[0m OCR SUCCESS with 10s timeout (517ms): 'Storage conf iguration FIIF SYSTEM SUMMARY MOINT POINT SIZE TYPE DEVICE TYPE 10.000G new ext4 new LVM logical volume /boot 1.771G new ext4 new partitinn of local disk AVAILABLE DEVICES DEVICE ubuntu-vg (new) free space Create software RATD (md) Create vn UISFD DEVICF DEVICE ubuntu-vg uhuntu-14 VBOX HARD Jartition part i1ion part it ion Help TYPE LVM volume group 18.222G 8.22?G SIZE Confirm destructive actinn Select ing Cont inue below will begin the instal lat ion process and result in the loss of data on the disks selected to be formatted. You will not be able to return to this or a previous screen once the installat ion has started. Are you sure you mant to cont inue? NO Cont inup Done Reset Back'
[2m2025-08-10T21:56:28.636134Z[0m [32m INFO[0m [2misotope::automation::puppet[0m[2m:[0m Debug screenshot captured: C:\Users\redst\OneDrive\Documents\GitHub\Isotope\debug-steps\pre-34-1754862988.png
[2m2025-08-10T21:56:29.594237Z[0m [32m INFO[0m [2misotope::automation::ocr[0m[2m:[0m OCR SUCCESS with 10s timeout (484ms): 'Storage conf iguration FIIF SYSTEM SUMMARY MOINT POINT SIZE TYPE DEVICE TYPE 10.000G new ext4 new LVM logical volume /boot 1.771G new ext4 new partitinn of local disk AVAILABLE DEVICES DEVICE ubuntu-vg (new) free space Create software RATD (md) Create vn UISFD DEVICF DEVICE ubuntu-vg uhuntu-14 VBOX HARD Jartition part i1ion part it ion Help TYPE LVM volume group 18.222G 8.222 SIZE Confirm destructive actinn Select ing Cont inue below will begin the installat ion process and result in the loss of data on the disks selected to be formatted. nrevious screen once the You will not be able to return to this or installat ion has started. Are you sure you Want tn cont inue? No [ continue Done Reset Back'
[2m2025-08-10T21:56:29.594929Z[0m [32m INFO[0m [2misotope::automation::puppet[0m[2m:[0m Debug screenshot captured: C:\Users\redst\OneDrive\Documents\GitHub\Isotope\debug-steps\post-34-1754862989.png
[2m2025-08-10T21:56:29.595382Z[0m [32m INFO[0m [2misotope::automation::puppet[0m[2m:[0m Executing instruction 35/67 (step 35): Wait { duration: "1s", condition: None }
[2m2025-08-10T21:56:30.446956Z[0m [32m INFO[0m [2misotope::automation::ocr[0m[2m:[0m OCR SUCCESS with 10s timeout (496ms): 'Storage conf iguration FIIF SYSTEM SUMMARY MOINT POINT SIZE TYPE DEVICE TYPE 10.000G new ext4 new LVM logical volume /boot 1.771G new ext4 new partitinn of local disk AVAILABLE DEVICES DEVICE ubuntu-vg (new) free space Create software RATD (md) Create vn UISFD DEVICF DEVICE ubuntu-vg uhuntu-14 VBOX HARD Jartition part i1ion part it ion Help TYPE LVM volume group 18.222G 8.222 SIZE Confirm destructive actinn Select ing Cont inue below will begin the installat ion process and result in the loss of data on the disks selected to be formatted. nrevious screen once the You will nat be able to return to this or installat ion has started. Are you Sure you Want tn cont inue? No I Cont inup Done Reset Back'
[2m2025-08-10T21:56:30.447565Z[0m [32m INFO[0m [2misotope::automation::puppet[0m[2m:[0m Debug screenshot captured: C:\Users\redst\OneDrive\Documents\GitHub\Isotope\debug-steps\pre-35-1754862989.png
[2m2025-08-10T21:56:30.447844Z[0m [32m INFO[0m [2misotope::automation::puppet[0m[2m:[0m Waiting for 1s
[2m2025-08-10T21:56:32.265112Z[0m [32m INFO[0m [2misotope::automation::ocr[0m[2m:[0m OCR SUCCESS with 10s timeout (454ms): 'Storage conf iguration FIIF SYSTEM SUMMARY MOINT POINT SIZE TYPE DEVICE TYPE 10.000G new ext4 new LVM logical volume /boot 1.771G new ext4 new partitinn of local disk AVAILABLE DEVICES DEVICE ubuntu-vg (new) free space Create software RATD (md) Create vn UISFD DEVICF DEVICE ubuntu-vg uhuntu-14 VBOX HARD Jartition part i1ion part it ion Help TYPE LVM volume group 18.222G 8.222 SIZE Confirm destructive actinn Select ing Cont inue below will begin the installat ion process and result in the loss of data on the disks selected to be formatted. nrevious screen once the You will not be able to return to this or installat ion has started. Are you sure you Want tn cont inue? No [ continue Done Reset Back'
[2m2025-08-10T21:56:32.267095Z[0m [32m INFO[0m [2misotope::automation::puppet[0m[2m:[0m Debug screenshot captured: C:\Users\redst\OneDrive\Documents\GitHub\Isotope\debug-steps\post-35-1754862991.png
[2m2025-08-10T21:56:32.267374Z[0m [32m INFO[0m [2misotope::automation::puppet[0m[2m:[0m Executing instruction 36/67 (step 36): Press { key: "enter", repeat: None, modifiers: None }
[2m2025-08-10T21:56:33.198807Z[0m [32m INFO[0m [2misotope::automation::ocr[0m[2m:[0m OCR SUCCESS with 10s timeout (574ms): 'Storage conf iguration FIIF SYSTEM SUMMARY MOINT POINT SIZE TYPE DEVICE TYPE 10.000G new ext4 new LVM logical volume /boot 1.771G new ext4 new partitinn of local disk AVAILABLE DEVICES DEVICE ubuntu-vg (new) free space Create software RATD (md) Create vn UISFD DEVICF DEVICE ubuntu-vg uhuntu-14 VBOX HARD Jartition part i1ion part it ion Help TYPE LVM volume group 18.222G 8.222 SIZE Confirm destructive actinn Select ing Cont inue below will begin the installat ion process and result in the loss of data on the disks selected to be formatted. nrevious screen once the You will not be able to return to this or installat ion has started. Are you sure you Want tn cont inue? No [ continue Done Reset Back'
[2m2025-08-10T21:56:33.200206Z[0m [32m INFO[0m [2misotope::automation::puppet[0m[2m:[0m Debug screenshot captured: C:\Users\redst\OneDrive\Documents\GitHub\Isotope\debug-steps\pre-36-1754862992.png
[2m2025-08-10T21:56:34.086543Z[0m [32m INFO[0m [2misotope::automation::ocr[0m[2m:[0m OCR SUCCESS with 10s timeout (411ms): 'Profile figuration Help Enter the username and password you mi.ll use to log in to the sustem. You can conf igure SSH access nn later screen, but a dsSWord is still nepded for sudo, nassword Your name: Your servers name: Pick Choose Conf irm your password: hhe name it uses when it talks to other computers username: password: Done'
[2m2025-08-10T21:56:34.088501Z[0m [32m INFO[0m [2misotope::automation::puppet[0m[2m:[0m Debug screenshot captured: C:\Users\redst\OneDrive\Documents\GitHub\Isotope\debug-steps\post-36-1754862993.png
[2m2025-08-10T21:56:34.088904Z[0m [32m INFO[0m [2misotope::automation::puppet[0m[2m:[0m Executing instruction 37/67 (step 37): Wait { duration: "15s", condition: Some("Enter the username and password") }
[2m2025-08-10T21:56:34.871372Z[0m [32m INFO[0m [2misotope::automation::ocr[0m[2m:[0m OCR SUCCESS with 10s timeout (419ms): 'Profile figuration Help Enter the username and password you mi.ll use to log in to the sustem. You can conf igure SSH access nn later screen, but a dsSWord is still nepded for sudo, nassword Your name: Your servers name: Pick Choose Conf irm your password: hhe name it uses when it talks to other computers username: password: Done'
[2m2025-08-10T21:56:34.873273Z[0m [32m INFO[0m [2misotope::automation::puppet[0m[2m:[0m Debug screenshot captured: C:\Users\redst\OneDrive\Documents\GitHub\Isotope\debug-steps\pre-37-1754862994.png
[2m2025-08-10T21:56:34.873531Z[0m [32m INFO[0m [2misotope::automation::puppet[0m[2m:[0m Waiting up to 15s for condition: Enter the username and password
[2m2025-08-10T21:56:34.873646Z[0m [32m INFO[0m [2misotope::automation::puppet[0m[2m:[0m Waiting for screen text 'Enter the username and password' on VM isotope-vm-eb5a0615
[2m2025-08-10T21:56:35.675165Z[0m [32m INFO[0m [2misotope::automation::ocr[0m[2m:[0m OCR SUCCESS with 10s timeout (440ms): 'Profile figuration Help Enter the username and password you mi.ll use to log in to the sustem. You can conf igure SSH access nn later screen, but a dsSWord is still nepded for sudo, nassword Your name: Your servers name: Pick a username: password: Conf irm your password: hhe name it uses when it talks to other computers Choose Done'
[2m2025-08-10T21:56:35.676731Z[0m [32m INFO[0m [2misotope::automation::puppet[0m[2m:[0m Condition 'Enter the username and password' met successfully
[2m2025-08-10T21:56:36.442330Z[0m [32m INFO[0m [2misotope::automation::ocr[0m[2m:[0m OCR SUCCESS with 10s timeout (409ms): 'Profile figuration Help Enter the username and password you mi.ll use to log in to the sustem. You can conf igure SSH access nn later screen, but a dsSWord is still nepded for sudo, nassword Your name: Your servers name: Pick a username: password: Conf irm your password: hhe name it uses when it talks to other computers Choose Done'
[2m2025-08-10T21:56:36.445117Z[0m [32m INFO[0m [2misotope::automation::puppet[0m[2m:[0m Debug screenshot captured: C:\Users\redst\OneDrive\Documents\GitHub\Isotope\debug-steps\notice-37-1754862996.png
[2m2025-08-10T21:56:37.255735Z[0m [32m INFO[0m [2misotope::automation::ocr[0m[2m:[0m OCR SUCCESS with 10s timeout (451ms): 'Profile figuration Help Enter the username and password you mi.ll use to log in to the sustem. You can conf igure SSH access nn later screen, but a dsSWord is still nepded for sudo, nassword Your name: Your servers name: Pick a username: password: Conf irm your password: hhe name it uses when it talks to other computers Choose Done'
[2m2025-08-10T21:56:37.257557Z[0m [32m INFO[0m [2misotope::automation::puppet[0m[2m:[0m Debug screenshot captured: C:\Users\redst\OneDrive\Documents\GitHub\Isotope\debug-steps\post-37-1754862996.png
[2m2025-08-10T21:56:37.257806Z[0m [32m INFO[0m [2misotope::automation::puppet[0m[2m:[0m Executing instruction 38/67 (step 38): Type { text: "ubuntu" }
[2m2025-08-10T21:56:38.076179Z[0m [32m INFO[0m [2misotope::automation::ocr[0m[2m:[0m OCR SUCCESS with 10s timeout (461ms): 'Profile figuration Help Enter the username and password you mi.ll use to log in to the sustem. You can conf igure SSH access nn later screen, but a dsSWord is still nepded for sudo, nassword Your name: Your servers name: Pick Choose Conf irm your password: hhe name it uses when it talks to other computers username: password: Done'
[2m2025-08-10T21:56:38.077033Z[0m [32m INFO[0m [2misotope::automation::puppet[0m[2m:[0m Debug screenshot captured: C:\Users\redst\OneDrive\Documents\GitHub\Isotope\debug-steps\pre-38-1754862997.png
[2m2025-08-10T21:56:38.077830Z[0m [32m INFO[0m [2misotope::automation::keypress[0m[2m:[0m Typing text to VM isotope-vm-eb5a0615: 'ubuntu'
[2m2025-08-10T21:56:39.149746Z[0m [32m INFO[0m [2misotope::automation::ocr[0m[2m:[0m OCR SUCCESS with 10s timeout (506ms): 'Profile configuration  Help Enter the username and password you mi.ll use to log in to the sustem. You can conf igure SSH access nn later screen, but a nassinrd is still nepded for sudo. rour name: uhuntu Your servers name: Pick a username: Choose a password: Conf irm your password: hhe namp it uses when it talks to other computers Done'
[2m2025-08-10T21:56:39.150991Z[0m [32m INFO[0m [2misotope::automation::puppet[0m[2m:[0m Debug screenshot captured: C:\Users\redst\OneDrive\Documents\GitHub\Isotope\debug-steps\post-38-1754862998.png
[2m2025-08-10T21:56:39.151347Z[0m [32m INFO[0m [2misotope::automation::puppet[0m[2m:[0m Executing instruction 39/67 (step 39): Press { key: "tab", repeat: None, modifiers: None }
[2m2025-08-10T21:56:39.976742Z[0m [32m INFO[0m [2misotope::automation::ocr[0m[2m:[0m OCR SUCCESS with 10s timeout (468ms): 'Profile configuration  Help Enter the username and password you mi.ll use to log in to the sustem. You can conf igure SSH access nn later screen, but a nassinrd is still nepded for sudo. rour name: uhuntu Your servers name: Pick a username: Choose a password: Conf irm your password: hhe namp it uses when it talks to other computers Done'
[2m2025-08-10T21:56:39.977603Z[0m [32m INFO[0m [2misotope::automation::puppet[0m[2m:[0m Debug screenshot captured: C:\Users\redst\OneDrive\Documents\GitHub\Isotope\debug-steps\pre-39-1754862999.png
[2m2025-08-10T21:56:40.780008Z[0m [32m INFO[0m [2misotope::automation::ocr[0m[2m:[0m OCR SUCCESS with 10s timeout (337ms): 'Prof ile conf igurat ion Enter the username and password you mill use to log in to the sustem. You can conf igure SSH access on later screen, but a nassinrd is still nepded for sudo. four name: ubuntu Your servers nam: Help The namp it uses when it talks to other computers Pick Choose Conf irm your password: username: password: Done'
[2m2025-08-10T21:56:40.781901Z[0m [32m INFO[0m [2misotope::automation::puppet[0m[2m:[0m Debug screenshot captured: C:\Users\redst\OneDrive\Documents\GitHub\Isotope\debug-steps\post-39-1754863000.png
[2m2025-08-10T21:56:40.782181Z[0m [32m INFO[0m [2misotope::automation::puppet[0m[2m:[0m Executing instruction 40/67 (step 40): Type { text: "ubuntu-server" }
[2m2025-08-10T21:56:41.500008Z[0m [32m INFO[0m [2misotope::automation::ocr[0m[2m:[0m OCR SUCCESS with 10s timeout (361ms): 'Prof ile conf igurat ion Enter the username and password you mill use to log in to the sustem. You can conf igure SSH access on later screen, but a nassinrd is still nepded for sudo. four name: ubuntu Your servers nam: Help The namp it uses when it talks to other computers Pick Choose Conf irm your password: username: password: Done'
[2m2025-08-10T21:56:41.502091Z[0m [32m INFO[0m [2misotope::automation::puppet[0m[2m:[0m Debug screenshot captured: C:\Users\redst\OneDrive\Documents\GitHub\Isotope\debug-steps\pre-40-1754863001.png
[2m2025-08-10T21:56:41.502710Z[0m [32m INFO[0m [2misotope::automation::keypress[0m[2m:[0m Typing text to VM isotope-vm-eb5a0615: 'ubuntu-server'
[2m2025-08-10T21:56:42.614308Z[0m [32m INFO[0m [2misotope::automation::ocr[0m[2m:[0m OCR SUCCESS with 10s timeout (398ms): 'Profile configuration  Help Enter the username and password you mill use to log in to the sustem. You can conf igure SSH access on nasslinrd is still needed for sudo. four name: ubuntu Your servers nam: uhuntu-serven The name it uses when it talks to other computers later screen, but Pick Choose username: password: Conf irm your password: Done'
[2m2025-08-10T21:56:42.615428Z[0m [32m INFO[0m [2misotope::automation::puppet[0m[2m:[0m Debug screenshot captured: C:\Users\redst\OneDrive\Documents\GitHub\Isotope\debug-steps\post-40-1754863002.png
[2m2025-08-10T21:56:42.615629Z[0m [32m INFO[0m [2misotope::automation::puppet[0m[2m:[0m Executing instruction 41/67 (step 41): Press { key: "tab", repeat: None, modifiers: None }
[2m2025-08-10T21:56:43.362623Z[0m [32m INFO[0m [2misotope::automation::ocr[0m[2m:[0m OCR SUCCESS with 10s timeout (394ms): 'Profile configuration  Help Enter the username and password you mill use to log in to the sustem. You can conf igure SSH access on nasslinrd is still needed for sudo. four name: ubuntu Your servers nam: uhuntu-serven The name it uses when it talks to other computers later screen, but Pick Choose username: password: Conf irm your password: Done'
[2m2025-08-10T21:56:43.363718Z[0m [32m INFO[0m [2misotope::automation::puppet[0m[2m:[0m Debug screenshot captured: C:\Users\redst\OneDrive\Documents\GitHub\Isotope\debug-steps\pre-41-1754863002.png
[2m2025-08-10T21:56:44.236974Z[0m [32m INFO[0m [2misotope::automation::ocr[0m[2m:[0m OCR SUCCESS with 10s timeout (415ms): 'Profile configuration  Help Enter the username and password you mill use to log in to the sustem. You can conf igure SSH access on nasslinrd is still needed for sudo. four namp: ubuntu Your servers name: ubuntu-server The namp it uses when it talks to other computers later screen, but Pick Choose username: password: Conf irm your password: Done'
[2m2025-08-10T21:56:44.238922Z[0m [32m INFO[0m [2misotope::automation::puppet[0m[2m:[0m Debug screenshot captured: C:\Users\redst\OneDrive\Documents\GitHub\Isotope\debug-steps\post-41-1754863003.png
[2m2025-08-10T21:56:44.239186Z[0m [32m INFO[0m [2misotope::automation::puppet[0m[2m:[0m Executing instruction 42/67 (step 42): Type { text: "ubuntu" }
[2m2025-08-10T21:56:45.029351Z[0m [32m INFO[0m [2misotope::automation::ocr[0m[2m:[0m OCR SUCCESS with 10s timeout (434ms): 'Profile configuration  Help Enter the username and password you mill use to log in to the sustem. You can conf igure SSH access on nasslinrd is still needed for sudo. four namp: ubuntu Your servers name: ubuntu-server The namp it uses when it talks to other computers later screen, but Pick Choose username: password: Conf irm your password: Done'
[2m2025-08-10T21:56:45.031145Z[0m [32m INFO[0m [2misotope::automation::puppet[0m[2m:[0m Debug screenshot captured: C:\Users\redst\OneDrive\Documents\GitHub\Isotope\debug-steps\pre-42-1754863004.png
[2m2025-08-10T21:56:45.031565Z[0m [32m INFO[0m [2misotope::automation::keypress[0m[2m:[0m Typing text to VM isotope-vm-eb5a0615: 'ubuntu'
[2m2025-08-10T21:56:45.907041Z[0m [32m INFO[0m [2misotope::automation::ocr[0m[2m:[0m OCR SUCCESS with 10s timeout (312ms): 'Profile conf igurat ion later screen, but a nassinrd is still nepded for sudo. four name: ubuntu Help Enter the username and password you mill use to log in to the sustem. You can conf igure SSH access on Your servers name: ubuntu-server The namp it uses when it talks to other computers Pick a username: uhuntu Choose a password: Conf irm your password: Done'
[2m2025-08-10T21:56:45.908772Z[0m [32m INFO[0m [2misotope::automation::puppet[0m[2m:[0m Debug screenshot captured: C:\Users\redst\OneDrive\Documents\GitHub\Isotope\debug-steps\post-42-1754863005.png
[2m2025-08-10T21:56:45.909133Z[0m [32m INFO[0m [2misotope::automation::puppet[0m[2m:[0m Executing instruction 43/67 (step 43): Press { key: "tab", repeat: None, modifiers: None }
[2m2025-08-10T21:56:46.573182Z[0m [32m INFO[0m [2misotope::automation::ocr[0m[2m:[0m OCR SUCCESS with 10s timeout (311ms): 'Profile conf igurat ion Enter the username and password you mill use to log in to the sustem. You can conf igure SSH access on later screen, but a nassinrd is still nepded for sudo. four namp: ubuntu Help Your servers name: ubuntu-server The namp it uses when it talks to other computers Pick a username: uhuntu Choose a password: Conf irm your password: Done'
[2m2025-08-10T21:56:46.576918Z[0m [32m INFO[0m [2misotope::automation::puppet[0m[2m:[0m Debug screenshot captured: C:\Users\redst\OneDrive\Documents\GitHub\Isotope\debug-steps\pre-43-1754863006.png
[2m2025-08-10T21:56:47.359923Z[0m [32m INFO[0m [2misotope::automation::ocr[0m[2m:[0m OCR SUCCESS with 10s timeout (332ms): 'Profile conf igurat ion Enter the username and password you mill use to log in to the sustem. You can conf igure SSH access on later screen, but a nassinrd is still nepded for sudo. four namp: ubuntu Help Your servers name: ubuntu-server The namp it uses when it talks to other computers Pick a username: uhuntu Choose a password: Conf irm your password: Done'
[2m2025-08-10T21:56:47.360851Z[0m [32m INFO[0m [2misotope::automation::puppet[0m[2m:[0m Debug screenshot captured: C:\Users\redst\OneDrive\Documents\GitHub\Isotope\debug-steps\post-43-1754863007.png
[2m2025-08-10T21:56:47.361113Z[0m [32m INFO[0m [2misotope::automation::puppet[0m[2m:[0m Executing instruction 44/67 (step 44): Type { text: "ubuntu" }
[2m2025-08-10T21:56:48.125459Z[0m [32m INFO[0m [2misotope::automation::ocr[0m[2m:[0m OCR SUCCESS with 10s timeout (408ms): 'Profile configuration  Help Enter the username and password you mill use to log in to the sustem. You can conf igure SSH access on nasslinrd is still needed for sudo. four namp: ubuntu Your servers nam: ubuntu-server The name it uses when it talks to other computers username: ubuntu password: later screen, but Pick Choose Conf irm your password: Done'
[2m2025-08-10T21:56:48.127208Z[0m [32m INFO[0m [2misotope::automation::puppet[0m[2m:[0m Debug screenshot captured: C:\Users\redst\OneDrive\Documents\GitHub\Isotope\debug-steps\pre-44-1754863007.png
[2m2025-08-10T21:56:48.127707Z[0m [32m INFO[0m [2misotope::automation::keypress[0m[2m:[0m Typing text to VM isotope-vm-eb5a0615: 'ubuntu'
[2m2025-08-10T21:56:49.022156Z[0m [32m INFO[0m [2misotope::automation::ocr[0m[2m:[0m OCR SUCCESS with 10s timeout (338ms): 'Profile conf igurat ion later screen, but a nassinrd is still nepded for sudo. four namp: ubuntu Help Enter the username and password you mill use to log in to the sustem. You can conf igure SSH access on Your servers name: ubuntu-server The namp it uses when it talks to other computers Pick a username: ubuntu Choose a passuinrd: okk Conf irm your passunrd: Done'
[2m2025-08-10T21:56:49.022904Z[0m [32m INFO[0m [2misotope::automation::puppet[0m[2m:[0m Debug screenshot captured: C:\Users\redst\OneDrive\Documents\GitHub\Isotope\debug-steps\post-44-1754863008.png
[2m2025-08-10T21:56:49.023187Z[0m [32m INFO[0m [2misotope::automation::puppet[0m[2m:[0m Executing instruction 45/67 (step 45): Press { key: "tab", repeat: None, modifiers: None }
[2m2025-08-10T21:56:49.723982Z[0m [32m INFO[0m [2misotope::automation::ocr[0m[2m:[0m OCR SUCCESS with 10s timeout (348ms): 'Profile conf igurat ion later screen, but a nassinrd is still nepded for sudo. four namp: ubuntu Help Enter the username and password you mill use to log in to the sustem. You can conf igure SSH access on Your servers name: ubuntu-server The namp it uses when it talks to other computers Pick a username: ubuntu Choose a passuinrd: okk Conf irm your passunrd: Done'
[2m2025-08-10T21:56:49.724696Z[0m [32m INFO[0m [2misotope::automation::puppet[0m[2m:[0m Debug screenshot captured: C:\Users\redst\OneDrive\Documents\GitHub\Isotope\debug-steps\pre-45-1754863009.png
[2m2025-08-10T21:56:50.511975Z[0m [32m INFO[0m [2misotope::automation::ocr[0m[2m:[0m OCR SUCCESS with 10s timeout (335ms): 'Profile conf igurat ion Enter the username and password you mill use to log in to the sustem. You can conf igure SSH access on later screen, but a nassinrd is still nepded for sudo. four namp: ubuntu Help Your servers nam: ubuntu-server The name it uses when it talks to other combuters Pick a username: ubuntu Choose a passlnrd: xKk Conf irm your password: Done'
[2m2025-08-10T21:56:50.514899Z[0m [32m INFO[0m [2misotope::automation::puppet[0m[2m:[0m Debug screenshot captured: C:\Users\redst\OneDrive\Documents\GitHub\Isotope\debug-steps\post-45-1754863010.png
[2m2025-08-10T21:56:50.518833Z[0m [32m INFO[0m [2misotope::automation::puppet[0m[2m:[0m Executing instruction 46/67 (step 46): Type { text: "ubuntu" }
[2m2025-08-10T21:56:51.231466Z[0m [32m INFO[0m [2misotope::automation::ocr[0m[2m:[0m OCR SUCCESS with 10s timeout (357ms): 'Profile conf igurat ion Enter the username and password you mill use to log in to the sustem. You can conf igure SSH access on later screen, but a nassinrd is still nepded for sudo. four namp: ubuntu Help Your servers nam: ubuntu-server The name it uses when it talks to other combuters Pick a username: ubuntu Choose a passlnrd: xKk Conf irm your password: Done'
[2m2025-08-10T21:56:51.232208Z[0m [32m INFO[0m [2misotope::automation::puppet[0m[2m:[0m Debug screenshot captured: C:\Users\redst\OneDrive\Documents\GitHub\Isotope\debug-steps\pre-46-1754863010.png
[2m2025-08-10T21:56:51.232668Z[0m [32m INFO[0m [2misotope::automation::keypress[0m[2m:[0m Typing text to VM isotope-vm-eb5a0615: 'ubuntu'
[2m2025-08-10T21:56:52.187415Z[0m [32m INFO[0m [2misotope::automation::ocr[0m[2m:[0m OCR SUCCESS with 10s timeout (401ms): 'Profile configuration  Help Enter the username and password you mill use to log in to the sustem. You can conf igure SSH access on later screen, but a nassinrd is still nepded for sudo. four namp: ubuntu Your servers name: ubuntu-server The name it uses when it talks to other combuters Pick a username: ubuntu Choose a passud: **** Conf irm uour passunrd: *k Done'
[2m2025-08-10T21:56:52.189276Z[0m [32m INFO[0m [2misotope::automation::puppet[0m[2m:[0m Debug screenshot captured: C:\Users\redst\OneDrive\Documents\GitHub\Isotope\debug-steps\post-46-1754863011.png
[2m2025-08-10T21:56:52.189466Z[0m [32m INFO[0m [2misotope::automation::puppet[0m[2m:[0m Executing instruction 47/67 (step 47): Press { key: "tab", repeat: None, modifiers: None }
[2m2025-08-10T21:56:52.960628Z[0m [32m INFO[0m [2misotope::automation::ocr[0m[2m:[0m OCR SUCCESS with 10s timeout (418ms): 'Profile configuration  Help Enter the username and password you mill use to log in to the sustem. You can conf igure SSH access on later screen, but a nassinrd is still nepded for sudo. Your name: ubuntu Your servers nam: ubuntu-server The name it uses when it talks to other combuters Pick a username: ubuntu Choose a passud: **** Conf irm uour passunrd: ok Done'
[2m2025-08-10T21:56:52.961856Z[0m [32m INFO[0m [2misotope::automation::puppet[0m[2m:[0m Debug screenshot captured: C:\Users\redst\OneDrive\Documents\GitHub\Isotope\debug-steps\pre-47-1754863012.png
[2m2025-08-10T21:56:53.831964Z[0m [32m INFO[0m [2misotope::automation::ocr[0m[2m:[0m OCR SUCCESS with 10s timeout (417ms): 'Profile configuration  Help Enter the username and password you mill use to log in to the sustem. You can conf igure SSH access on later screen, but a nassinrd is still nepded for sudo. Your name: ubuntu Your servers nam: ubuntu-server The name it uses when it talks to other combuters Pick a username: ubuntu Choose a passud: **** Conf irm uour passund: xKK*k Done'
[2m2025-08-10T21:56:53.832818Z[0m [32m INFO[0m [2misotope::automation::puppet[0m[2m:[0m Debug screenshot captured: C:\Users\redst\OneDrive\Documents\GitHub\Isotope\debug-steps\post-47-1754863013.png
[2m2025-08-10T21:56:53.833086Z[0m [32m INFO[0m [2misotope::automation::puppet[0m[2m:[0m Executing instruction 48/67 (step 48): Press { key: "enter", repeat: None, modifiers: None }
[2m2025-08-10T21:56:54.583882Z[0m [32m INFO[0m [2misotope::automation::ocr[0m[2m:[0m OCR SUCCESS with 10s timeout (398ms): 'Profile configuration  Help Enter the username and password you mill use to log in to the sustem. You can conf igure SSH access on later screen, but a nassinrd is still nepded for sudo. Your name: ubuntu Your servers nam: ubuntu-server The name it uses when it talks to other combuters Pick a username: ubuntu Choose a passud: **** Conf irm uour passund: xKK*k Done'
[2m2025-08-10T21:56:54.584616Z[0m [32m INFO[0m [2misotope::automation::puppet[0m[2m:[0m Debug screenshot captured: C:\Users\redst\OneDrive\Documents\GitHub\Isotope\debug-steps\pre-48-1754863014.png
[2m2025-08-10T21:56:55.518261Z[0m [32m INFO[0m [2misotope::automation::ocr[0m[2m:[0m OCR SUCCESS with 10s timeout (486ms): 'Upgrade to Ubuntu Pro [ Help Upgrade this machine to Ubuntu Pro for security updates on  lluch wider range of packages, until much 2032. Assists with FedRAMP, FIPS, STIG, HIPAA and other compliance or hardening requirements. About Ubuntu Pro [) Enable Ubunt Pro (x) Skin for now You can always enable Ubuntu Pro later using the 'pro attach "command. Cont inue Back'
[2m2025-08-10T21:56:55.519012Z[0m [32m INFO[0m [2misotope::automation::puppet[0m[2m:[0m Debug screenshot captured: C:\Users\redst\OneDrive\Documents\GitHub\Isotope\debug-steps\post-48-1754863015.png
[2m2025-08-10T21:56:55.519229Z[0m [32m INFO[0m [2misotope::automation::puppet[0m[2m:[0m Executing instruction 49/67 (step 49): Wait { duration: "10s", condition: None }
[2m2025-08-10T21:56:56.379132Z[0m [32m INFO[0m [2misotope::automation::ocr[0m[2m:[0m OCR SUCCESS with 10s timeout (507ms): 'Upgrade to Ubuntu Pro [ Help Upgrade this machine to Ubuntu Pro for security updates on  lluch wider range of packages, until much 2032. Assists with FedRAMP, FIPS, STIG, HIPAA and other compliance or hardening requirements. About Ubuntu Pro [) Enable Ubunt Pro (x) Skin for now You can always enable Ubuntu Pro later using the 'pro attach "command. Cont inue Back'
[2m2025-08-10T21:56:56.379758Z[0m [32m INFO[0m [2misotope::automation::puppet[0m[2m:[0m Debug screenshot captured: C:\Users\redst\OneDrive\Documents\GitHub\Isotope\debug-steps\pre-49-1754863015.png
[2m2025-08-10T21:56:56.379977Z[0m [32m INFO[0m [2misotope::automation::puppet[0m[2m:[0m Waiting for 10s
[2m2025-08-10T21:57:07.251702Z[0m [32m INFO[0m [2misotope::automation::ocr[0m[2m:[0m OCR SUCCESS with 10s timeout (516ms): 'Upgrade to Ubuntu Pro [ Help Upgrade this machine to Ubuntu Pro for security updates on  lluch wider range of packages, until much 2032. Assists with FedRAMP, FIPS, STIG, HIPAA and other compliance or hardening requirements. About Ubuntu Pro [) Enable Ubunt Pro (x) Skin for now You can always enable Ubuntu Pro later using the 'pro attach "command. Cont inue Back'
[2m2025-08-10T21:57:07.253750Z[0m [32m INFO[0m [2misotope::automation::puppet[0m[2m:[0m Debug screenshot captured: C:\Users\redst\OneDrive\Documents\GitHub\Isotope\debug-steps\post-49-1754863026.png
[2m2025-08-10T21:57:07.253981Z[0m [32m INFO[0m [2misotope::automation::puppet[0m[2m:[0m Executing instruction 50/67 (step 50): Press { key: "enter", repeat: None, modifiers: None }
[2m2025-08-10T21:57:08.108305Z[0m [32m INFO[0m [2misotope::automation::ocr[0m[2m:[0m OCR SUCCESS with 10s timeout (498ms): 'Upgrade to Ubuntu Pro [ Help Upgrade this machine to Ubuntu Pro for security updates on  lluch wider range of packages, until much 2032. Assists with FedRAMP, FIPS, STIG, HIPAA and other compliance or hardening requirements. About Ubuntu Pro [) Enable Ubunt Pro (x) Skin for now You can always enable Ubuntu Pro later using the 'pro attach "command. Cont inue Back'
[2m2025-08-10T21:57:08.110042Z[0m [32m INFO[0m [2misotope::automation::puppet[0m[2m:[0m Debug screenshot captured: C:\Users\redst\OneDrive\Documents\GitHub\Isotope\debug-steps\pre-50-1754863027.png
[2m2025-08-10T21:57:08.941923Z[0m [32m INFO[0m [2misotope::automation::ocr[0m[2m:[0m OCR SUCCESS with 10s timeout (378ms): 'SSH configuration  Help You can chnose to instal the OpenssH server package to enable securp remote access to your server [ ] Instal] Openssl Server [X] Allow password authent ication Over SSH Import SSH keu AUTHORIZED KEYS No authori>ed keu Done Back'
[2m2025-08-10T21:57:08.943820Z[0m [32m INFO[0m [2misotope::automation::puppet[0m[2m:[0m Debug screenshot captured: C:\Users\redst\OneDrive\Documents\GitHub\Isotope\debug-steps\post-50-1754863028.png
[2m2025-08-10T21:57:08.944069Z[0m [32m INFO[0m [2misotope::automation::puppet[0m[2m:[0m Executing instruction 51/67 (step 51): Wait { duration: "10s", condition: Some("SSH configuration") }
[2m2025-08-10T21:57:09.725027Z[0m [32m INFO[0m [2misotope::automation::ocr[0m[2m:[0m OCR SUCCESS with 10s timeout (424ms): 'SSH configuration  Help You can chnose to instal the OpenssH server package to enable securp remote access to your server [ ] Instal] Openssl Server [X] Allow password authent ication Over SSH Import SSH keu AUTHORIZED KEYS No authori>ed keu Done Back'
[2m2025-08-10T21:57:09.726982Z[0m [32m INFO[0m [2misotope::automation::puppet[0m[2m:[0m Debug screenshot captured: C:\Users\redst\OneDrive\Documents\GitHub\Isotope\debug-steps\pre-51-1754863029.png
[2m2025-08-10T21:57:09.727334Z[0m [32m INFO[0m [2misotope::automation::puppet[0m[2m:[0m Waiting up to 10s for condition: SSH configuration
[2m2025-08-10T21:57:09.727452Z[0m [32m INFO[0m [2misotope::automation::puppet[0m[2m:[0m Waiting for screen text 'SSH configuration' on VM isotope-vm-eb5a0615
[2m2025-08-10T21:57:10.536181Z[0m [32m INFO[0m [2misotope::automation::ocr[0m[2m:[0m OCR SUCCESS with 10s timeout (457ms): 'SSH configuration  Help You can chnose to instal the OpenssH server package to enable securp remote access to your server [._] Install Openss server [X] Allow password authent ication Over SSH Import SSH keu AUTHORIZED KEYS No authori>ed keu Done Back'
[2m2025-08-10T21:57:10.537706Z[0m [32m INFO[0m [2misotope::automation::puppet[0m[2m:[0m Condition 'SSH configuration' met successfully
[2m2025-08-10T21:57:11.281050Z[0m [32m INFO[0m [2misotope::automation::ocr[0m[2m:[0m OCR SUCCESS with 10s timeout (387ms): 'SSH configuration  Help You can chnose to instal the OpenssH server package to enable securp remote access to your server [._] Install Openss server [X] Allow password authent ication Over SSH Import SSH keu AUTHORIZED KEYS No authori>ed keu Done Back'
[2m2025-08-10T21:57:11.282636Z[0m [32m INFO[0m [2misotope::automation::puppet[0m[2m:[0m Debug screenshot captured: C:\Users\redst\OneDrive\Documents\GitHub\Isotope\debug-steps\notice-51-1754863030.png
[2m2025-08-10T21:57:12.073287Z[0m [32m INFO[0m [2misotope::automation::ocr[0m[2m:[0m OCR SUCCESS with 10s timeout (437ms): 'SSH configuration  Help You can chnose to instal the OpenssH server package to enable securp remote access to your server [._] Install Openss server [X] Allow password authent ication Over SSH Import SSH keu AUTHORIZED KEYS No authori>ed keu Done Back'
[2m2025-08-10T21:57:12.074589Z[0m [32m INFO[0m [2misotope::automation::puppet[0m[2m:[0m Debug screenshot captured: C:\Users\redst\OneDrive\Documents\GitHub\Isotope\debug-steps\post-51-1754863031.png
[2m2025-08-10T21:57:12.074861Z[0m [32m INFO[0m [2misotope::automation::puppet[0m[2m:[0m Executing instruction 52/67 (step 52): Press { key: "space", repeat: None, modifiers: None }
[2m2025-08-10T21:57:12.852695Z[0m [32m INFO[0m [2misotope::automation::ocr[0m[2m:[0m OCR SUCCESS with 10s timeout (426ms): 'SSH configuration  Help You can chnose to instal the OpenssH server package to enable securp remote access to your server [._] Install Openss server [X] Allow password authent ication Over SSH Import SSH keu AUTHORIZED KEYS No authori>ed keu Done Back'
[2m2025-08-10T21:57:12.853922Z[0m [32m INFO[0m [2misotope::automation::puppet[0m[2m:[0m Debug screenshot captured: C:\Users\redst\OneDrive\Documents\GitHub\Isotope\debug-steps\pre-52-1754863032.png
[2m2025-08-10T21:57:13.739576Z[0m [32m INFO[0m [2misotope::automation::ocr[0m[2m:[0m OCR SUCCESS with 10s timeout (429ms): 'SSH configuration  Help You can chnose to instal the OpenssH server package to enable securp remote access to your server [X] Install OpenSsH server [X] Allow password authentication over SSH Import SSH key AUTHORIZED KFYS No authori>ed keu Done Back'
[2m2025-08-10T21:57:13.741497Z[0m [32m INFO[0m [2misotope::automation::puppet[0m[2m:[0m Debug screenshot captured: C:\Users\redst\OneDrive\Documents\GitHub\Isotope\debug-steps\post-52-1754863033.png
[2m2025-08-10T21:57:13.741837Z[0m [32m INFO[0m [2misotope::automation::puppet[0m[2m:[0m Executing instruction 53/67 (step 53): Wait { duration: "2s", condition: None }
[2m2025-08-10T21:57:14.509218Z[0m [32m INFO[0m [2misotope::automation::ocr[0m[2m:[0m OCR SUCCESS with 10s timeout (414ms): 'SSH configuration  Help You can chnose to instal the OpenssH server package to enable securp remote access to your server [X] Install OpenSsH server [X] Allow password authentication over SSH Import SSH key AUTHORIZED KFYS No authori>ed keu Done Back'
[2m2025-08-10T21:57:14.510184Z[0m [32m INFO[0m [2misotope::automation::puppet[0m[2m:[0m Debug screenshot captured: C:\Users\redst\OneDrive\Documents\GitHub\Isotope\debug-steps\pre-53-1754863034.png
[2m2025-08-10T21:57:14.510978Z[0m [32m INFO[0m [2misotope::automation::puppet[0m[2m:[0m Waiting for 2s
[2m2025-08-10T21:57:17.287576Z[0m [32m INFO[0m [2misotope::automation::ocr[0m[2m:[0m OCR SUCCESS with 10s timeout (424ms): 'SSH configuration  Help You can chnose to instal the OpenssH server package to enable securp remote access to your server [X] Install OpenSS server [X] Allow password authenticatinn over SSH Import SSH key AUTHORIZED KFYS No authori>ed keu Done Back'
[2m2025-08-10T21:57:17.303604Z[0m [32m INFO[0m [2misotope::automation::puppet[0m[2m:[0m Debug screenshot captured: C:\Users\redst\OneDrive\Documents\GitHub\Isotope\debug-steps\post-53-1754863036.png
[2m2025-08-10T21:57:17.320543Z[0m [32m INFO[0m [2misotope::automation::puppet[0m[2m:[0m Executing instruction 54/67 (step 54): Press { key: "tab", repeat: None, modifiers: None }
[2m2025-08-10T21:57:18.098951Z[0m [32m INFO[0m [2misotope::automation::ocr[0m[2m:[0m OCR SUCCESS with 10s timeout (425ms): 'SSH configuration  Help You can chnose to instal the OpenssH server package to enable securp remote access to your server [X] Install OpenSS server [X] Allow password authenticatinn over SSH Import SSH key AUTHORIZED KFYS No authori>ed keu Done Back'
[2m2025-08-10T21:57:18.099963Z[0m [32m INFO[0m [2misotope::automation::puppet[0m[2m:[0m Debug screenshot captured: C:\Users\redst\OneDrive\Documents\GitHub\Isotope\debug-steps\pre-54-1754863037.png
[2m2025-08-10T21:57:18.968097Z[0m [32m INFO[0m [2misotope::automation::ocr[0m[2m:[0m OCR SUCCESS with 10s timeout (419ms): 'SSH configuration  Help You can chnose to instal the OpenssH server package to enable securp remote access to your server [X] Instal] OpenSs server [X] Allow password athentication Over SSH Import SSH keu AUTHORIZED KEYS Nn authori7ed keu Done Back'
[2m2025-08-10T21:57:18.968989Z[0m [32m INFO[0m [2misotope::automation::puppet[0m[2m:[0m Debug screenshot captured: C:\Users\redst\OneDrive\Documents\GitHub\Isotope\debug-steps\post-54-1754863038.png
[2m2025-08-10T21:57:18.969278Z[0m [32m INFO[0m [2misotope::automation::puppet[0m[2m:[0m Executing instruction 55/67 (step 55): Press { key: "tab", repeat: None, modifiers: None }
[2m2025-08-10T21:57:19.753640Z[0m [32m INFO[0m [2misotope::automation::ocr[0m[2m:[0m OCR SUCCESS with 10s timeout (430ms): 'SSH configuration  Help You can chnose to instal the OpenssH server package to enable securp remote access to your server [X] Instal] OpenSs server [X] Allow password athentication Over SSH Import SSH keu AUTHORIZED KEYS Nn authori7ed keu Done Back'
[2m2025-08-10T21:57:19.757285Z[0m [32m INFO[0m [2misotope::automation::puppet[0m[2m:[0m Debug screenshot captured: C:\Users\redst\OneDrive\Documents\GitHub\Isotope\debug-steps\pre-55-1754863039.png
[2m2025-08-10T21:57:20.633573Z[0m [32m INFO[0m [2misotope::automation::ocr[0m[2m:[0m OCR SUCCESS with 10s timeout (423ms): 'SSH configuration  Help You can chnose to instal the OpenssH server package to enable securp remote access to your server [X] Install OpenSS server [X] Allow password authenticatinn over SSH Import SSH key AUTHORIZED KFYS No authori>ed keu Done Back'
[2m2025-08-10T21:57:20.637494Z[0m [32m INFO[0m [2misotope::automation::puppet[0m[2m:[0m Debug screenshot captured: C:\Users\redst\OneDrive\Documents\GitHub\Isotope\debug-steps\post-55-1754863040.png
[2m2025-08-10T21:57:20.637764Z[0m [32m INFO[0m [2misotope::automation::puppet[0m[2m:[0m Executing instruction 56/67 (step 56): Press { key: "enter", repeat: None, modifiers: None }
[2m2025-08-10T21:57:21.404090Z[0m [32m INFO[0m [2misotope::automation::ocr[0m[2m:[0m OCR SUCCESS with 10s timeout (411ms): 'SSH configuration  Help You can chnose to instal the OpenssH server package to enable securp remote access to your server [X] Install OpenSS server [X] Allow password authenticatinn over SSH Import SSH key AUTHORIZED KFYS No authori>ed keu Done Back'
[2m2025-08-10T21:57:21.406508Z[0m [32m INFO[0m [2misotope::automation::puppet[0m[2m:[0m Debug screenshot captured: C:\Users\redst\OneDrive\Documents\GitHub\Isotope\debug-steps\pre-56-1754863040.png
[2m2025-08-10T21:57:22.625167Z[0m [32m INFO[0m [2misotope::automation::ocr[0m[2m:[0m OCR SUCCESS with 10s timeout (738ms): 'Featured server snaps These are popuJar snaps in serve environments. Select or deselect with SPACE. ress ENTFR to see more details of the package, publisher and versions available. canonica. nextclnud xet7 katacontainers cannnical ] canonical-livepatch canonical ] rocketchat-server rocketchat mos?uittow cannnical canonical saf ihre snapcrafterst aWs google-cloud-sdk softlayer digitalocean cmdd keepalived-pro.iect canonical Help I microk?s J nextcloud J wekan 1 kata-containers J docker ] mosquitto ] etcd 7 powershell 1 sahnzbd J wormhole J aws-r.li ] google-Cloud-sdk 1 slcli J doct1 ] postgresl10 ] keepalived [ ] prometheus Kubernetes for workstat ions and appliances Nextcloud Server A safe home for all your data Open-Source kanban Build lightweight VMs that seamlesslu plug into the Co Docker container runt ime Canonical Livepatch Client Rocket Chat server Eclipse Mosquitto MOTT broker Resilient key-value store bu Coreos PowerShell for every system! SABnzbd get things from one computer to another, safely Universal Command Line Interface for Amazon Web Servin Google Cloud SDK Python based SoftLayer API Tool. The official Digitalocean command line interface PostgresoL is a powerful, open source objject-relationa High availabilitu VRRP/BFD and load-balancing for Lin The Prometheus monitoring system and time series datah Done Back'
[2m2025-08-10T21:57:22.644988Z[0m [32m INFO[0m [2misotope::automation::puppet[0m[2m:[0m Debug screenshot captured: C:\Users\redst\OneDrive\Documents\GitHub\Isotope\debug-steps\post-56-1754863041.png
[2m2025-08-10T21:57:22.660796Z[0m [32m INFO[0m [2misotope::automation::puppet[0m[2m:[0m Executing instruction 57/67 (step 57): Wait { duration: "10s", condition: None }
[2m2025-08-10T21:57:23.874623Z[0m [32m INFO[0m [2misotope::automation::ocr[0m[2m:[0m OCR SUCCESS with 10s timeout (842ms): 'Featured server snaps These are popuJar snaps in serve environments. Select or deselect with SPACE. ress ENTFR to see more details of the package, publisher and versions available. canonica. nextclnud xet7 katacontainers cannnical ] canonical-livepatch canonical ] rocketchat-server rocketchat mos?uittow cannnical canonical saf ihre snapcrafterst aWs google-cloud-sdk softlayer digitalocean cmdd keepalived-pro.iect canonical Help [] microk?s [ ] nextcloud J wekan 1 kata-containers J docker ] mosquitto ] etcd 7 powershell 1 sahnzbd J wormhole J aws-r.li ] google-Cloud-sdk 1 slcli J doct1 ] postgresl10 ] keepalived [ ] prometheus Kubernetes for workstat ions and appliances Nextcloud Server A safe home for all your data Open-Source kanban Build lightweight VMs that seamlesslu plug into the Co Docker container runt ime Canonical Livepatch Client Rocket Chat server Eclipse Mosquitto MOTT broker Resilient key-value store bu Coreos PowerShell for every system! SABnzbd get things from one computer to another, safely Universal Command Line Interface for Amazon Web Servin Google Cloud SDK Python based SoftLayer API Tool. The official Digitalocean command line interface PostgresoL is a powerful, open source objject-relationa High availabilitu VRRP/BFD and load-balancing for Lin The Prometheus monitoring system and time series datah Done Back'
[2m2025-08-10T21:57:23.886321Z[0m [32m INFO[0m [2misotope::automation::puppet[0m[2m:[0m Debug screenshot captured: C:\Users\redst\OneDrive\Documents\GitHub\Isotope\debug-steps\pre-57-1754863043.png
[2m2025-08-10T21:57:23.898483Z[0m [32m INFO[0m [2misotope::automation::puppet[0m[2m:[0m Waiting for 10s
[2m2025-08-10T21:57:35.076207Z[0m [32m INFO[0m [2misotope::automation::ocr[0m[2m:[0m OCR SUCCESS with 10s timeout (801ms): 'Featured server snaps These are popuJar snaps in serve environments. Select or deselect with SPACE. ress ENTFR to see more details of the package, publisher and versions available. canonica. nextclnud xet7 katacontainers cannnical ] canonical-livepatch canonical ] rocketchat-server rocketchat mos?uittow cannnical canonical saf ihre snapcrafterst aWs google-cloud-sdk softlayer digitalocean cmdd keepalived-pro.iect canonical Help I microk?s J nextcloud J wekan 1 kata-containers J docker ] mosquitto ] etcd 7 powershell 1 sahnzbd J wormhole J aws-r.li ] google-Cloud-sdk 1 slcli J doct1 ] postgresl10 ] keepalived [ ] prometheus Kubernetes for workstat ions and appliances Nextcloud Server A safe home for all your data Open-Source kanban Build lightweight VMs that seamlesslu plug into the Co Docker container runt ime Canonical Livepatch Client Rocket Chat server Eclipse Mosquitto MOTT broker Resilient key-value store bu Coreos PowerShell for every system! SABnzbd get things from one computer to another, safely Universal Command Line Interface for Amazon Web Servin Google Cloud SDK Python based SoftLayer API Tool. The official Digitalocean command line interface PostgresoL is a powerful, open source objject-relationa High availabilitu VRRP/BFD and load-balancing for Lin The Prometheus monitoring system and time series datah Done Back'
[2m2025-08-10T21:57:35.093087Z[0m [32m INFO[0m [2misotope::automation::puppet[0m[2m:[0m Debug screenshot captured: C:\Users\redst\OneDrive\Documents\GitHub\Isotope\debug-steps\post-57-1754863054.png
[2m2025-08-10T21:57:35.120395Z[0m [32m INFO[0m [2misotope::automation::puppet[0m[2m:[0m Executing instruction 58/67 (step 58): Wait { duration: "10s", condition: Some("Featured Server Snaps") }
[2m2025-08-10T21:57:36.230509Z[0m [32m INFO[0m [2misotope::automation::ocr[0m[2m:[0m OCR SUCCESS with 10s timeout (748ms): 'Featured server snaps These are popuJar snaps in serve environments. Select or deselect with SPACE. ress ENTFR to see more details of the package, publisher and versions available. canonica. nextclnud xet7 katacontainers cannnical ] canonical-livepatch canonical ] rocketchat-server rocketchat mos?uittow cannnical canonical saf ihre snapcrafterst aWs google-cloud-sdk softlayer digitalocean cmdd keepalived-pro.iect canonical Help I microk?s J nextcloud J wekan 1 kata-containers J docker ] mosquitto ] etcd 7 powershell 1 sahnzbd J wormhole J aws-r.li ] google-Cloud-sdk 1 slcli J doct1 ] postgresl10 ] keepalived [ ] prometheus Kubernetes for workstat ions and appliances Nextcloud Server A safe home for all your data Open-Source kanban Build lightweight VMs that seamlesslu plug into the Co Docker container runt ime Canonical Livepatch Client Rocket Chat server Eclipse Mosquitto MOTT broker Resilient key-value store bu Coreos PowerShell for every system! SABnzbd get things from one computer to another, safely Universal Command Line Interface for Amazon Web Servin Google Cloud SDK Python based SoftLayer API Tool. The official Digitalocean command line interface PostgresoL is a powerful, open source objject-relationa High availabilitu VRRP/BFD and load-balancing for Lin The Prometheus monitoring system and time series datah Done Back'
[2m2025-08-10T21:57:36.252018Z[0m [32m INFO[0m [2misotope::automation::puppet[0m[2m:[0m Debug screenshot captured: C:\Users\redst\OneDrive\Documents\GitHub\Isotope\debug-steps\pre-58-1754863055.png
[2m2025-08-10T21:57:36.265804Z[0m [32m INFO[0m [2misotope::automation::puppet[0m[2m:[0m Waiting up to 10s for condition: Featured Server Snaps
[2m2025-08-10T21:57:36.265975Z[0m [32m INFO[0m [2misotope::automation::puppet[0m[2m:[0m Waiting for screen text 'Featured Server Snaps' on VM isotope-vm-eb5a0615
[2m2025-08-10T21:57:37.378662Z[0m [32m INFO[0m [2misotope::automation::ocr[0m[2m:[0m OCR SUCCESS with 10s timeout (762ms): 'Featured server snaps These are popuJar snaps in serve environments. Select or deselect with SPACE. ress ENTFR to see more details of the package, publisher and versions available. canonica. nextclnud xet7 katacontainers cannnical ] canonical-livepatch canonical ] rocketchat-server rocketchat mos?uittow cannnical canonical saf ihre snapcrafterst aWs google-cloud-sdk softlayer digitalocean cmdd keepalived-pro.iect canonical Help [] microk?s [ ] nextcloud J wekan 1 kata-containers J docker ] mosquitto ] etcd 7 powershell 1 sahnzbd J wormhole J aws-r.li ] google-Cloud-sdk 1 slcli J doct1 ] postgresl10 ] keepalived [ ] prometheus Kubernetes for workstat ions and appliances Nextcloud Server A safe home for all your data Open-Source kanban Build lightweight VMs that seamlesslu plug into the Co Docker container runt ime Canonical Livepatch Client Rocket Chat server Eclipse Mosquitto MOTT broker Resilient key-value store bu Coreos PowerShell for every system! SABnzbd get things from one computer to another, safely Universal Command Line Interface for Amazon Web Servin Google Cloud SDK Python based SoftLayer API Tool. The official Digitalocean command line interface PostgresoL is a powerful, open source objject-relationa High availabilitu VRRP/BFD and load-balancing for Lin The Prometheus monitoring system and time series datah Done Back'
[2m2025-08-10T21:57:37.387572Z[0m [32m INFO[0m [2misotope::automation::puppet[0m[2m:[0m Condition 'Featured Server Snaps' met successfully
[2m2025-08-10T21:57:38.524388Z[0m [32m INFO[0m [2misotope::automation::ocr[0m[2m:[0m OCR SUCCESS with 10s timeout (760ms): 'Featured server snaps These are popuJar snaps in serve environments. Select or deselect with SPACE. ress ENTFR to see more details of the package, publisher and versions available. canonica. nextclnud xet7 katacontainers cannnical ] canonical-livepatch canonical ] rocketchat-server rocketchat mos?uittow cannnical canonical saf ihre snapcrafterst aWs google-cloud-sdk softlayer digitalocean cmdd keepalived-pro.iect canonical Help [] microk?s [ ] nextcloud J wekan 1 kata-containers J docker ] mosquitto ] etcd 7 powershell 1 sahnzbd J wormhole J aws-r.li ] google-Cloud-sdk 1 slcli J doct1 ] postgresl10 ] keepalived [ ] prometheus Kubernetes for workstat ions and appliances Nextcloud Server A safe home for all your data Open-Source kanban Build lightweight VMs that seamlesslu plug into the Co Docker container runt ime Canonical Livepatch Client Rocket Chat server Eclipse Mosquitto MOTT broker Resilient key-value store bu Coreos PowerShell for every system! SABnzbd get things from one computer to another, safely Universal Command Line Interface for Amazon Web Servin Google Cloud SDK Python based SoftLayer API Tool. The official Digitalocean command line interface PostgresoL is a powerful, open source objject-relationa High availabilitu VRRP/BFD and load-balancing for Lin The Prometheus monitoring system and time series datah Done Back'
[2m2025-08-10T21:57:38.525361Z[0m [32m INFO[0m [2misotope::automation::puppet[0m[2m:[0m Debug screenshot captured: C:\Users\redst\OneDrive\Documents\GitHub\Isotope\debug-steps\notice-58-1754863057.png
[2m2025-08-10T21:57:39.661230Z[0m [32m INFO[0m [2misotope::automation::ocr[0m[2m:[0m OCR SUCCESS with 10s timeout (772ms): 'Featured server snaps These are popuJar snaps in serve environments. Select or deselect with SPACE. ress ENTFR to see more details of the package, publisher and versions available. canonica. nextclnud xet7 katacontainers cannnical ] canonical-livepatch canonical ] rocketchat-server rocketchat mos?uittow cannnical canonical saf ihre snapcrafterst aWs google-cloud-sdk softlayer digitalocean cmdd keepalived-pro.iect canonical Help I microk?s J nextcloud J wekan 1 kata-containers J docker ] mosquitto ] etcd 7 powershell 1 sahnzbd J wormhole J aws-r.li ] google-Cloud-sdk 1 slcli J doct1 ] postgresl10 ] keepalived [ ] prometheus Kubernetes for workstat ions and appliances Nextcloud Server A safe home for all your data Open-Source kanban Build lightweight VMs that seamlesslu plug into the Co Docker container runt ime Canonical Livepatch Client Rocket Chat server Eclipse Mosquitto MOTT broker Resilient key-value store bu Coreos PowerShell for every system! SABnzbd get things from one computer to another, safely Universal Command Line Interface for Amazon Web Servin Google Cloud SDK Python based SoftLayer API Tool. The official Digitalocean command line interface PostgresoL is a powerful, open source objject-relationa High availabilitu VRRP/BFD and load-balancing for Lin The Prometheus monitoring system and time series datah Done Back'
[2m2025-08-10T21:57:39.663276Z[0m [32m INFO[0m [2misotope::automation::puppet[0m[2m:[0m Debug screenshot captured: C:\Users\redst\OneDrive\Documents\GitHub\Isotope\debug-steps\post-58-1754863058.png
[2m2025-08-10T21:57:39.663627Z[0m [32m INFO[0m [2misotope::automation::puppet[0m[2m:[0m Executing instruction 59/67 (step 59): Press { key: "tab", repeat: None, modifiers: None }
[2m2025-08-10T21:57:40.744540Z[0m [32m INFO[0m [2misotope::automation::ocr[0m[2m:[0m OCR SUCCESS with 10s timeout (726ms): 'Featured server snaps These are popuJar snaps in serve environments. Select or deselect with SPACE. ress ENTFR to see more details of the package, publisher and versions available. canonica. nextclnud xet7 katacontainers cannnical ] canonical-livepatch canonical ] rocketchat-server rocketchat mos?uittow cannnical canonical saf ihre snapcrafterst aWs google-cloud-sdk softlayer digitalocean cmdd keepalived-pro.iect canonical Help I microk?s J nextcloud J wekan 1 kata-containers J docker ] mosquitto ] etcd 7 powershell 1 sahnzbd J wormhole J aws-r.li ] google-Cloud-sdk 1 slcli J doct1 ] postgresl10 ] keepalived [ ] prometheus Kubernetes for workstat ions and appliances Nextcloud Server A safe home for all your data Open-Source kanban Build lightweight VMs that seamlesslu plug into the Co Docker container runt ime Canonical Livepatch Client Rocket Chat server Eclipse Mosquitto MOTT broker Resilient key-value store bu Coreos PowerShell for every system! SABnzbd get things from one computer to another, safely Universal Command Line Interface for Amazon Web Servin Google Cloud SDK Python based SoftLayer API Tool. The official Digitalocean command line interface PostgresoL is a powerful, open source objject-relationa High availabilitu VRRP/BFD and load-balancing for Lin The Prometheus monitoring system and time series datah Done Back'
[2m2025-08-10T21:57:40.746321Z[0m [32m INFO[0m [2misotope::automation::puppet[0m[2m:[0m Debug screenshot captured: C:\Users\redst\OneDrive\Documents\GitHub\Isotope\debug-steps\pre-59-1754863060.png
[2m2025-08-10T21:57:41.999299Z[0m [32m INFO[0m [2misotope::automation::ocr[0m[2m:[0m OCR SUCCESS with 10s timeout (791ms): 'Featured server saps  Help These are popuJar snaps in server environments. Select or deselect with SPACE. press ENTFR to see more details of the package, publisher and versions available. cannical nextclnud xet7 katacontainers cannnical ] canonical-livenatch canonical 1 rocketchat-server ] mosquitto ] etcd 7 powershell 1 sahnzbd J wormhole J aws-r.li ] google-Cloud-sdk 1 slcli J doct1 ] postgresl10 ] keepalived [ ] prometheus ] micrnkAs ] nextcloud J wekan 1 kata-containers J docker Kubernetes for workstat ions and appliances Nextcloud Server A safe home for all your data Open-Source kanban Build lightweight VMs that seamlessly plug intn the CO Docker container runt ime Canonical Livepatch Client Rocket Chat server Eclipse Mosquitto MOTT broker Resilient key-value store bu Coreos PowerShell for every system! SABnzbd get things from one computer to another, safely Universal Command Line Interface for Amazon Web Servin Google Cloud SDK Python based SoftLayer API Tool. The official Digitalocean command line interface PostgresoL is a powerful, open source ob.ject-relat iona High availabilitu VRRP/BFD and load-balancing for Lin The Prometheus monitoring system and time series datah rocketchat mosquittn cannnical canonical saf ihre snapcrafterst aws google-clnud-sdk soft layer digitalocean cmdd keepalived-pro.iect canonical Done Back'
[2m2025-08-10T21:57:42.005675Z[0m [32m INFO[0m [2misotope::automation::puppet[0m[2m:[0m Debug screenshot captured: C:\Users\redst\OneDrive\Documents\GitHub\Isotope\debug-steps\post-59-1754863061.png
[2m2025-08-10T21:57:42.015478Z[0m [32m INFO[0m [2misotope::automation::puppet[0m[2m:[0m Executing instruction 60/67 (step 60): Press { key: "enter", repeat: None, modifiers: None }
[2m2025-08-10T21:57:43.204142Z[0m [32m INFO[0m [2misotope::automation::ocr[0m[2m:[0m OCR SUCCESS with 10s timeout (828ms): 'Featured server saps  Help These are popuJar snaps in server environments. Select or deselect with SPACE. press ENTFR to see more details of the package, publisher and versions available. cannical nextclnud xet7 katacontainers cannnical ] canonical-livenatch canonical 1 rocketchat-server ] mosquitto ] etcd 7 powershell 1 sahnzbd J wormhole J aws-r.li ] google-Cloud-sdk 1 slcli J doct1 ] postgresl10 ] keepalived [ ] prometheus ] micrnkAs ] nextcloud J wekan 1 kata-containers J docker Kubernetes for workstat ions and appliances Nextcloud Server A safe home for all your data Open-Source kanban Build lightweight VMs that seamlessly plug intn the CO Docker container runt ime Canonical Livepatch Client Rocket Chat server Eclipse Mosquitto MOTT broker Resilient key-value store bu Coreos PowerShell for every system! SABnzbd get things from one computer to another, safely Universal Command Line Interface for Amazon Web Servin Google Cloud SDK Python based SoftLayer API Tool. The official Digitalocean command line interface PostgresoL is a powerful, open source ob.ject-relat iona High availabilitu VRRP/BFD and load-balancing for Lin The Prometheus monitoring system and time series datah rocketchat mosquittn cannnical canonical saf ihre snapcrafterst aws google-clnud-sdk soft layer digitalocean cmdd keepalived-pro.iect canonical Done Back'
[2m2025-08-10T21:57:43.233418Z[0m [32m INFO[0m [2misotope::automation::puppet[0m[2m:[0m Debug screenshot captured: C:\Users\redst\OneDrive\Documents\GitHub\Isotope\debug-steps\pre-60-1754863062.png
[2m2025-08-10T21:57:44.449664Z[0m [32m INFO[0m [2misotope::automation::ocr[0m[2m:[0m OCR SUCCESS with 10s timeout (745ms): 'Installing sustem subiguity/Kernel/apply_autoinstall_conf ig: subiguitu/2dev/apply_autoinstall_conf ig: subiguity/Ad/apply. autoinstall. conf ig: subiguitu/Late/apply_autoinstall_conf ig: ronf iguring apt curt in_ command in-target installing sustem execut ing curtin_install initial step executing curt in_install partitioning step curt in command install conf iguring storage running 'curt in block-meta simlp curt in command block-meta removing previous storage devices conf iguring disk: disk-sda conf iguring part ition: partition-0 conf iguring partition: partition-1 conf iguring format: format-0 conf iguring part ition: partition-2 conf iguring lvm volgroup: lvm_volgroup-0 conf iguring lvm_part ition: lum part it ion-0 conf iguring format: format-1 conf iguring mount: mount-1 conf iguring mount: mount-0 executing curt in install extrart sten curt in command install writing install sources to disk running 'curt in extrart curt in command extract acquiring and extract ing image from cp:tm/tmpozldomke/mount conf iguring keuboard curt in_command in-target execut ing curt in install curthnnks step curt in command install conf iguring installed sustem running 'curt in curthnoks curt in command curthooks conf iguring apt conf iguring apt installing missing packages Installing packages on target sustem: Help grub-pc'] Viem full 1og'
[2m2025-08-10T21:57:44.465578Z[0m [32m INFO[0m [2misotope::automation::puppet[0m[2m:[0m Debug screenshot captured: C:\Users\redst\OneDrive\Documents\GitHub\Isotope\debug-steps\post-60-1754863063.png
[2m2025-08-10T21:57:44.489469Z[0m [32m INFO[0m [2misotope::automation::puppet[0m[2m:[0m Executing instruction 61/67 (step 61): Wait { duration: "5s", condition: None }
[2m2025-08-10T21:57:45.724887Z[0m [32m INFO[0m [2misotope::automation::ocr[0m[2m:[0m OCR SUCCESS with 10s timeout (848ms): 'Installing sustem subiguity/Kernel/apply_autoinstall_conf ig: subiguitu/2dev/apply_autoinstall_conf ig: subiguity/Ad/apply. autoinstall. conf ig: subiguitu/Late/apply_autoinstall_conf ig: ronf iguring apt curt in_ command in-target installing sustem execut ing curtin_install initial step executing curt in_install partitioning step curt in command install conf iguring storage running 'curt in block-meta simlp curt in command block-meta removing previous storage devices conf iguring disk: disk-sda conf iguring part ition: partition-0 conf iguring partition: partition-1 conf iguring format: format-0 conf iguring part ition: partition-2 conf iguring lvm volgroup: lvm_volgroup-0 conf iguring lvm_part ition: lum part it ion-0 conf iguring format: format-1 conf iguring mount: mount-1 conf iguring mount: mount-0 executing curt in install extrart sten curt in command install writing install sources to disk running 'curt in extrart curt in command extract acquiring and extract ing image from cp:tm/tmpozldomke/mount conf iguring keuboard curt in_command in-target execut ing curt in install curthnnks step curt in command install conf iguring installed sustem running 'curt in curthnoks curt in command curthooks conf iguring apt conf iguring apt installing missing packages Installing packages on target sustem: Help grub-pc'] Viem full 1og'
[2m2025-08-10T21:57:45.742116Z[0m [32m INFO[0m [2misotope::automation::puppet[0m[2m:[0m Debug screenshot captured: C:\Users\redst\OneDrive\Documents\GitHub\Isotope\debug-steps\pre-61-1754863064.png
[2m2025-08-10T21:57:45.779187Z[0m [32m INFO[0m [2misotope::automation::puppet[0m[2m:[0m Waiting for 5s
[2m2025-08-10T21:57:51.981452Z[0m [32m INFO[0m [2misotope::automation::ocr[0m[2m:[0m OCR SUCCESS with 10s timeout (810ms): 'Installing sustem subiguity/Kernel/apply_autoinstall_conf ig: subiguitu/2dev/apply_autoinstall_conf ig: subiguity/Ad/apply. autoinstall. conf ig: subiguitu/Late/apply_autoinstall_conf ig: ronf iguring apt curt in_ command in-target installing sustem execut ing curtin_install initial step executing curt in_install partitioning step curt in command install conf iguring storage running 'curt in block-meta simlp curt in command block-meta removing previous storage devices conf iguring disk: disk-sda conf iguring part ition: partition-0 conf iguring partition: partition-1 conf iguring format: format-0 conf iguring part ition: partition-2 conf iguring lvm volgroup: lvm_volgroup-0 conf iguring lvm_part ition: lum part it ion-0 conf iguring format: format-1 conf iguring mount: mount-1 conf iguring mount: mount-0 executing curt in install extrart sten curt in command install writing install sources to disk running 'curt in extrart curt in command extract acquiring and extract ing image from cp:tm/tmpozldomke/mount conf iguring keuboard curt in_command in-target execut ing curt in install curthnnks step curt in command install conf iguring installed sustem running 'curt in curthnoks curt in command curthooks conf iguring apt conf iguring apt installing missing packages Installing packages on target sustem: Help grub-pc'] Viem full 1og'
[2m2025-08-10T21:57:51.983688Z[0m [32m INFO[0m [2misotope::automation::puppet[0m[2m:[0m Debug screenshot captured: C:\Users\redst\OneDrive\Documents\GitHub\Isotope\debug-steps\post-61-1754863071.png
[2m2025-08-10T21:57:51.984031Z[0m [32m INFO[0m [2misotope::automation::puppet[0m[2m:[0m Executing instruction 62/67 (step 62): Wait { duration: "20m", condition: Some("reboot now") }
[2m2025-08-10T21:57:53.087003Z[0m [32m INFO[0m [2misotope::automation::ocr[0m[2m:[0m OCR SUCCESS with 10s timeout (746ms): 'Installing sustem conf iguring apt curt in command in-target installing sustem execut ing curtin_install initjal step executing curt in_install partitioning step curt in command install conf iguring storage running 'curtin block-meta simple curt in command block-meta removing previous storage devices conf iguring disk: disk-sda conf iguring part ition: partition-0 conf iguring part ition: partition-1 conf iguring format: format-0 conf iguring part ition: partition-2 conf iguring lvm volgroup: lvm_volgroup-0 conf iguring lvm_part ition: lum part it ion-0 conf iguring format: format-1 conf iguring mount: mount-1 conf iguring mount: mount-0 executing curt in install extrart sten curt in command install writing install sources to disk running 'curt in extrart curt in command extract acquiring and extracting image from cp:tm/tmpozldomke/mount conf iguring keuboard curt in_command in-target execut ing curt in _install curthnnks step curt in _command install conf iguring installed sustem running 'curt in curthnoks curt in command curthooks conf iguring apt conf iguring apt installing missing packages Installing packages on target sustem: cont iguring iscsi service conf iguring raid (mdadm) service cont iguring NVMe over TCP installing kernel Help Erub-pc Viem full 1og'
[2m2025-08-10T21:57:53.088998Z[0m [32m INFO[0m [2misotope::automation::puppet[0m[2m:[0m Debug screenshot captured: C:\Users\redst\OneDrive\Documents\GitHub\Isotope\debug-steps\pre-62-1754863072.png
[2m2025-08-10T21:57:53.089297Z[0m [32m INFO[0m [2misotope::automation::puppet[0m[2m:[0m Waiting up to 20m for condition: reboot now
[2m2025-08-10T21:57:53.089424Z[0m [32m INFO[0m [2misotope::automation::puppet[0m[2m:[0m Waiting for screen text 'reboot now' on VM isotope-vm-eb5a0615
[2m2025-08-10T21:57:54.077556Z[0m [32m INFO[0m [2misotope::automation::ocr[0m[2m:[0m OCR SUCCESS with 10s timeout (633ms): 'Installing sustem conf iguring apt curt in command in-target installing sustem execut ing curtin_install initjal step executing curt in_install partitioning step curt in command install conf iguring storage running 'curtin block-meta simple curt in command block-meta removing previous storage devices conf iguring disk: disk-sda conf iguring part ition: partition-0 conf iguring part ition: partition-1 conf iguring format: format-0 conf iguring part ition: partition-2 conf iguring lvm volgroup: lvm_volgroup-0 conf iguring lvm_part ition: lum part it ion-0 conf iguring format: format-1 conf iguring mount: mount-1 conf iguring mount: mount-0 executing curt in install extrart sten curt in command install writing install sources to disk running 'curt in extrart curt in command extract acquiring and extracting image from cp:tm/tmpozldomke/mount conf iguring keuboard curt in_command in-target execut ing curt in _install curthnnks step curt in _command install conf iguring installed sustem running 'curt in curthnoks curt in command curthooks conf iguring apt conf iguring apt installing missing packages Installing packages on target sustem: cont iguring iscsi service cont iguring raid (mdadm) service conf iguring NVMe over TCP installing kernel Help Erub-pc Viem full 1og'
[2m2025-08-10T21:57:57.099706Z[0m [32m INFO[0m [2misotope::automation::ocr[0m[2m:[0m OCR SUCCESS with 10s timeout (658ms): 'Installing sustem conf iguring apt curt in command in-target installing sustem execut ing curtin_install initjal step executing curt in_install partitioning step curt in command install conf iguring storage running 'curtin block-meta simple curt in command block-meta removing previous storage devices conf iguring disk: disk-sda conf iguring part ition: partition-0 conf iguring part ition: partition-1 conf iguring format: format-0 conf iguring part ition: partition-2 conf iguring lvm volgroup: lvm_volgroup-0 conf iguring lvm_part ition: lum part it ion-0 conf iguring format: format-1 conf iguring mount: mount-1 conf iguring mount: mount-0 executing curt in install extrart sten curt in command install writing install sources to disk running 'curt in extrart curt in command extract acquiring and extracting image from cp:tm/tmpozldomke/mount conf iguring keuboard curt in_command in-target execut ing curt in _install curthnnks step curt in _command install conf iguring installed sustem running 'curt in curthnoks curt in command curthooks conf iguring apt conf iguring apt installing missing packages Installing packages on target sustem: cont iguring iscsi service conf iguring raid (mdadm) service cont iguring NVMe over TCP installing kernel Help Erub-pc Viem full 1og'
[2m2025-08-10T21:58:00.183689Z[0m [32m INFO[0m [2misotope::automation::ocr[0m[2m:[0m OCR SUCCESS with 10s timeout (723ms): 'Installing sustem conf iguring apt curt in command in-target installing sustem execut ing curtin_install initjal step executing curt in_install partitioning step curt in command install conf iguring storage running 'curtin block-meta simple curt in command block-meta removing previous storage devices conf iguring disk: disk-sda conf iguring part ition: partition-0 conf iguring part ition: partition-1 conf iguring format: format-0 conf iguring part ition: partition-2 conf iguring lvm volgroup: lvm_volgroup-0 conf iguring lvm_part ition: lum part it ion-0 conf iguring format: format-1 conf iguring mount: mount-1 conf iguring mount: mount-0 executing curt in install extrart sten curt in command install writing install sources to disk running 'curt in extrart curt in command extract acquiring and extracting image from cp:tm/tmpozldomke/mount conf iguring keuboard curt in_command in-target execut ing curt in _install curthnnks step curt in _command install conf iguring installed sustem running 'curt in curthnoks curt in command curthooks conf iguring apt conf iguring apt installing missing packages Installing packages on target sustem: cont iguring iscsi service cont iguring raid (mdadm) service conf iguring NVMe over TCP installing kernel Help Erub-pc Viem full 1og'
[2m2025-08-10T21:58:03.229489Z[0m [32m INFO[0m [2misotope::automation::ocr[0m[2m:[0m OCR SUCCESS with 10s timeout (679ms): 'Installing sustem conf iguring apt curt in command in-target installing sustem execut ing curtin_install initjal step executing curt in_install partitioning step curt in command install conf iguring storage running 'curtin block-meta simple curt in command block-meta removing previous storage devices conf iguring disk: disk-sda conf iguring part ition: partition-0 conf iguring part ition: partition-1 conf iguring format: format-0 conf iguring part ition: partition-2 conf iguring lvm volgroup: lvm_volgroup-0 conf iguring lvm_part ition: lum part it ion-0 conf iguring format: format-1 conf iguring mount: mount-1 conf iguring mount: mount-0 executing curt in install extrart sten curt in command install writing install sources to disk running 'curt in extrart curt in command extract acquiring and extracting image from cp:tm/tmpozldomke/mount conf iguring keuboard curt in_command in-target execut ing curt in _install curthnnks step curt in _command install conf iguring installed sustem running 'curt in curthnoks curt in command curthooks conf iguring apt conf iguring apt installing missing packages Installing packages on target sustem: cont iguring iscsi service conf iguring raid (mdadm) service cont iguring NVMe over TCP installing kernel Help Erub-pc Viem full 1og'
[2m2025-08-10T21:58:06.312884Z[0m [32m INFO[0m [2misotope::automation::ocr[0m[2m:[0m OCR SUCCESS with 10s timeout (727ms): 'Installing sustem conf iguring apt curt in command in-target installing sustem execut ing curtin_install initjal step executing curt in_install partitioning step curt in command install conf iguring storage running 'curtin block-meta simple curt in command block-meta removing previous storage devices conf iguring disk: disk-sda conf iguring part ition: partition-0 conf iguring part ition: partition-1 conf iguring format: format-0 conf iguring part ition: partition-2 conf iguring lvm volgroup: lvm_volgroup-0 conf iguring lvm_part ition: lum part it ion-0 conf iguring format: format-1 conf iguring mount: mount-1 conf iguring mount: mount-0 executing curt in install extrart sten curt in command install writing install sources to disk running 'curt in extrart curt in command extract acquiring and extracting image from cp:tm/tmpozldomke/mount conf iguring keuboard curt in_command in-target execut ing curt in _install curthnnks step curt in _command install conf iguring installed sustem running 'curt in curthnoks curt in command curthooks conf iguring apt conf iguring apt installing missing packages Installing packages on target sustem: cont iguring iscsi service conf iguring raid (mdadm) service cont iguring NVMe over TCP installing kernel Help Erub-pc Viem full 1og'
[2m2025-08-10T21:58:09.313720Z[0m [32m INFO[0m [2misotope::automation::ocr[0m[2m:[0m OCR SUCCESS with 10s timeout (639ms): 'Installing sustem conf iguring apt curt in command in-target installing sustem execut ing curtin_install initjal step executing curt in_install partitioning step curt in command install conf iguring storage running 'curtin block-meta simple curt in command block-meta removing previous storage devices conf iguring disk: disk-sda conf iguring part ition: partition-0 conf iguring part ition: partition-1 conf iguring format: format-0 conf iguring part ition: partition-2 conf iguring lvm volgroup: lvm_volgroup-0 conf iguring lvm_part ition: lum part it ion-0 conf iguring format: format-1 conf iguring mount: mount-1 conf iguring mount: mount-0 executing curt in install extrart sten curt in command install writing install sources to disk running 'curt in extrart curt in command extract acquiring and extracting image from cp:tm/tmpozldomke/mount conf iguring keuboard curt in_command in-target execut ing curt in _install curthnnks step curt in _command install conf iguring installed sustem running 'curt in curthnoks curt in command curthooks conf iguring apt conf iguring apt installing missing packages Installing packages on target sustem: cont iguring iscsi service conf iguring raid (mdadm) service cont iguring NVMe over TCP installing kernel Help Erub-pc Viem full 1og'
[2m2025-08-10T21:58:12.303402Z[0m [32m INFO[0m [2misotope::automation::ocr[0m[2m:[0m OCR SUCCESS with 10s timeout (633ms): 'Installing sustem conf iguring apt curt in command in-target installing sustem execut ing curtin_install initjal step executing curt in_install partitioning step curt in command install conf iguring storage running 'curtin block-meta simple curt in command block-meta removing previous storage devices conf iguring disk: disk-sda conf iguring part ition: partition-0 conf iguring part ition: partition-1 conf iguring format: format-0 conf iguring part ition: partition-2 conf iguring lvm volgroup: lvm_volgroup-0 conf iguring lvm_part ition: lum part it ion-0 conf iguring format: format-1 conf iguring mount: mount-1 conf iguring mount: mount-0 executing curt in install extrart sten curt in command install writing install sources to disk running 'curt in extrart curt in command extract acquiring and extracting image from cp:tm/tmpozldomke/mount conf iguring keuboard curt in_command in-target execut ing curt in _install curthnnks step curt in _command install conf iguring installed sustem running 'curt in curthnoks curt in command curthooks conf iguring apt conf iguring apt installing missing packages Installing packages on target sustem: cont iguring iscsi service cont iguring raid (mdadm) service conf iguring NVMe over TCP installing kernel Help Erub-pc Viem full 1og'
[2m2025-08-10T21:58:15.317198Z[0m [32m INFO[0m [2misotope::automation::ocr[0m[2m:[0m OCR SUCCESS with 10s timeout (658ms): 'Installing sustem conf iguring apt curt in command in-target installing sustem execut ing curtin_install initjal step executing curt in_install partitioning step curt in command install conf iguring storage running 'curtin block-meta simple curt in command block-meta removing previous storage devices conf iguring disk: disk-sda conf iguring part ition: partition-0 conf iguring part ition: partition-1 conf iguring format: format-0 conf iguring part ition: partition-2 conf iguring lvm volgroup: lvm_volgroup-0 conf iguring lvm_part ition: lum part it ion-0 conf iguring format: format-1 conf iguring mount: mount-1 conf iguring mount: mount-0 executing curt in install extrart sten curt in command install writing install sources to disk running 'curt in extrart curt in command extract acquiring and extracting image from cp:tm/tmpozldomke/mount conf iguring keuboard curt in_command in-target execut ing curt in _install curthnnks step curt in _command install conf iguring installed sustem running 'curt in curthnoks curt in command curthooks conf iguring apt conf iguring apt installing missing packages Installing packages on target sustem: cont iguring iscsi service conf iguring raid (mdadm) service cont iguring NVMe over TCP installing kernel Help Erub-pc Viem full 1og'
[2m2025-08-10T21:58:18.447145Z[0m [32m INFO[0m [2misotope::automation::ocr[0m[2m:[0m OCR SUCCESS with 10s timeout (775ms): 'Installing sustem conf iguring apt curt in command in-target installing sustem execut ing curtin_install initjal step executing curt in_install partitioning step curt in command install conf iguring storage running 'curtin block-meta simple curt in command block-meta removing previous storage devices conf iguring disk: disk-sda conf iguring part ition: partition-0 conf iguring part ition: partition-1 conf iguring format: format-0 conf iguring part ition: partition-2 conf iguring lvm volgroup: lvm_volgroup-0 conf iguring lvm_part ition: lum part it ion-0 conf iguring format: format-1 conf iguring mount: mount-1 conf iguring mount: mount-0 executing curt in install extrart sten curt in command install writing install sources to disk running 'curt in extrart curt in command extract acquiring and extracting image from cp:tm/tmpozldomke/mount conf iguring keuboard curt in_command in-target execut ing curt in _install curthnnks step curt in _command install conf iguring installed sustem running 'curt in curthnoks curt in command curthooks conf iguring apt conf iguring apt installing missing packages Installing packages on target sustem: cont iguring iscsi service conf iguring raid (mdadm) service cont iguring NVMe over TCP installing kernel Help Erub-pc Viem full 1og'
[2m2025-08-10T21:58:21.505618Z[0m [32m INFO[0m [2misotope::automation::ocr[0m[2m:[0m OCR SUCCESS with 10s timeout (697ms): 'Installing sustem conf iguring apt curt in command in-target installing sustem execut ing curtin_install initjal step executing curt in_install partitioning step curt in command install conf iguring storage running 'curtin block-meta simple curt in command block-meta removing previous storage devices conf iguring disk: disk-sda conf iguring part ition: partition-0 conf iguring part ition: partition-1 conf iguring format: format-0 conf iguring part ition: partition-2 conf iguring lvm volgroup: lvm_volgroup-0 conf iguring lvm_part ition: lum part it ion-0 conf iguring format: format-1 conf iguring mount: mount-1 conf iguring mount: mount-0 executing curt in install extrart sten curt in command install writing install sources to disk running 'curt in extrart curt in command extract acquiring and extracting image from cp:tm/tmpozldomke/mount conf iguring keuboard curt in_command in-target execut ing curt in _install curthnnks step curt in _command install conf iguring installed sustem running 'curt in curthnoks curt in command curthooks conf iguring apt conf iguring apt installing missing packages Installing packages on target sustem: cont iguring iscsi service conf iguring raid (mdadm) service cont iguring NVMe over TCP installing kernel Help Erub-pc Viem full 1og'
[2m2025-08-10T21:58:24.564491Z[0m [32m INFO[0m [2misotope::automation::ocr[0m[2m:[0m OCR SUCCESS with 10s timeout (702ms): 'Installing sustem conf iguring apt curt in command in-target installing sustem execut ing curtin_install initjal step executing curt in_install partitioning step curt in command install conf iguring storage running 'curtin block-meta simple curt in command block-meta removing previous storage devices conf iguring disk: disk-sda conf iguring part ition: partition-0 conf iguring part ition: partition-1 conf iguring format: format-0 conf iguring part ition: partition-2 conf iguring lvm volgroup: lvm_volgroup-0 conf iguring lvm_part ition: lum part it ion-0 conf iguring format: format-1 conf iguring mount: mount-1 conf iguring mount: mount-0 executing curt in install extrart sten curt in command install writing install sources to disk running 'curt in extrart curt in command extract acquiring and extracting image from cp:tm/tmpozldomke/mount conf iguring keuboard curt in_command in-target execut ing curt in _install curthnnks step curt in _command install conf iguring installed sustem running 'curt in curthnoks curt in command curthooks conf iguring apt conf iguring apt installing missing packages Installing packages on target sustem: cont iguring iscsi service cont iguring raid (mdadm) service conf iguring NVMe over TCP installing kernel Help Erub-pc Viem full 1og'
[2m2025-08-10T21:58:27.658189Z[0m [32m INFO[0m [2misotope::automation::ocr[0m[2m:[0m OCR SUCCESS with 10s timeout (741ms): 'Installing sustem conf iguring apt curt in command in-target installing sustem execut ing curtin_install initjal step executing curt in_install partitioning step curt in command install conf iguring storage running 'curtin block-meta simple curt in command block-meta removing previous storage devices conf iguring disk: disk-sda conf iguring part ition: partition-0 conf iguring part ition: partition-1 conf iguring format: format-0 conf iguring part ition: partition-2 conf iguring lvm volgroup: lvm_volgroup-0 conf iguring lvm_part ition: lum part it ion-0 conf iguring format: format-1 conf iguring mount: mount-1 conf iguring mount: mount-0 executing curt in install extrart sten curt in command install writing install sources to disk running 'curt in extrart curt in command extract acquiring and extracting image from cp:tm/tmpozldomke/mount conf iguring keuboard curt in_command in-target execut ing curt in _install curthnnks step curt in _command install conf iguring installed sustem running 'curt in curthnoks curt in command curthooks conf iguring apt conf iguring apt installing missing packages Installing packages on target sustem: cont iguring iscsi service conf iguring raid (mdadm) service cont iguring NVMe over TCP installing kernel Help Erub-pc Viem full 1og'
[2m2025-08-10T21:58:30.648636Z[0m [32m INFO[0m [2misotope::automation::ocr[0m[2m:[0m OCR SUCCESS with 10s timeout (635ms): 'Installing sustem conf iguring apt curt in command in-target installing sustem execut ing curtin_install initjal step executing curt in_install partitioning step curt in command install conf iguring storage running 'curtin block-meta simple curt in command block-meta removing previous storage devices conf iguring disk: disk-sda conf iguring part ition: partition-0 conf iguring part ition: partition-1 conf iguring format: format-0 conf iguring part ition: partition-2 conf iguring lvm volgroup: lvm_volgroup-0 conf iguring lvm_part ition: lum part it ion-0 conf iguring format: format-1 conf iguring mount: mount-1 conf iguring mount: mount-0 executing curt in install extrart sten curt in command install writing install sources to disk running 'curt in extrart curt in command extract acquiring and extracting image from cp:tm/tmpozldomke/mount conf iguring keuboard curt in_command in-target execut ing curt in _install curthnnks step curt in _command install conf iguring installed sustem running 'curt in curthnoks curt in command curthooks conf iguring apt conf iguring apt installing missing packages Installing packages on target sustem: cont iguring iscsi service cont iguring raid (mdadm) service conf iguring NVMe over TCP installing kernel Help Erub-pc Viem full 1og'
[2m2025-08-10T21:58:33.633520Z[0m [32m INFO[0m [2misotope::automation::ocr[0m[2m:[0m OCR SUCCESS with 10s timeout (629ms): 'Installing sustem conf iguring apt curt in command in-target installing sustem execut ing curtin_install initjal step executing curt in_install partitioning step curt in command install conf iguring storage running 'curtin block-meta simple curt in command block-meta removing previous storage devices conf iguring disk: disk-sda conf iguring part ition: partition-0 conf iguring part ition: partition-1 conf iguring format: format-0 conf iguring part ition: partition-2 conf iguring lvm volgroup: lvm_volgroup-0 conf iguring lvm_part ition: lum part it ion-0 conf iguring format: format-1 conf iguring mount: mount-1 conf iguring mount: mount-0 executing curt in install extrart sten curt in command install writing install sources to disk running 'curt in extrart curt in command extract acquiring and extracting image from cp:tm/tmpozldomke/mount conf iguring keuboard curt in_command in-target execut ing curt in _install curthnnks step curt in _command install conf iguring installed sustem running 'curt in curthnoks curt in command curthooks conf iguring apt conf iguring apt installing missing packages Installing packages on target sustem: cont iguring iscsi service cont iguring raid (mdadm) service conf iguring NVMe over TCP installing kernel Help Erub-pc Viem full 1og'
[2m2025-08-10T21:58:36.625865Z[0m [32m INFO[0m [2misotope::automation::ocr[0m[2m:[0m OCR SUCCESS with 10s timeout (635ms): 'Installing sustem conf iguring apt curt in command in-target installing sustem execut ing curtin_install initjal step executing curt in_install partitioning step curt in command install conf iguring storage running 'curtin block-meta simple curt in command block-meta removing previous storage devices conf iguring disk: disk-sda conf iguring part ition: partition-0 conf iguring part ition: partition-1 conf iguring format: format-0 conf iguring part ition: partition-2 conf iguring lvm volgroup: lvm_volgroup-0 conf iguring lvm_part ition: lum part it ion-0 conf iguring format: format-1 conf iguring mount: mount-1 conf iguring mount: mount-0 executing curt in install extrart sten curt in command install writing install sources to disk running 'curt in extrart curt in command extract acquiring and extracting image from cp:tm/tmpozldomke/mount conf iguring keuboard curt in_command in-target execut ing curt in _install curthnnks step curt in _command install conf iguring installed sustem running 'curt in curthnoks curt in command curthooks conf iguring apt conf iguring apt installing missing packages Installing packages on target sustem: cont iguring iscsi service conf iguring raid (mdadm) service cont iguring NVMe over TCP installing kernel Help Erub-pc Viem full 1og'
[2m2025-08-10T21:58:39.603613Z[0m [32m INFO[0m [2misotope::automation::ocr[0m[2m:[0m OCR SUCCESS with 10s timeout (623ms): 'Installing system running 'curt in block-meta simple curt in command block-meta removing previous storage devices conf iguring disk: disk-sda conf iguring part itinn: nart ition-0 conf iguring partition: partition-1 conf iguring format: format-0 conf iguring partition: partition-2 conf iguring lvm. volgroup: lvm_volgroup-0 conf iguring lum_part ition: lvm_part it ion-0 conf iguring format: format-1 conf iguring mount: mount-1 conf iguring mount: mount-0 executing curt in install extrart step curt in command install writing install sources to disk running 'curt in extrart curt in command extract acquiring and extract ing image from cp:tm/tmoozldomke/mount conf iguring keuboard curt in_command in-target execut ing curt in_install curthnnks step curt in _command install conf iguring installed sustem running 'curt in curthnoks curt in command curthooks conf iguring apt conf iguring apt installing missing packages Installing packages on target sustem: conf iguring iscsi servire conf iguring raid (mdadm) service conf iguring NVMe over TCP installing kernel setting up swap apn1y etworking config netun uriting etc//fstab conf iguring mult ipath updating packages on target sustem cont iguring pnllinate user-agent on target updat ing initramfs conf igurat ion Help Erub-pc view full log'
[2m2025-08-10T21:58:42.596387Z[0m [32m INFO[0m [2misotope::automation::ocr[0m[2m:[0m OCR SUCCESS with 10s timeout (636ms): 'Installing system running 'curt in block-meta simple curt in command block-meta removing previous storage devices conf iguring disk: disk-sda conf iguring part itinn: nart ition-0 conf iguring partition: partition-1 conf iguring format: format-0 conf iguring partition: partition-2 conf iguring lvm. volgroup: lvm_volgroup-0 conf iguring lum_part ition: lvm_part it ion-0 conf iguring format: format-1 conf iguring mount: mount-1 conf iguring mount: mount-0 executing curt in install extrart step curt in command install writing install sources to disk running 'curt in extrart curt in command extract acquiring and extract ing image from cp:tm/tmoozldomke/mount conf iguring keuboard curt in_command in-target execut ing curt in_install curthnnks step curt in _command install conf iguring installed sustem running 'curt in curthnoks curt in command curthooks conf iguring apt conf iguring apt installing missing packages Installing packages on target sustem: conf iguring iscsi servire conf iguring raid (mdadm) service conf iguring NVMe over TCP installing kernel setting up swap apn1y etworking config netun uriting etc//fstab conf iguring mult ipath updating packages on target sustem cont iguring onllinate user-agent on target updat ing initramfs conf igurat ion Help Erub-pc Viem full 1og'
[2m2025-08-10T21:58:45.572212Z[0m [32m INFO[0m [2misotope::automation::ocr[0m[2m:[0m OCR SUCCESS with 10s timeout (619ms): 'Installing system running 'curt in block-meta simple curt in command block-meta removing previous storage devices conf iguring disk: disk-sda conf iguring part itinn: nart ition-0 conf iguring partition: partition-1 conf iguring format: format-0 conf iguring partition: partition-2 conf iguring lvm. volgroup: lvm_volgroup-0 conf iguring lum_part ition: lvm_part it ion-0 conf iguring format: format-1 conf iguring mount: mount-1 conf iguring mount: mount-0 executing curt in install extrart step curt in command install writing install sources to disk running 'curt in extrart curt in command extract acquiring and extract ing image from cp:tm/tmoozldomke/mount conf iguring keuboard curt in_command in-target execut ing curt in_install curthnnks step curt in _command install conf iguring installed sustem running 'curt in curthnoks curt in command curthooks conf iguring apt conf iguring apt installing missing packages Installing packages on target sustem: conf iguring iscsi servire conf iguring raid (mdadm) service conf iguring NVMe over TCP installing kernel setting up swap apn1y etworking config netun uriting etc//fstab conf iguring mult ipath updating packages on target sustem cont iguring pnllinate user-agent on target updat ing initramfs conf igurat inn Help Erub-pc Viem full 1og'
[2m2025-08-10T21:58:48.614041Z[0m [32m INFO[0m [2misotope::automation::ocr[0m[2m:[0m OCR SUCCESS with 10s timeout (681ms): 'Installing system running 'curt in block-meta simple curt in command block-meta removing previous storage devices conf iguring disk: disk-sda conf iguring part itinn: nart ition-0 conf iguring partition: partition-1 conf iguring format: format-0 conf iguring partition: partition-2 conf iguring lvm. volgroup: lvm_volgroup-0 conf iguring lum_part ition: lvm_part it ion-0 conf iguring format: format-1 conf iguring mount: mount-1 conf iguring mount: mount-0 executing curt in install extrart step curt in command install writing install sources to disk running 'curt in extrart curt in command extract acquiring and extract ing image from cp:tm/tmoozldomke/mount conf iguring keuboard curt in_command in-target execut ing curt in_install curthnnks step curt in _command install conf iguring installed sustem running 'curt in curthnoks curt in command curthooks conf iguring apt conf iguring apt installing missing packages Installing packages on target sustem: conf iguring iscsi servire conf iguring raid (mdadm) service conf iguring NVMe over TCP installing kernel setting up swap apn1y etworking config netun uriting etc//fstab conf iguring mult ipath updating packages on target sustem cont iguring pnllinate user-agent on target updat ing initramfs conf igurat ion Help Erub-pc view full log'
[2m2025-08-10T21:58:51.624441Z[0m [32m INFO[0m [2misotope::automation::ocr[0m[2m:[0m OCR SUCCESS with 10s timeout (652ms): 'Installing system running 'curt in block-meta simple curt in command block-meta removing previous storage devices conf iguring disk: disk-sda conf iguring part itinn: nart ition-0 conf iguring partition: partition-1 conf iguring format: format-0 conf iguring partition: partition-2 conf iguring lvm. volgroup: lvm_volgroup-0 conf iguring lum_part ition: lvm_part it ion-0 conf iguring format: format-1 conf iguring mount: mount-1 conf iguring mount: mount-0 executing curt in install extrart step curt in command install writing install sources to disk running 'curt in extrart curt in command extract acquiring and extract ing image from cp:tm/tmoozldomke/mount conf iguring keuboard curt in_command in-target execut ing curt in_install curthnnks step curt in _command install conf iguring installed sustem running 'curt in curthnoks curt in command curthooks conf iguring apt conf iguring apt installing missing packages Installing packages on target sustem: conf iguring iscsi servire conf iguring raid (mdadm) service conf iguring NVMe over TCP installing kernel setting up swap apn1y etworking config netun uriting etc//fstab conf iguring mult ipath updating packages on target sustem cont iguring pnllinate user-agent on target updat ing initramfs conf igurat ion Help Erub-pc view full log'
[2m2025-08-10T21:58:54.597892Z[0m [32m INFO[0m [2misotope::automation::ocr[0m[2m:[0m OCR SUCCESS with 10s timeout (616ms): 'Installing system running 'curt in block-meta simple curt in command block-meta removing previous storage devices conf iguring disk: disk-sda conf iguring part itinn: nart ition-0 conf iguring partition: partition-1 conf iguring format: format-0 conf iguring partition: partition-2 conf iguring lvm. volgroup: lvm_volgroup-0 conf iguring lum_part ition: lvm_part it ion-0 conf iguring format: format-1 conf iguring mount: mount-1 conf iguring mount: mount-0 executing curt in install extrart step curt in command install writing install sources to disk running 'curt in extrart curt in command extract acquiring and extract ing image from cp:tm/tmoozldomke/mount conf iguring keuboard curt in_command in-target execut ing curt in_install curthnnks step curt in _command install conf iguring installed sustem running 'curt in curthnoks curt in command curthooks conf iguring apt conf iguring apt installing missing packages Installing packages on target sustem: conf iguring iscsi servire conf iguring raid (mdadm) service conf iguring NVMe over TCP installing kernel setting up swap apn1y etworking config netun uriting etc//fstab conf iguring mult ipath updating packages on target sustem cont iguring pnllinate user-agent on target updat ing initramfs conf igurat ion Help Erub-pc view full log'
[2m2025-08-10T21:58:57.611624Z[0m [32m INFO[0m [2misotope::automation::ocr[0m[2m:[0m OCR SUCCESS with 10s timeout (658ms): 'Installing system running 'curt in block-meta simple curt in command block-meta removing previous storage devices conf iguring disk: disk-sda conf iguring part itinn: nart ition-0 conf iguring partition: partition-1 conf iguring format: format-0 conf iguring partition: partition-2 conf iguring lvm. volgroup: lvm_volgroup-0 conf iguring lum_part ition: lvm_part it ion-0 conf iguring format: format-1 conf iguring mount: mount-1 conf iguring mount: mount-0 executing curt in install extrart step curt in command install writing install sources to disk running 'curt in extrart curt in command extract acquiring and extract ing image from cp:tm/tmoozldomke/mount conf iguring keuboard curt in_command in-target execut ing curt in_install curthnnks step curt in _command install conf iguring installed sustem running 'curt in curthnoks curt in command curthooks conf iguring apt conf iguring apt installing missing packages Installing packages on target sustem: conf iguring iscsi servire conf iguring raid (mdadm) service conf iguring NVMe over TCP installing kernel setting up swap apn1y etworking config netun uriting etc//fstab conf iguring mult ipath updating packages on target sustem cont iguring onllinate user-agent on target updat ing initramfs conf igurat ion Help Erub-pc Viem full 1og'
[2m2025-08-10T21:59:00.611152Z[0m [32m INFO[0m [2misotope::automation::ocr[0m[2m:[0m OCR SUCCESS with 10s timeout (634ms): 'Installing system running 'curt in block-meta simple curt in command block-meta removing previous storage devices conf iguring disk: disk-sda conf iguring part itinn: nart ition-0 conf iguring partition: partition-1 conf iguring format: format-0 conf iguring partition: partition-2 conf iguring lvm. volgroup: lvm_volgroup-0 conf iguring lum_part ition: lvm_part it ion-0 conf iguring format: format-1 conf iguring mount: mount-1 conf iguring mount: mount-0 executing curt in install extrart step curt in command install writing install sources to disk running 'curt in extrart curt in command extract acquiring and extract ing image from cp:tm/tmoozldomke/mount conf iguring keuboard curt in_command in-target execut ing curt in_install curthnnks step curt in _command install conf iguring installed sustem running 'curt in curthnoks curt in command curthooks conf iguring apt conf iguring apt installing missing packages Installing packages on target sustem: conf iguring iscsi servire conf iguring raid (mdadm) service conf iguring NVMe over TCP installing kernel setting up swap apn1y etworking config netun uriting etc//fstab conf iguring mult ipath updating packages on target sustem cont iguring pnllinate user-agent on target updat ing initramfs conf igurat inn Help Erub-pc view full log'
[2m2025-08-10T21:59:03.594398Z[0m [32m INFO[0m [2misotope::automation::ocr[0m[2m:[0m OCR SUCCESS with 10s timeout (628ms): 'Installing system removing previous storage devices conf iguring disk: disk-sda conf iguring part itinn: part ition-0 conf iguring partition: partition- conf iguring format: format-0 conf iguring part ition: partition-2 conf iguring lvm_ volgroup: lvm_volgroup-0 conf iguring lvm_ partition: lvm part ition-0 conf iguring format: format-1 conf iguring mount: mount-1 conf iguring mount: mount-0 execut ing curt in install extract sten curt in command install writing install sources to disk running 'curt in extract curt in command extract acquiring and extracting image from cp:tm/tmpozldomke/mount conf iguring keuboard curt in_command in-target execut ing curt in_instal] curthnnks step curt in _command install conf iguring installed sustem running 'curt in curthnoks curt in command curthooks conf iguring apt conf iguring apt installing missing packages Installing packages on target system: conf iguring iscsi service conf iguring raid (mdadm) service conf iguring NVMe over TCP installing kernel setting up swap apnly networking config uriting etc//fstab conf iguring mult ipath updating packages on target sustem conf iguring nnllinate user-agent on target updat ing initramfs conf igurat ion conf iguring target system boot loader installing grub to target devices Help grub-pc '1 view full log'
[2m2025-08-10T21:59:06.524008Z[0m [32m INFO[0m [2misotope::automation::ocr[0m[2m:[0m OCR SUCCESS with 10s timeout (576ms): 'Installing sustem conf iguring lum_volgroun: lvm. volgroup-0 conf iguring lum_ partit ion: lvm_part ition-0 conf iguring format: format-1 conf iguring mount: mount-1 conf iguring mount: mount-0 executing curt in install extrart step curt in command install writing install sources to disk running 'curt in extract curt in command extract acquiring and extracting image from cp:tm/tmpozldomke/mount conf iguring keuboard curt in_command in-target execut ing curt in_install curthnnks step curt in _command install conf iguring installed sustem running 'curt in curthnoks curt in command curthooks conf iguring apt conf iguring apt installing missing packages Installing packages on target sustem: conf iguring iscsi servire conf iguring raid (mdadm) service conf iguring NVMe over TCP installing kernel setting up swap apn1y Netorking config networ uriting etc//fstab conf iguring mult ipath updating packages on target sustem conf iguring nnllinate user-agent on target updating initramfs conf igurat ion conf iguring target sustem boot loader installing grub to target devices copying metadata from cdrom final system conf iguration calculating extra packages to install installing openssh-server retrieving openssh-server curtin _command sustem-install Help Erub-pc Viem full 1og'
[2m2025-08-10T21:59:09.487965Z[0m [32m INFO[0m [2misotope::automation::ocr[0m[2m:[0m OCR SUCCESS with 10s timeout (609ms): 'Installing sustem conf iguring lum. part ition: lvm_partition-0 conf igurine format: format-1 conf iguring mount: mount-1 conf iguring mount: mount-0 execut ing curt in install extrart step curt in command install writing install sources to disk running 'curt in extract curt in command extract acquiring and extracting image from cp:tmp/tmpozldomke/mount conf iguring keuboard curt in_command_ in-target execut ing curt in install curthnnks step curt in _command install conf iguring installed sustem running 'curt in curthnoks curt in command curthooks conf iguring apt conf iguring apt installing missing packages Installing packages on target system: contiguring iscsi service conf iguring raid (mdadm) service conf iguring NVMe over TCP installing kernel setting up swap apnly networking conf ig uriting etc//fstab conf iguring mult ipath updating packages on target sustem conf iguring pnllinate user-agent on target updat ing initramfs conf igurat ion conf iguring target sustem boot loader installing grub to target devices copying metadata from cdrom final system conf iguration calculating extra packages to install installing openssh-server retrieving openssh-server curt in command system-install unpack ing openssh-server Help Erub-pc Viem full 1og'
[2m2025-08-10T21:59:12.384237Z[0m [32m INFO[0m [2misotope::automation::ocr[0m[2m:[0m OCR SUCCESS with 10s timeout (538ms): 'Installing sustem conf iguring format: format-1 conf iguring mount: mount-1 conf iguring mount: mount-0 execut ing curt in install extract sten curt in command install writing install sources to disk running 'curtin extrart curt in command extract acauiring and extracting image from cp:tmp/tmpozldomke/mount conf iguring keuboard curt in _command in-target execut ing curt in_instal] curthooks step curt in_command install conf iguring installed sustem running 'curt in curthnoks curt in command curthooks conf iguring apt conf iguring apt installing missing packages Installing packages on target system: conf iguring iscsi service conf iguring raid (mdadm) service conf iguring NVMe over TCP installing kernel setting up swap apn1y networking conf ig uriting etc//fstab conf iguring mult ipath updating packages on target sustem conf iguring pnllinate user-agent on target updat ing initramfs conf igurat ion conf iguring target sustem boot loader installing grub to target devices copying metadata from cdrom final system conf iguration calculating extra packages to install installing openssh-server retrieving openssh-server curt in_command sustem-install unpack ing openssh-server curtin command system-install Help grub-pc '1 View full log'
[2m2025-08-10T21:59:15.344564Z[0m [32m INFO[0m [2misotope::automation::ocr[0m[2m:[0m OCR SUCCESS with 10s timeout (605ms): 'Installing sustem conf iguring format: format-1 conf iguring mount: mount-1 conf iguring mount: mount-0 execut ing curt in install extract sten curt in command install writing install sources to disk running 'curtin extrart curt in command extract acauiring and extracting image from cp:tmp/tmpozldomke/mount conf iguring keuboard curt in _command in-target execut ing curt in_instal] curthooks step curt in_command install conf iguring installed sustem running 'curt in curthnoks curt in command curthooks conf iguring apt conf iguring apt installing missing packages Installing packages on target system: conf iguring iscsi service conf iguring raid (mdadm) service conf iguring NVMe over TCP installing kernel setting up swap apn1y networking conf ig uriting etc//fstab conf iguring mult ipath updating packages on target sustem conf iguring pnllinate user-agent on target updat ing initramfs conf igurat ion conf iguring target sustem boot loader installing grub to target devices copying metadata from cdrom final system conf iguration calculating extra packages to install installing openssh-server retrieving openssh-server curt in_command sustem-install unpack ing openssh-server curtin command system-install Help grub-pc '1 View full log'
[2m2025-08-10T21:59:18.404439Z[0m [32m INFO[0m [2misotope::automation::ocr[0m[2m:[0m OCR SUCCESS with 10s timeout (703ms): 'Updating sustem executing curt in_install extrart step curt in command install writing install sources to disk running 'curt in extract curt in command extract acquiring and extract ing image from cp:///tmp/tmozldomke/mount conf iguring keuboard curt in_command in-target execut ing curt in instal] curthnnks Step curt in_command install conf iguring installed sustem running 'curt in curthnoks curt in command curthooks conf iguring apt conf iguring apt installing missing packages Installing packages on target system: contiguring iscsi service conf iguring raid (mdadm) service conf iguring NVMe over TCP installing kernel setting up swap apnly networking conf ig uriting etc//fstab conf iguring mult ipath updating packages on target sustem conf iguring pnllinate user-agent on target updating initramfs conf igurat ion conf iguring target sustem boot loader installing grub to target devices copying metadata from cdrom final system conf iguration calculating extra packages to install installing openssh-server retrieving openssh-server curt in_command sustem-install unpack ing openssh-serve curt in _command system-install conf iguring cloud-init downloading and installing securitu updates curt in command in-target Help Erub-pc Viem full 1og'
[2m2025-08-10T21:59:21.384088Z[0m [32m INFO[0m [2misotope::automation::ocr[0m[2m:[0m OCR SUCCESS with 10s timeout (621ms): 'Updating sustem executing curt in_install extrart step curt in command install writing install sources to disk running 'curt in extract curt in command extract acquiring and extract ing image from cp:///tmp/tmozldomke/mount conf iguring keuboard curt in_command in-target execut ing curt in instal] curthnnks Step curt in_command install conf iguring installed sustem running 'curt in curthnoks curt in command curthooks conf iguring apt conf iguring apt installing missing packages Installing packages on target system: contiguring iscsi service conf iguring raid (mdadm) service conf iguring NVMe over TCP installing kernel setting up swap apnly networking conf ig uriting etc//fstab conf iguring mult ipath updating packages on target sustem conf iguring pnllinate user-agent on target updating initramfs conf igurat ion conf iguring target sustem boot loader installing grub to target devices copying metadata from cdrom final system conf iguration calculating extra packages to install installing openssh-server retrieving openssh-server curt in_command sustem-install unpack ing openssh-serve curt in _command system-install conf iguring cloud-init downloading and installing securitu updates curt in command in-target Help Erub-pc Viem full 1og'
[2m2025-08-10T21:59:24.350983Z[0m [32m INFO[0m [2misotope::automation::ocr[0m[2m:[0m OCR SUCCESS with 10s timeout (607ms): 'Updating sustem executing curt in_install extrart step curt in command install writing install sources to disk running 'curt in extract curt in command extract acquiring and extract ing image from cp:///tmp/tmozldomke/mount conf iguring keuboard curt in_command in-target execut ing curt in instal] curthnnks Step curt in_command install conf iguring installed sustem running 'curt in curthnoks curt in command curthooks conf iguring apt conf iguring apt installing missing packages Installing packages on target system: contiguring iscsi service conf iguring raid (mdadm) service conf iguring NVMe over TCP installing kernel setting up swap apnly networking conf ig uriting etc//fstab conf iguring mult ipath updating packages on target sustem conf iguring pnllinate user-agent on target updating initramfs conf igurat ion conf iguring target sustem boot loader installing grub to target devices copying metadata from cdrom final system conf iguration calculating extra packages to install installing openssh-server retrieving openssh-server curt in_command sustem-install unpack ing openssh-serve curt in _command system-install conf iguring cloud-init downloading and installing securitu updates curt in command in-target Help Erub-pc Viem full 1og'
[2m2025-08-10T21:59:27.303845Z[0m [32m INFO[0m [2misotope::automation::ocr[0m[2m:[0m OCR SUCCESS with 10s timeout (590ms): 'Updating sustem executing curt in_install extrart step curt in command install writing install sources to disk running 'curt in extract curt in command extract acquiring and extract ing image from cp:///tmp/tmozldomke/mount conf iguring keuboard curt in_command in-target execut ing curt in instal] curthnnks Step curt in_command install conf iguring installed sustem running 'curt in curthnoks curt in command curthooks conf iguring apt conf iguring apt installing missing packages Installing packages on target system: contiguring iscsi service conf iguring raid (mdadm) service conf iguring NVMe over TCP installing kernel setting up swap apnly networking conf ig uriting etc//fstab conf iguring mult ipath updating packages on target sustem conf iguring pnllinate user-agent on target updating initramfs conf igurat ion conf iguring target sustem boot loader installing grub to target devices copying metadata from cdrom final system conf iguration calculating extra packages to install installing openssh-server retrieving openssh-server curt in_command sustem-install unpack ing openssh-serve curt in _command system-install conf iguring cloud-init downloading and installing securitu updates curt in command in-target Help Erub-pc Viem full 1og'
[2m2025-08-10T21:59:30.294384Z[0m [32m INFO[0m [2misotope::automation::ocr[0m[2m:[0m OCR SUCCESS with 10s timeout (628ms): 'Updating sustem executing curt in_install extrart step curt in command install writing install sources to disk running 'curt in extract curt in command extract acquiring and extract ing image from cp:///tmp/tmozldomke/mount conf iguring keuboard curt in_command in-target execut ing curt in instal] curthnnks Step curt in_command install conf iguring installed sustem running 'curt in curthnoks curt in command curthooks conf iguring apt conf iguring apt installing missing packages Installing packages on target system: contiguring iscsi service conf iguring raid (mdadm) service conf iguring NVMe over TCP installing kernel setting up swap apnly networking conf ig uriting etc//fstab conf iguring mult ipath updating packages on target sustem conf iguring pnllinate user-agent on target updating initramfs conf igurat ion conf iguring target sustem boot loader installing grub to target devices copying metadata from cdrom final system conf iguration calculating extra packages to install installing openssh-server retrieving openssh-server curt in_command sustem-install unpack ing openssh-serve curt in _command system-install conf iguring cloud-init downloading and installing securitu updates curt in command in-target Help Erub-pc Viem full 1og'
[2m2025-08-10T21:59:33.215813Z[0m [32m INFO[0m [2misotope::automation::ocr[0m[2m:[0m OCR SUCCESS with 10s timeout (567ms): 'Updating sustem executing curt in_install extrart step curt in command install writing install sources to disk running 'curt in extract curt in command extract acquiring and extract ing image from cp:///tmp/tmozldomke/mount conf iguring keuboard curt in_command in-target execut ing curt in instal] curthnnks Step curt in_command install conf iguring installed sustem running 'curt in curthnoks curt in command curthooks conf iguring apt conf iguring apt installing missing packages Installing packages on target system: contiguring iscsi service conf iguring raid (mdadm) service conf iguring NVMe over TCP installing kernel setting up swap apnly networking conf ig uriting etc//fstab conf iguring mult ipath updating packages on target sustem conf iguring pnllinate user-agent on target updating initramfs conf igurat ion conf iguring target sustem boot loader installing grub to target devices copying metadata from cdrom final system conf iguration calculating extra packages to install installing openssh-server retrieving openssh-server curt in_command sustem-install unpack ing openssh-serve curt in _command system-install conf iguring cloud-init downloading and installing securitu updates curt in command in-target Help Erub-pc Viem full 1og'
[2m2025-08-10T21:59:36.168985Z[0m [32m INFO[0m [2misotope::automation::ocr[0m[2m:[0m OCR SUCCESS with 10s timeout (596ms): 'Updating sustem executing curt in_install extrart step curt in command install writing install sources to disk running 'curt in extract curt in command extract acquiring and extract ing image from cp:///tmp/tmozldomke/mount conf iguring keuboard curt in_command in-target execut ing curt in instal] curthnnks Step curt in_command install conf iguring installed sustem running 'curt in curthnoks curt in command curthooks conf iguring apt conf iguring apt installing missing packages Installing packages on target system: contiguring iscsi service conf iguring raid (mdadm) service conf iguring NVMe over TCP installing kernel setting up swap apnly networking conf ig uriting etc//fstab conf iguring mult ipath updating packages on target sustem conf iguring pnllinate user-agent on target updating initramfs conf igurat ion conf iguring target sustem boot loader installing grub to target devices copying metadata from cdrom final system conf iguration calculating extra packages to install installing openssh-server retrieving openssh-server curt in_command sustem-install unpack ing openssh-serve curt in _command system-install conf iguring cloud-init downloading and installing securitu updates curt in command in-target Help Erub-pc Viem full 1og'
[2m2025-08-10T21:59:39.074920Z[0m [32m INFO[0m [2misotope::automation::ocr[0m[2m:[0m OCR SUCCESS with 10s timeout (546ms): 'Updating sustem executing curt in_install extrart step curt in command install writing install sources to disk running 'curt in extract curt in command extract acquiring and extract ing image from cp:///tmp/tmozldomke/mount conf iguring keuboard curt in_command in-target execut ing curt in instal] curthnnks Step curt in_command install conf iguring installed sustem running 'curt in curthnoks curt in command curthooks conf iguring apt conf iguring apt installing missing packages Installing packages on target system: contiguring iscsi service conf iguring raid (mdadm) service conf iguring NVMe over TCP installing kernel setting up swap apnly networking conf ig uriting etc//fstab conf iguring mult ipath updating packages on target sustem conf iguring pnllinate user-agent on target updating initramfs conf igurat ion conf iguring target sustem boot loader installing grub to target devices copying metadata from cdrom final system conf iguration calculating extra packages to install installing openssh-server retrieving openssh-server curt in_command sustem-install unpack ing openssh-serve curt in _command system-install conf iguring cloud-init downloading and installing securitu updates curt in command in-target Help Erub-pc Viem full 1og'
[2m2025-08-10T21:59:42.023465Z[0m [32m INFO[0m [2misotope::automation::ocr[0m[2m:[0m OCR SUCCESS with 10s timeout (591ms): 'Updating sustem executing curt in_install extrart step curt in command install writing install sources to disk running 'curt in extract curt in command extract acquiring and extract ing image from cp:///tmp/tmozldomke/mount conf iguring keuboard curt in_command in-target execut ing curt in instal] curthnnks Step curt in_command install conf iguring installed sustem running 'curt in curthnoks curt in command curthooks conf iguring apt conf iguring apt installing missing packages Installing packages on target system: contiguring iscsi service conf iguring raid (mdadm) service conf iguring NVMe over TCP installing kernel setting up swap apnly networking conf ig uriting etc//fstab conf iguring mult ipath updating packages on target sustem conf iguring pnllinate user-agent on target updating initramfs conf igurat ion conf iguring target sustem boot loader installing grub to target devices copying metadata from cdrom final system conf iguration calculating extra packages to install installing openssh-server retrieving openssh-server curt in_command sustem-install unpack ing openssh-serve curt in _command system-install conf iguring cloud-init downloading and installing securitu updates curt in command in-target Help Erub-pc Viem full 1og'
[2m2025-08-10T21:59:44.995647Z[0m [32m INFO[0m [2misotope::automation::ocr[0m[2m:[0m OCR SUCCESS with 10s timeout (616ms): 'Updating sustem executing curt in_install extrart step curt in command install writing install sources to disk running 'curt in extract curt in command extract acquiring and extract ing image from cp:///tmp/tmozldomke/mount conf iguring keuboard curt in_command in-target execut ing curt in instal] curthnnks Step curt in_command install conf iguring installed sustem running 'curt in curthnoks curt in command curthooks conf iguring apt conf iguring apt installing missing packages Installing packages on target system: contiguring iscsi service conf iguring raid (mdadm) service conf iguring NVMe over TCP installing kernel setting up swap apnly networking conf ig uriting etc//fstab conf iguring mult ipath updating packages on target sustem conf iguring pnllinate user-agent on target updating initramfs conf igurat ion conf iguring target sustem boot loader installing grub to target devices copying metadata from cdrom final system conf iguration calculating extra packages to install installing openssh-server retrieving openssh-server curt in_command sustem-install unpack ing openssh-serve curt in _command system-install conf iguring cloud-init downloading and installing securitu updates curt in command in-target Help Erub-pc Viem full 1og'
[2m2025-08-10T21:59:47.957216Z[0m [32m INFO[0m [2misotope::automation::ocr[0m[2m:[0m OCR SUCCESS with 10s timeout (601ms): 'Updating sustem executing curt in_install extrart step curt in command install writing install sources to disk running 'curt in extract curt in command extract acquiring and extract ing image from cp:///tmp/tmozldomke/mount conf iguring keuboard curt in_command in-target execut ing curt in instal] curthnnks Step curt in_command install conf iguring installed sustem running 'curt in curthnoks curt in command curthooks conf iguring apt conf iguring apt installing missing packages Installing packages on target system: contiguring iscsi service conf iguring raid (mdadm) service conf iguring NVMe over TCP installing kernel setting up swap apnly networking conf ig uriting etc//fstab conf iguring mult ipath updating packages on target sustem conf iguring pnllinate user-agent on target updating initramfs conf igurat ion conf iguring target sustem boot loader installing grub to target devices copying metadata from cdrom final system conf iguration calculating extra packages to install installing openssh-server retrieving openssh-server curt in_command sustem-install unpack ing openssh-serve curt in _command system-install conf iguring cloud-init downloading and installing securitu updates curt in command in-target Help Erub-pc Viem full 1og'
[2m2025-08-10T21:59:51.020694Z[0m [32m INFO[0m [2misotope::automation::ocr[0m[2m:[0m OCR SUCCESS with 10s timeout (707ms): 'Updating sustem executing curt in_install extrart step curt in command install writing install sources to disk running 'curt in extract curt in command extract acquiring and extract ing image from cp:///tmp/tmozldomke/mount conf iguring keuboard curt in_command in-target execut ing curt in instal] curthnnks Step curt in_command install conf iguring installed sustem running 'curt in curthnoks curt in command curthooks conf iguring apt conf iguring apt installing missing packages Installing packages on target system: contiguring iscsi service conf iguring raid (mdadm) service conf iguring NVMe over TCP installing kernel setting up swap apnly networking conf ig uriting etc//fstab conf iguring mult ipath updating packages on target sustem conf iguring pnllinate user-agent on target updating initramfs conf igurat ion conf iguring target sustem boot loader installing grub to target devices copying metadata from cdrom final system conf iguration calculating extra packages to install installing openssh-server retrieving openssh-server curt in_command sustem-install unpack ing openssh-serve curt in _command system-install conf iguring cloud-init downloading and installing securitu updates curt in command in-target Help Erub-pc Viem full 1og'
[2m2025-08-10T21:59:54.034785Z[0m [32m INFO[0m [2misotope::automation::ocr[0m[2m:[0m OCR SUCCESS with 10s timeout (658ms): 'Updating sustem executing curt in_install extrart step curt in command install writing install sources to disk running 'curt in extract curt in command extract acquiring and extract ing image from cp:///tmp/tmozldomke/mount conf iguring keuboard curt in_command in-target execut ing curt in instal] curthnnks Step curt in_command install conf iguring installed sustem running 'curt in curthnoks curt in command curthooks conf iguring apt conf iguring apt installing missing packages Installing packages on target system: contiguring iscsi service conf iguring raid (mdadm) service conf iguring NVMe over TCP installing kernel setting up swap apnly networking conf ig uriting etc//fstab conf iguring mult ipath updating packages on target sustem conf iguring pnllinate user-agent on target updating initramfs conf igurat ion conf iguring target sustem boot loader installing grub to target devices copying metadata from cdrom final system conf iguration calculating extra packages to install installing openssh-server retrieving openssh-server curt in_command sustem-install unpack ing openssh-serve curt in _command system-install conf iguring cloud-init downloading and installing securitu updates curt in command in-target Help Erub-pc Viem full 1og'
[2m2025-08-10T21:59:57.005109Z[0m [32m INFO[0m [2misotope::automation::ocr[0m[2m:[0m OCR SUCCESS with 10s timeout (612ms): 'Updating sustem executing curt in_install extrart step curt in command install writing install sources to disk running 'curt in extract curt in command extract acquiring and extract ing image from cp:///tmp/tmozldomke/mount conf iguring keuboard curt in_command in-target execut ing curt in instal] curthnnks Step curt in_command install conf iguring installed sustem running 'curt in curthnoks curt in command curthooks conf iguring apt conf iguring apt installing missing packages Installing packages on target system: contiguring iscsi service conf iguring raid (mdadm) service conf iguring NVMe over TCP installing kernel setting up swap apnly networking conf ig uriting etc//fstab conf iguring mult ipath updating packages on target sustem conf iguring pnllinate user-agent on target updating initramfs conf igurat ion conf iguring target sustem boot loader installing grub to target devices copying metadata from cdrom final system conf iguration calculating extra packages to install installing openssh-server retrieving openssh-server curt in_command sustem-install unpack ing openssh-serve curt in _command system-install conf iguring cloud-init downloading and installing securitu updates curt in command in-target Help Erub-pc Viem full 1og'
[2m2025-08-10T21:59:59.932692Z[0m [32m INFO[0m [2misotope::automation::ocr[0m[2m:[0m OCR SUCCESS with 10s timeout (569ms): 'Updating sustem executing curt in_install extrart step curt in command install writing install sources to disk running 'curt in extract curt in command extract acquiring and extract ing image from cp:///tmp/tmozldomke/mount conf iguring keuboard curt in_command in-target execut ing curt in instal] curthnnks Step curt in_command install conf iguring installed sustem running 'curt in curthnoks curt in command curthooks conf iguring apt conf iguring apt installing missing packages Installing packages on target system: contiguring iscsi service conf iguring raid (mdadm) service conf iguring NVMe over TCP installing kernel setting up swap apnly networking conf ig uriting etc//fstab conf iguring mult ipath updating packages on target sustem conf iguring pnllinate user-agent on target updating initramfs conf igurat ion conf iguring target sustem boot loader installing grub to target devices copying metadata from cdrom final system conf iguration calculating extra packages to install installing openssh-server retrieving openssh-server curt in_command sustem-install unpack ing openssh-serve curt in _command system-install conf iguring cloud-init downloading and installing securitu updates curt in command in-target Help Erub-pc Viem full 1og'
[2m2025-08-10T22:00:02.960549Z[0m [32m INFO[0m [2misotope::automation::ocr[0m[2m:[0m OCR SUCCESS with 10s timeout (672ms): 'Updating sustem executing curt in_install extrart step curt in command install writing install sources to disk running 'curt in extract curt in command extract acquiring and extract ing image from cp:///tmp/tmozldomke/mount conf iguring keuboard curt in_command in-target execut ing curt in instal] curthnnks Step curt in_command install conf iguring installed sustem running 'curt in curthnoks curt in command curthooks conf iguring apt conf iguring apt installing missing packages Installing packages on target system: contiguring iscsi service conf iguring raid (mdadm) service conf iguring NVMe over TCP installing kernel setting up swap apnly networking conf ig uriting etc//fstab conf iguring mult ipath updating packages on target sustem conf iguring pnllinate user-agent on target updating initramfs conf igurat ion conf iguring target sustem boot loader installing grub to target devices copying metadata from cdrom final system conf iguration calculating extra packages to install installing openssh-server retrieving openssh-server curt in_command sustem-install unpack ing openssh-serve curt in _command system-install conf iguring cloud-init downloading and installing securitu updates curt in command in-target Help Erub-pc Viem full 1og'
[2m2025-08-10T22:00:05.983989Z[0m [32m INFO[0m [2misotope::automation::ocr[0m[2m:[0m OCR SUCCESS with 10s timeout (663ms): 'Updating sustem executing curt in_install extrart step curt in command install writing install sources to disk running 'curt in extract curt in command extract acquiring and extract ing image from cp:///tmp/tmozldomke/mount conf iguring keuboard curt in_command in-target execut ing curt in instal] curthnnks Step curt in_command install conf iguring installed sustem running 'curt in curthnoks curt in command curthooks conf iguring apt conf iguring apt installing missing packages Installing packages on target system: contiguring iscsi service conf iguring raid (mdadm) service conf iguring NVMe over TCP installing kernel setting up swap apnly networking conf ig uriting etc//fstab conf iguring mult ipath updating packages on target sustem conf iguring pnllinate user-agent on target updating initramfs conf igurat ion conf iguring target sustem boot loader installing grub to target devices copying metadata from cdrom final system conf iguration calculating extra packages to install installing openssh-server retrieving openssh-server curt in_command sustem-install unpack ing openssh-serve curt in _command system-install conf iguring cloud-init downloading and installing securitu updates curt in command in-target Help Erub-pc Viem full 1og'
[2m2025-08-10T22:00:08.982469Z[0m [32m INFO[0m [2misotope::automation::ocr[0m[2m:[0m OCR SUCCESS with 10s timeout (638ms): 'Updating sustem executing curt in_install extrart step curt in command install writing install sources to disk running 'curt in extract curt in command extract acquiring and extract ing image from cp:///tmp/tmozldomke/mount conf iguring keuboard curt in_command in-target execut ing curt in instal] curthnnks Step curt in_command install conf iguring installed sustem running 'curt in curthnoks curt in command curthooks conf iguring apt conf iguring apt installing missing packages Installing packages on target system: contiguring iscsi service conf iguring raid (mdadm) service conf iguring NVMe over TCP installing kernel setting up swap apnly networking conf ig uriting etc//fstab conf iguring mult ipath updating packages on target sustem conf iguring pnllinate user-agent on target updating initramfs conf igurat ion conf iguring target sustem boot loader installing grub to target devices copying metadata from cdrom final system conf iguration calculating extra packages to install installing openssh-server retrieving openssh-server curt in_command sustem-install unpack ing openssh-serve curt in _command system-install conf iguring cloud-init downloading and installing securitu updates curt in command in-target Help Erub-pc Viem full 1og'
[2m2025-08-10T22:00:11.971683Z[0m [32m INFO[0m [2misotope::automation::ocr[0m[2m:[0m OCR SUCCESS with 10s timeout (630ms): 'Updating sustem executing curt in_install extrart step curt in command install writing install sources to disk running 'curt in extract curt in command extract acquiring and extract ing image from cp:///tmp/tmozldomke/mount conf iguring keuboard curt in_command in-target execut ing curt in instal] curthnnks Step curt in_command install conf iguring installed sustem running 'curt in curthnoks curt in command curthooks conf iguring apt conf iguring apt installing missing packages Installing packages on target system: contiguring iscsi service conf iguring raid (mdadm) service conf iguring NVMe over TCP installing kernel setting up swap apnly networking conf ig uriting etc//fstab conf iguring mult ipath updating packages on target sustem conf iguring pnllinate user-agent on target updating initramfs conf igurat ion conf iguring target sustem boot loader installing grub to target devices copying metadata from cdrom final system conf iguration calculating extra packages to install installing openssh-server retrieving openssh-server curt in_command sustem-install unpack ing openssh-serve curt in _command system-install conf iguring cloud-init downloading and installing securitu updates curt in command in-target Help Erub-pc Viem full 1og'
[2m2025-08-10T22:00:14.985096Z[0m [32m INFO[0m [2misotope::automation::ocr[0m[2m:[0m OCR SUCCESS with 10s timeout (657ms): 'Updating sustem executing curt in_install extrart step curt in command install writing install sources to disk running 'curt in extract curt in command extract acquiring and extract ing image from cp:///tmp/tmozldomke/mount conf iguring keuboard curt in_command in-target execut ing curt in instal] curthnnks Step curt in_command install conf iguring installed sustem running 'curt in curthnoks curt in command curthooks conf iguring apt conf iguring apt installing missing packages Installing packages on target system: contiguring iscsi service conf iguring raid (mdadm) service conf iguring NVMe over TCP installing kernel setting up swap apnly networking conf ig uriting etc//fstab conf iguring mult ipath updating packages on target sustem conf iguring pnllinate user-agent on target updating initramfs conf igurat ion conf iguring target sustem boot loader installing grub to target devices copying metadata from cdrom final system conf iguration calculating extra packages to install installing openssh-server retrieving openssh-server curt in_command sustem-install unpack ing openssh-serve curt in _command system-install conf iguring cloud-init downloading and installing securitu updates curt in command in-target Help Erub-pc Viem full 1og'
[2m2025-08-10T22:00:17.943559Z[0m [32m INFO[0m [2misotope::automation::ocr[0m[2m:[0m OCR SUCCESS with 10s timeout (603ms): 'Updating sustem executing curt in_install extrart step curt in command install writing install sources to disk running 'curt in extract curt in command extract acquiring and extract ing image from cp:///tmp/tmozldomke/mount conf iguring keuboard curt in_command in-target execut ing curt in instal] curthnnks Step curt in_command install conf iguring installed sustem running 'curt in curthnoks curt in command curthooks conf iguring apt conf iguring apt installing missing packages Installing packages on target system: contiguring iscsi service conf iguring raid (mdadm) service conf iguring NVMe over TCP installing kernel setting up swap apnly networking conf ig uriting etc//fstab conf iguring mult ipath updating packages on target sustem conf iguring pnllinate user-agent on target updating initramfs conf igurat ion conf iguring target sustem boot loader installing grub to target devices copying metadata from cdrom final system conf iguration calculating extra packages to install installing openssh-server retrieving openssh-server curt in_command sustem-install unpack ing openssh-serve curt in _command system-install conf iguring cloud-init downloading and installing securitu updates curt in command in-target Help Erub-pc Viem full 1og'
[2m2025-08-10T22:00:20.909928Z[0m [32m INFO[0m [2misotope::automation::ocr[0m[2m:[0m OCR SUCCESS with 10s timeout (602ms): 'Updating sustem executing curt in_install extrart step curt in command install writing install sources to disk running 'curt in extract curt in command extract acquiring and extract ing image from cp:///tmp/tmozldomke/mount conf iguring keuboard curt in_command in-target execut ing curt in instal] curthnnks Step curt in_command install conf iguring installed sustem running 'curt in curthnoks curt in command curthooks conf iguring apt conf iguring apt installing missing packages Installing packages on target system: contiguring iscsi service conf iguring raid (mdadm) service conf iguring NVMe over TCP installing kernel setting up swap apnly networking conf ig uriting etc//fstab conf iguring mult ipath updating packages on target sustem conf iguring pnllinate user-agent on target updating initramfs conf igurat ion conf iguring target sustem boot loader installing grub to target devices copying metadata from cdrom final system conf iguration calculating extra packages to install installing openssh-server retrieving openssh-server curt in_command sustem-install unpack ing openssh-serve curt in _command system-install conf iguring cloud-init downloading and installing securitu updates curt in command in-target Help Erub-pc Viem full 1og'
[2m2025-08-10T22:00:23.829898Z[0m [32m INFO[0m [2misotope::automation::ocr[0m[2m:[0m OCR SUCCESS with 10s timeout (563ms): 'Updating sustem executing curt in_install extrart step curt in command install writing install sources to disk running 'curt in extract curt in command extract acquiring and extract ing image from cp:///tmp/tmozldomke/mount conf iguring keuboard curt in_command in-target execut ing curt in instal] curthnnks Step curt in_command install conf iguring installed sustem running 'curt in curthnoks curt in command curthooks conf iguring apt conf iguring apt installing missing packages Installing packages on target system: contiguring iscsi service conf iguring raid (mdadm) service conf iguring NVMe over TCP installing kernel setting up swap apnly networking conf ig uriting etc//fstab conf iguring mult ipath updating packages on target sustem conf iguring pnllinate user-agent on target updating initramfs conf igurat ion conf iguring target sustem boot loader installing grub to target devices copying metadata from cdrom final system conf iguration calculating extra packages to install installing openssh-server retrieving openssh-server curt in_command sustem-install unpack ing openssh-serve curt in _command system-install conf iguring cloud-init downloading and installing securitu updates curt in command in-target Help Erub-pc Viem full 1og'
[2m2025-08-10T22:00:26.745345Z[0m [32m INFO[0m [2misotope::automation::ocr[0m[2m:[0m OCR SUCCESS with 10s timeout (559ms): 'Updating sustem executing curt in_install extrart step curt in command install writing install sources to disk running 'curt in extract curt in command extract acquiring and extract ing image from cp:///tmp/tmozldomke/mount conf iguring keuboard curt in_command in-target execut ing curt in instal] curthnnks Step curt in_command install conf iguring installed sustem running 'curt in curthnoks curt in command curthooks conf iguring apt conf iguring apt installing missing packages Installing packages on target system: contiguring iscsi service conf iguring raid (mdadm) service conf iguring NVMe over TCP installing kernel setting up swap apnly networking conf ig uriting etc//fstab conf iguring mult ipath updating packages on target sustem conf iguring pnllinate user-agent on target updating initramfs conf igurat ion conf iguring target sustem boot loader installing grub to target devices copying metadata from cdrom final system conf iguration calculating extra packages to install installing openssh-server retrieving openssh-server curt in_command sustem-install unpack ing openssh-serve curt in _command system-install conf iguring cloud-init downloading and installing securitu updates curt in command in-target Help Erub-pc Viem full 1og'
[2m2025-08-10T22:00:29.708424Z[0m [32m INFO[0m [2misotope::automation::ocr[0m[2m:[0m OCR SUCCESS with 10s timeout (605ms): 'Updating sustem executing curt in_install extrart step curt in command install writing install sources to disk running 'curt in extract curt in command extract acquiring and extract ing image from cp:///tmp/tmozldomke/mount conf iguring keuboard curt in_command in-target execut ing curt in instal] curthnnks Step curt in_command install conf iguring installed sustem running 'curt in curthnoks curt in command curthooks conf iguring apt conf iguring apt installing missing packages Installing packages on target system: contiguring iscsi service conf iguring raid (mdadm) service conf iguring NVMe over TCP installing kernel setting up swap apnly networking conf ig uriting etc//fstab conf iguring mult ipath updating packages on target sustem conf iguring pnllinate user-agent on target updating initramfs conf igurat ion conf iguring target sustem boot loader installing grub to target devices copying metadata from cdrom final system conf iguration calculating extra packages to install installing openssh-server retrieving openssh-server curt in_command sustem-install unpack ing openssh-serve curt in _command system-install conf iguring cloud-init downloading and installing securitu updates curt in command in-target Help Erub-pc Viem full 1og'
[2m2025-08-10T22:00:32.643103Z[0m [32m INFO[0m [2misotope::automation::ocr[0m[2m:[0m OCR SUCCESS with 10s timeout (573ms): 'Updating sustem executing curt in_install extrart step curt in command install writing install sources to disk running 'curt in extract curt in command extract acquiring and extract ing image from cp:///tmp/tmozldomke/mount conf iguring keuboard curt in_command in-target execut ing curt in instal] curthnnks Step curt in_command install conf iguring installed sustem running 'curt in curthnoks curt in command curthooks conf iguring apt conf iguring apt installing missing packages Installing packages on target system: contiguring iscsi service conf iguring raid (mdadm) service conf iguring NVMe over TCP installing kernel setting up swap apnly networking conf ig uriting etc//fstab conf iguring mult ipath updating packages on target sustem conf iguring pnllinate user-agent on target updating initramfs conf igurat ion conf iguring target sustem boot loader installing grub to target devices copying metadata from cdrom final system conf iguration calculating extra packages to install installing openssh-server retrieving openssh-server curt in_command sustem-install unpack ing openssh-serve curt in _command system-install conf iguring cloud-init downloading and installing securitu updates curt in command in-target Help Erub-pc Viem full 1og'
[2m2025-08-10T22:00:35.613957Z[0m [32m INFO[0m [2misotope::automation::ocr[0m[2m:[0m OCR SUCCESS with 10s timeout (614ms): 'Updating sustem executing curt in_install extrart step curt in command install writing install sources to disk running 'curt in extract curt in command extract acquiring and extract ing image from cp:///tmp/tmozldomke/mount conf iguring keuboard curt in_command in-target execut ing curt in instal] curthnnks Step curt in_command install conf iguring installed sustem running 'curt in curthnoks curt in command curthooks conf iguring apt conf iguring apt installing missing packages Installing packages on target system: contiguring iscsi service conf iguring raid (mdadm) service conf iguring NVMe over TCP installing kernel setting up swap apnly networking conf ig uriting etc//fstab conf iguring mult ipath updating packages on target sustem conf iguring pnllinate user-agent on target updating initramfs conf igurat ion conf iguring target sustem boot loader installing grub to target devices copying metadata from cdrom final system conf iguration calculating extra packages to install installing openssh-server retrieving openssh-server curt in_command sustem-install unpack ing openssh-serve curt in _command system-install conf iguring cloud-init downloading and installing securitu updates curt in command in-target Help Erub-pc Viem full 1og'
[2m2025-08-10T22:00:38.582820Z[0m [32m INFO[0m [2misotope::automation::ocr[0m[2m:[0m OCR SUCCESS with 10s timeout (610ms): 'Updating sustem executing curt in_install extrart step curt in command install writing install sources to disk running 'curt in extract curt in command extract acquiring and extract ing image from cp:///tmp/tmozldomke/mount conf iguring keuboard curt in_command in-target execut ing curt in instal] curthnnks Step curt in_command install conf iguring installed sustem running 'curt in curthnoks curt in command curthooks conf iguring apt conf iguring apt installing missing packages Installing packages on target system: contiguring iscsi service conf iguring raid (mdadm) service conf iguring NVMe over TCP installing kernel setting up swap apnly networking conf ig uriting etc//fstab conf iguring mult ipath updating packages on target sustem conf iguring pnllinate user-agent on target updating initramfs conf igurat ion conf iguring target sustem boot loader installing grub to target devices copying metadata from cdrom final system conf iguration calculating extra packages to install installing openssh-server retrieving openssh-server curt in_command sustem-install unpack ing openssh-serve curt in _command system-install conf iguring cloud-init downloading and installing securitu updates curt in command in-target Help Erub-pc Viem full 1og'
[2m2025-08-10T22:00:41.571262Z[0m [32m INFO[0m [2misotope::automation::ocr[0m[2m:[0m OCR SUCCESS with 10s timeout (607ms): 'Updating sustem executing curt in_install extrart step curt in command install writing install sources to disk running 'curt in extract curt in command extract acquiring and extract ing image from cp:///tmp/tmozldomke/mount conf iguring keuboard curt in_command in-target execut ing curt in instal] curthnnks Step curt in_command install conf iguring installed sustem running 'curt in curthnoks curt in command curthooks conf iguring apt conf iguring apt installing missing packages Installing packages on target system: contiguring iscsi service conf iguring raid (mdadm) service conf iguring NVMe over TCP installing kernel setting up swap apnly networking conf ig uriting etc//fstab conf iguring mult ipath updating packages on target sustem conf iguring pnllinate user-agent on target updating initramfs conf igurat ion conf iguring target sustem boot loader installing grub to target devices copying metadata from cdrom final system conf iguration calculating extra packages to install installing openssh-server retrieving openssh-server curt in_command sustem-install unpack ing openssh-serve curt in _command system-install conf iguring cloud-init downloading and installing securitu updates curt in command in-target Help Erub-pc Viem full 1og'
[2m2025-08-10T22:00:44.553614Z[0m [32m INFO[0m [2misotope::automation::ocr[0m[2m:[0m OCR SUCCESS with 10s timeout (622ms): 'Updating sustem executing curt in_install extrart step curt in command install writing install sources to disk running 'curt in extract curt in command extract acquiring and extract ing image from cp:///tmp/tmozldomke/mount conf iguring keuboard curt in_command in-target execut ing curt in instal] curthnnks Step curt in_command install conf iguring installed sustem running 'curt in curthnoks curt in command curthooks conf iguring apt conf iguring apt installing missing packages Installing packages on target system: contiguring iscsi service conf iguring raid (mdadm) service conf iguring NVMe over TCP installing kernel setting up swap apnly networking conf ig uriting etc//fstab conf iguring mult ipath updating packages on target sustem conf iguring pnllinate user-agent on target updating initramfs conf igurat ion conf iguring target sustem boot loader installing grub to target devices copying metadata from cdrom final system conf iguration calculating extra packages to install installing openssh-server retrieving openssh-server curt in_command sustem-install unpack ing openssh-serve curt in _command system-install conf iguring cloud-init downloading and installing securitu updates curt in command in-target Help Erub-pc Viem full 1og'
[2m2025-08-10T22:00:47.555856Z[0m [32m INFO[0m [2misotope::automation::ocr[0m[2m:[0m OCR SUCCESS with 10s timeout (647ms): 'Updating sustem executing curt in_install extrart step curt in command install writing install sources to disk running 'curt in extract curt in command extract acquiring and extract ing image from cp:///tmp/tmozldomke/mount conf iguring keuboard curt in_command in-target execut ing curt in instal] curthnnks Step curt in_command install conf iguring installed sustem running 'curt in curthnoks curt in command curthooks conf iguring apt conf iguring apt installing missing packages Installing packages on target system: contiguring iscsi service conf iguring raid (mdadm) service conf iguring NVMe over TCP installing kernel setting up swap apnly networking conf ig uriting etc//fstab conf iguring mult ipath updating packages on target sustem conf iguring pnllinate user-agent on target updating initramfs conf igurat ion conf iguring target sustem boot loader installing grub to target devices copying metadata from cdrom final system conf iguration calculating extra packages to install installing openssh-server retrieving openssh-server curt in_command sustem-install unpack ing openssh-serve curt in _command system-install conf iguring cloud-init downloading and installing securitu updates curt in command in-target Help Erub-pc Viem full 1og'
[2m2025-08-10T22:00:50.506322Z[0m [32m INFO[0m [2misotope::automation::ocr[0m[2m:[0m OCR SUCCESS with 10s timeout (592ms): 'Updating sustem executing curt in_install extrart step curt in command install writing install sources to disk running 'curt in extract curt in command extract acquiring and extract ing image from cp:///tmp/tmozldomke/mount conf iguring keuboard curt in_command in-target execut ing curt in instal] curthnnks Step curt in_command install conf iguring installed sustem running 'curt in curthnoks curt in command curthooks conf iguring apt conf iguring apt installing missing packages Installing packages on target system: contiguring iscsi service conf iguring raid (mdadm) service conf iguring NVMe over TCP installing kernel setting up swap apnly networking conf ig uriting etc//fstab conf iguring mult ipath updating packages on target sustem conf iguring pnllinate user-agent on target updating initramfs conf igurat ion conf iguring target sustem boot loader installing grub to target devices copying metadata from cdrom final system conf iguration calculating extra packages to install installing openssh-server retrieving openssh-server curt in_command sustem-install unpack ing openssh-serve curt in _command system-install conf iguring cloud-init downloading and installing securitu updates curt in command in-target Help Erub-pc Viem full 1og'
[2m2025-08-10T22:00:53.437319Z[0m [32m INFO[0m [2misotope::automation::ocr[0m[2m:[0m OCR SUCCESS with 10s timeout (573ms): 'Updating sustem executing curt in_install extrart step curt in command install writing install sources to disk running 'curt in extract curt in command extract acquiring and extract ing image from cp:///tmp/tmozldomke/mount conf iguring keuboard curt in_command in-target execut ing curt in instal] curthnnks Step curt in_command install conf iguring installed sustem running 'curt in curthnoks curt in command curthooks conf iguring apt conf iguring apt installing missing packages Installing packages on target system: contiguring iscsi service conf iguring raid (mdadm) service conf iguring NVMe over TCP installing kernel setting up swap apnly networking conf ig uriting etc//fstab conf iguring mult ipath updating packages on target sustem conf iguring pnllinate user-agent on target updating initramfs conf igurat ion conf iguring target sustem boot loader installing grub to target devices copying metadata from cdrom final system conf iguration calculating extra packages to install installing openssh-server retrieving openssh-server curt in_command sustem-install unpack ing openssh-serve curt in _command system-install conf iguring cloud-init downloading and installing securitu updates curt in command in-target Help Erub-pc Viem full 1og'
[2m2025-08-10T22:00:56.462302Z[0m [32m INFO[0m [2misotope::automation::ocr[0m[2m:[0m OCR SUCCESS with 10s timeout (671ms): 'Updating sustem executing curt in_install extrart step curt in command install writing install sources to disk running 'curt in extract curt in command extract acquiring and extract ing image from cp:///tmp/tmozldomke/mount conf iguring keuboard curt in_command in-target execut ing curt in instal] curthnnks Step curt in_command install conf iguring installed sustem running 'curt in curthnoks curt in command curthooks conf iguring apt conf iguring apt installing missing packages Installing packages on target system: contiguring iscsi service conf iguring raid (mdadm) service conf iguring NVMe over TCP installing kernel setting up swap apnly networking conf ig uriting etc//fstab conf iguring mult ipath updating packages on target sustem conf iguring pnllinate user-agent on target updating initramfs conf igurat ion conf iguring target sustem boot loader installing grub to target devices copying metadata from cdrom final system conf iguration calculating extra packages to install installing openssh-server retrieving openssh-server curt in_command sustem-install unpack ing openssh-serve curt in _command system-install conf iguring cloud-init downloading and installing securitu updates curt in command in-target Help Erub-pc Viem full 1og'
[2m2025-08-10T22:00:59.452761Z[0m [32m INFO[0m [2misotope::automation::ocr[0m[2m:[0m OCR SUCCESS with 10s timeout (619ms): 'Updating sustem executing curt in_install extrart step curt in command install writing install sources to disk running 'curt in extract curt in command extract acquiring and extract ing image from cp:///tmp/tmozldomke/mount conf iguring keuboard curt in_command in-target execut ing curt in instal] curthnnks Step curt in_command install conf iguring installed sustem running 'curt in curthnoks curt in command curthooks conf iguring apt conf iguring apt installing missing packages Installing packages on target system: contiguring iscsi service conf iguring raid (mdadm) service conf iguring NVMe over TCP installing kernel setting up swap apnly networking conf ig uriting etc//fstab conf iguring mult ipath updating packages on target sustem conf iguring pnllinate user-agent on target updating initramfs conf igurat ion conf iguring target sustem boot loader installing grub to target devices copying metadata from cdrom final system conf iguration calculating extra packages to install installing openssh-server retrieving openssh-server curt in_command sustem-install unpack ing openssh-serve curt in _command system-install conf iguring cloud-init downloading and installing securitu updates curt in command in-target Help Erub-pc Viem full 1og'
[2m2025-08-10T22:01:02.409449Z[0m [32m INFO[0m [2misotope::automation::ocr[0m[2m:[0m OCR SUCCESS with 10s timeout (602ms): 'Updating sustem executing curt in_install extrart step curt in command install writing install sources to disk running 'curt in extract curt in command extract acquiring and extract ing image from cp:///tmp/tmozldomke/mount conf iguring keuboard curt in_command in-target execut ing curt in instal] curthnnks Step curt in_command install conf iguring installed sustem running 'curt in curthnoks curt in command curthooks conf iguring apt conf iguring apt installing missing packages Installing packages on target system: contiguring iscsi service conf iguring raid (mdadm) service conf iguring NVMe over TCP installing kernel setting up swap apnly networking conf ig uriting etc//fstab conf iguring mult ipath updating packages on target sustem conf iguring pnllinate user-agent on target updating initramfs conf igurat ion conf iguring target sustem boot loader installing grub to target devices copying metadata from cdrom final system conf iguration calculating extra packages to install installing openssh-server retrieving openssh-server curt in_command sustem-install unpack ing openssh-serve curt in _command system-install conf iguring cloud-init downloading and installing securitu updates curt in command in-target Help Erub-pc Viem full 1og'
[2m2025-08-10T22:01:05.485333Z[0m [32m INFO[0m [2misotope::automation::ocr[0m[2m:[0m OCR SUCCESS with 10s timeout (721ms): 'Updating sustem executing curt in_install extrart step curt in command install writing install sources to disk running 'curt in extract curt in command extract acquiring and extract ing image from cp:///tmp/tmozldomke/mount conf iguring keuboard curt in_command in-target execut ing curt in instal] curthnnks Step curt in_command install conf iguring installed sustem running 'curt in curthnoks curt in command curthooks conf iguring apt conf iguring apt installing missing packages Installing packages on target system: contiguring iscsi service conf iguring raid (mdadm) service conf iguring NVMe over TCP installing kernel setting up swap apnly networking conf ig uriting etc//fstab conf iguring mult ipath updating packages on target sustem conf iguring pnllinate user-agent on target updating initramfs conf igurat ion conf iguring target sustem boot loader installing grub to target devices copying metadata from cdrom final system conf iguration calculating extra packages to install installing openssh-server retrieving openssh-server curt in_command sustem-install unpack ing openssh-serve curt in _command system-install conf iguring cloud-init downloading and installing securitu updates curt in command in-target Help Erub-pc Viem full 1og'
[2m2025-08-10T22:01:08.501577Z[0m [32m INFO[0m [2misotope::automation::ocr[0m[2m:[0m OCR SUCCESS with 10s timeout (609ms): 'Updating sustem executing curt in_install extrart step curt in command install writing install sources to disk running 'curt in extract curt in command extract acquiring and extract ing image from cp:///tmp/tmozldomke/mount conf iguring keuboard curt in_command in-target execut ing curt in instal] curthnnks Step curt in_command install conf iguring installed sustem running 'curt in curthnoks curt in command curthooks conf iguring apt conf iguring apt installing missing packages Installing packages on target system: contiguring iscsi service conf iguring raid (mdadm) service conf iguring NVMe over TCP installing kernel setting up swap apnly networking conf ig uriting etc//fstab conf iguring mult ipath updating packages on target sustem conf iguring pnllinate user-agent on target updating initramfs conf igurat ion conf iguring target sustem boot loader installing grub to target devices copying metadata from cdrom final system conf iguration calculating extra packages to install installing openssh-server retrieving openssh-server curt in_command sustem-install unpack ing openssh-serve curt in _command system-install conf iguring cloud-init downloading and installing securitu updates curt in command in-target Help Erub-pc Viem full 1og'
[2m2025-08-10T22:01:11.467124Z[0m [32m INFO[0m [2misotope::automation::ocr[0m[2m:[0m OCR SUCCESS with 10s timeout (610ms): 'Updating sustem executing curt in_install extrart step curt in command install writing install sources to disk running 'curt in extract curt in command extract acquiring and extract ing image from cp:///tmp/tmozldomke/mount conf iguring keuboard curt in_command in-target execut ing curt in instal] curthnnks Step curt in_command install conf iguring installed sustem running 'curt in curthnoks curt in command curthooks conf iguring apt conf iguring apt installing missing packages Installing packages on target system: contiguring iscsi service conf iguring raid (mdadm) service conf iguring NVMe over TCP installing kernel setting up swap apnly networking conf ig uriting etc//fstab conf iguring mult ipath updating packages on target sustem conf iguring pnllinate user-agent on target updating initramfs conf igurat ion conf iguring target sustem boot loader installing grub to target devices copying metadata from cdrom final system conf iguration calculating extra packages to install installing openssh-server retrieving openssh-server curt in_command sustem-install unpack ing openssh-serve curt in _command system-install conf iguring cloud-init downloading and installing securitu updates curt in command in-target Help Erub-pc Viem full 1og'
[2m2025-08-10T22:01:14.507470Z[0m [32m INFO[0m [2misotope::automation::ocr[0m[2m:[0m OCR SUCCESS with 10s timeout (685ms): 'Updating sustem executing curt in_install extrart step curt in command install writing install sources to disk running 'curt in extract curt in command extract acquiring and extract ing image from cp:///tmp/tmozldomke/mount conf iguring keuboard curt in_command in-target execut ing curt in instal] curthnnks Step curt in_command install conf iguring installed sustem running 'curt in curthnoks curt in command curthooks conf iguring apt conf iguring apt installing missing packages Installing packages on target system: contiguring iscsi service conf iguring raid (mdadm) service conf iguring NVMe over TCP installing kernel setting up swap apnly networking conf ig uriting etc//fstab conf iguring mult ipath updating packages on target sustem conf iguring pnllinate user-agent on target updating initramfs conf igurat ion conf iguring target sustem boot loader installing grub to target devices copying metadata from cdrom final system conf iguration calculating extra packages to install installing openssh-server retrieving openssh-server curt in_command sustem-install unpack ing openssh-serve curt in _command system-install conf iguring cloud-init downloading and installing securitu updates curt in command in-target Help Erub-pc Viem full 1og'
[2m2025-08-10T22:01:17.481970Z[0m [32m INFO[0m [2misotope::automation::ocr[0m[2m:[0m OCR SUCCESS with 10s timeout (615ms): 'Updating sustem executing curt in_install extrart step curt in command install writing install sources to disk running 'curt in extract curt in command extract acquiring and extract ing image from cp:///tmp/tmozldomke/mount conf iguring keuboard curt in_command in-target execut ing curt in instal] curthnnks Step curt in_command install conf iguring installed sustem running 'curt in curthnoks curt in command curthooks conf iguring apt conf iguring apt installing missing packages Installing packages on target system: contiguring iscsi service conf iguring raid (mdadm) service conf iguring NVMe over TCP installing kernel setting up swap apnly networking conf ig uriting etc//fstab conf iguring mult ipath updating packages on target sustem conf iguring pnllinate user-agent on target updating initramfs conf igurat ion conf iguring target sustem boot loader installing grub to target devices copying metadata from cdrom final system conf iguration calculating extra packages to install installing openssh-server retrieving openssh-server curt in_command sustem-install unpack ing openssh-serve curt in _command system-install conf iguring cloud-init downloading and installing securitu updates curt in command in-target Help Erub-pc Viem full 1og'
[2m2025-08-10T22:01:20.432653Z[0m [32m INFO[0m [2misotope::automation::ocr[0m[2m:[0m OCR SUCCESS with 10s timeout (596ms): 'Updating sustem executing curt in_install extrart step curt in command install writing install sources to disk running 'curt in extract curt in command extract acquiring and extract ing image from cp:///tmp/tmozldomke/mount conf iguring keuboard curt in_command in-target execut ing curt in instal] curthnnks Step curt in_command install conf iguring installed sustem running 'curt in curthnoks curt in command curthooks conf iguring apt conf iguring apt installing missing packages Installing packages on target system: contiguring iscsi service conf iguring raid (mdadm) service conf iguring NVMe over TCP installing kernel setting up swap apnly networking conf ig uriting etc//fstab conf iguring mult ipath updating packages on target sustem conf iguring pnllinate user-agent on target updating initramfs conf igurat ion conf iguring target sustem boot loader installing grub to target devices copying metadata from cdrom final system conf iguration calculating extra packages to install installing openssh-server retrieving openssh-server curt in_command sustem-install unpack ing openssh-serve curt in _command system-install conf iguring cloud-init downloading and installing securitu updates curt in command in-target Help Erub-pc Viem full 1og'
[2m2025-08-10T22:01:23.703992Z[0m [32m INFO[0m [2misotope::automation::ocr[0m[2m:[0m OCR SUCCESS with 10s timeout (648ms): 'Updating sustem executing curt in_install extrart step curt in command install writing install sources to disk running 'curt in extract curt in command extract acquiring and extract ing image from cp:///tmp/tmozldomke/mount conf iguring keuboard curt in_command in-target execut ing curt in instal] curthnnks Step curt in_command install conf iguring installed sustem running 'curt in curthnoks curt in command curthooks conf iguring apt conf iguring apt installing missing packages Installing packages on target system: contiguring iscsi service conf iguring raid (mdadm) service conf iguring NVMe over TCP installing kernel setting up swap apnly networking conf ig uriting etc//fstab conf iguring mult ipath updating packages on target sustem conf iguring pnllinate user-agent on target updating initramfs conf igurat ion conf iguring target sustem boot loader installing grub to target devices copying metadata from cdrom final system conf iguration calculating extra packages to install installing openssh-server retrieving openssh-server curt in_command sustem-install unpack ing openssh-serve curt in _command system-install conf iguring cloud-init downloading and installing securitu updates curt in command in-target Help Erub-pc Viem full 1og'
[2m2025-08-10T22:01:26.756147Z[0m [32m INFO[0m [2misotope::automation::ocr[0m[2m:[0m OCR SUCCESS with 10s timeout (696ms): 'Updating sustem executing curt in_install extrart step curt in command install writing install sources to disk running 'curt in extract curt in command extract acquiring and extract ing image from cp:///tmp/tmozldomke/mount conf iguring keuboard curt in_command in-target execut ing curt in instal] curthnnks Step curt in_command install conf iguring installed sustem running 'curt in curthnoks curt in command curthooks conf iguring apt conf iguring apt installing missing packages Installing packages on target system: contiguring iscsi service conf iguring raid (mdadm) service conf iguring NVMe over TCP installing kernel setting up swap apnly networking conf ig uriting etc//fstab conf iguring mult ipath updating packages on target sustem conf iguring pnllinate user-agent on target updating initramfs conf igurat ion conf iguring target sustem boot loader installing grub to target devices copying metadata from cdrom final system conf iguration calculating extra packages to install installing openssh-server retrieving openssh-server curt in_command sustem-install unpack ing openssh-serve curt in _command system-install conf iguring cloud-init downloading and installing securitu updates curt in command in-target Help Erub-pc Viem full 1og'
[2m2025-08-10T22:01:29.731584Z[0m [32m INFO[0m [2misotope::automation::ocr[0m[2m:[0m OCR SUCCESS with 10s timeout (616ms): 'Updating sustem executing curt in_install extrart step curt in command install writing install sources to disk running 'curt in extract curt in command extract acquiring and extract ing image from cp:///tmp/tmozldomke/mount conf iguring keuboard curt in_command in-target execut ing curt in instal] curthnnks Step curt in_command install conf iguring installed sustem running 'curt in curthnoks curt in command curthooks conf iguring apt conf iguring apt installing missing packages Installing packages on target system: contiguring iscsi service conf iguring raid (mdadm) service conf iguring NVMe over TCP installing kernel setting up swap apnly networking conf ig uriting etc//fstab conf iguring mult ipath updating packages on target sustem conf iguring pnllinate user-agent on target updating initramfs conf igurat ion conf iguring target sustem boot loader installing grub to target devices copying metadata from cdrom final system conf iguration calculating extra packages to install installing openssh-server retrieving openssh-server curt in_command sustem-install unpack ing openssh-serve curt in _command system-install conf iguring cloud-init downloading and installing securitu updates curt in command in-target Help Erub-pc Viem full 1og'
[2m2025-08-10T22:01:32.717144Z[0m [32m INFO[0m [2misotope::automation::ocr[0m[2m:[0m OCR SUCCESS with 10s timeout (630ms): 'Updating sustem executing curt in_install extrart step curt in command install writing install sources to disk running 'curt in extract curt in command extract acquiring and extract ing image from cp:///tmp/tmozldomke/mount conf iguring keuboard curt in_command in-target execut ing curt in instal] curthnnks Step curt in_command install conf iguring installed sustem running 'curt in curthnoks curt in command curthooks conf iguring apt conf iguring apt installing missing packages Installing packages on target system: contiguring iscsi service conf iguring raid (mdadm) service conf iguring NVMe over TCP installing kernel setting up swap apnly networking conf ig uriting etc//fstab conf iguring mult ipath updating packages on target sustem conf iguring pnllinate user-agent on target updating initramfs conf igurat ion conf iguring target sustem boot loader installing grub to target devices copying metadata from cdrom final system conf iguration calculating extra packages to install installing openssh-server retrieving openssh-server curt in_command sustem-install unpack ing openssh-serve curt in _command system-install conf iguring cloud-init downloading and installing securitu updates curt in command in-target Help Erub-pc Viem full 1og'
[2m2025-08-10T22:01:35.669422Z[0m [32m INFO[0m [2misotope::automation::ocr[0m[2m:[0m OCR SUCCESS with 10s timeout (593ms): 'Updating sustem executing curt in_install extrart step curt in command install writing install sources to disk running 'curt in extract curt in command extract acquiring and extract ing image from cp:///tmp/tmozldomke/mount conf iguring keuboard curt in_command in-target execut ing curt in instal] curthnnks Step curt in_command install conf iguring installed sustem running 'curt in curthnoks curt in command curthooks conf iguring apt conf iguring apt installing missing packages Installing packages on target system: contiguring iscsi service conf iguring raid (mdadm) service conf iguring NVMe over TCP installing kernel setting up swap apnly networking conf ig uriting etc//fstab conf iguring mult ipath updating packages on target sustem conf iguring pnllinate user-agent on target updating initramfs conf igurat ion conf iguring target sustem boot loader installing grub to target devices copying metadata from cdrom final system conf iguration calculating extra packages to install installing openssh-server retrieving openssh-server curt in_command sustem-install unpack ing openssh-serve curt in _command system-install conf iguring cloud-init downloading and installing securitu updates curt in command in-target Help Erub-pc Viem full 1og'
[2m2025-08-10T22:01:38.726761Z[0m [32m INFO[0m [2misotope::automation::ocr[0m[2m:[0m OCR SUCCESS with 10s timeout (694ms): 'Updating sustem executing curt in_install extrart step curt in command install writing install sources to disk running 'curt in extract curt in command extract acquiring and extract ing image from cp:///tmp/tmozldomke/mount conf iguring keuboard curt in_command in-target execut ing curt in instal] curthnnks Step curt in_command install conf iguring installed sustem running 'curt in curthnoks curt in command curthooks conf iguring apt conf iguring apt installing missing packages Installing packages on target system: contiguring iscsi service conf iguring raid (mdadm) service conf iguring NVMe over TCP installing kernel setting up swap apnly networking conf ig uriting etc//fstab conf iguring mult ipath updating packages on target sustem conf iguring pnllinate user-agent on target updating initramfs conf igurat ion conf iguring target sustem boot loader installing grub to target devices copying metadata from cdrom final system conf iguration calculating extra packages to install installing openssh-server retrieving openssh-server curt in_command sustem-install unpack ing openssh-serve curt in _command system-install conf iguring cloud-init downloading and installing securitu updates curt in command in-target Help Erub-pc Viem full 1og'
[2m2025-08-10T22:01:41.707406Z[0m [32m INFO[0m [2misotope::automation::ocr[0m[2m:[0m OCR SUCCESS with 10s timeout (622ms): 'Updating sustem executing curt in_install extrart step curt in command install writing install sources to disk running 'curt in extract curt in command extract acquiring and extract ing image from cp:///tmp/tmozldomke/mount conf iguring keuboard curt in_command in-target execut ing curt in instal] curthnnks Step curt in_command install conf iguring installed sustem running 'curt in curthnoks curt in command curthooks conf iguring apt conf iguring apt installing missing packages Installing packages on target system: contiguring iscsi service conf iguring raid (mdadm) service conf iguring NVMe over TCP installing kernel setting up swap apnly networking conf ig uriting etc//fstab conf iguring mult ipath updating packages on target sustem conf iguring pnllinate user-agent on target updating initramfs conf igurat ion conf iguring target sustem boot loader installing grub to target devices copying metadata from cdrom final system conf iguration calculating extra packages to install installing openssh-server retrieving openssh-server curt in_command sustem-install unpack ing openssh-serve curt in _command system-install conf iguring cloud-init downloading and installing securitu updates curt in command in-target Help Erub-pc Viem full 1og'
[2m2025-08-10T22:01:44.653567Z[0m [32m INFO[0m [2misotope::automation::ocr[0m[2m:[0m OCR SUCCESS with 10s timeout (586ms): 'Updating sustem executing curt in_install extrart step curt in command install writing install sources to disk running 'curt in extract curt in command extract acquiring and extract ing image from cp:///tmp/tmozldomke/mount conf iguring keuboard curt in_command in-target execut ing curt in instal] curthnnks Step curt in_command install conf iguring installed sustem running 'curt in curthnoks curt in command curthooks conf iguring apt conf iguring apt installing missing packages Installing packages on target system: contiguring iscsi service conf iguring raid (mdadm) service conf iguring NVMe over TCP installing kernel setting up swap apnly networking conf ig uriting etc//fstab conf iguring mult ipath updating packages on target sustem conf iguring pnllinate user-agent on target updating initramfs conf igurat ion conf iguring target sustem boot loader installing grub to target devices copying metadata from cdrom final system conf iguration calculating extra packages to install installing openssh-server retrieving openssh-server curt in_command sustem-install unpack ing openssh-serve curt in _command system-install conf iguring cloud-init downloading and installing securitu updates curt in command in-target Help Erub-pc Viem full 1og'
[2m2025-08-10T22:01:47.609954Z[0m [32m INFO[0m [2misotope::automation::ocr[0m[2m:[0m OCR SUCCESS with 10s timeout (598ms): 'Updating sustem executing curt in_install extrart step curt in command install writing install sources to disk running 'curt in extract curt in command extract acquiring and extract ing image from cp:///tmp/tmozldomke/mount conf iguring keuboard curt in_command in-target execut ing curt in instal] curthnnks Step curt in_command install conf iguring installed sustem running 'curt in curthnoks curt in command curthooks conf iguring apt conf iguring apt installing missing packages Installing packages on target system: contiguring iscsi service conf iguring raid (mdadm) service conf iguring NVMe over TCP installing kernel setting up swap apnly networking conf ig uriting etc//fstab conf iguring mult ipath updating packages on target sustem conf iguring pnllinate user-agent on target updating initramfs conf igurat ion conf iguring target sustem boot loader installing grub to target devices copying metadata from cdrom final system conf iguration calculating extra packages to install installing openssh-server retrieving openssh-server curt in_command sustem-install unpack ing openssh-serve curt in _command system-install conf iguring cloud-init downloading and installing securitu updates curt in command in-target Help Erub-pc Viem full 1og'
[2m2025-08-10T22:01:50.671525Z[0m [32m INFO[0m [2misotope::automation::ocr[0m[2m:[0m OCR SUCCESS with 10s timeout (705ms): 'Updating sustem executing curt in_install extrart step curt in command install writing install sources to disk running 'curt in extract curt in command extract acquiring and extract ing image from cp:///tmp/tmozldomke/mount conf iguring keuboard curt in_command in-target execut ing curt in instal] curthnnks Step curt in_command install conf iguring installed sustem running 'curt in curthnoks curt in command curthooks conf iguring apt conf iguring apt installing missing packages Installing packages on target system: contiguring iscsi service conf iguring raid (mdadm) service conf iguring NVMe over TCP installing kernel setting up swap apnly networking conf ig uriting etc//fstab conf iguring mult ipath updating packages on target sustem conf iguring pnllinate user-agent on target updating initramfs conf igurat ion conf iguring target sustem boot loader installing grub to target devices copying metadata from cdrom final system conf iguration calculating extra packages to install installing openssh-server retrieving openssh-server curt in_command sustem-install unpack ing openssh-serve curt in _command system-install conf iguring cloud-init downloading and installing securitu updates curt in command in-target Help Erub-pc Viem full 1og'
[2m2025-08-10T22:01:53.646778Z[0m [32m INFO[0m [2misotope::automation::ocr[0m[2m:[0m OCR SUCCESS with 10s timeout (620ms): 'Updating sustem executing curt in_install extrart step curt in command install writing install sources to disk running 'curt in extract curt in command extract acquiring and extract ing image from cp:///tmp/tmozldomke/mount conf iguring keuboard curt in_command in-target execut ing curt in instal] curthnnks Step curt in_command install conf iguring installed sustem running 'curt in curthnoks curt in command curthooks conf iguring apt conf iguring apt installing missing packages Installing packages on target system: contiguring iscsi service conf iguring raid (mdadm) service conf iguring NVMe over TCP installing kernel setting up swap apnly networking conf ig uriting etc//fstab conf iguring mult ipath updating packages on target sustem conf iguring pnllinate user-agent on target updating initramfs conf igurat ion conf iguring target sustem boot loader installing grub to target devices copying metadata from cdrom final system conf iguration calculating extra packages to install installing openssh-server retrieving openssh-server curt in_command sustem-install unpack ing openssh-serve curt in _command system-install conf iguring cloud-init downloading and installing securitu updates curt in command in-target Help Erub-pc Viem full 1og'
[2m2025-08-10T22:01:56.669510Z[0m [32m INFO[0m [2misotope::automation::ocr[0m[2m:[0m OCR SUCCESS with 10s timeout (667ms): 'Updating sustem executing curt in_install extrart step curt in command install writing install sources to disk running 'curt in extract curt in command extract acquiring and extract ing image from cp:///tmp/tmozldomke/mount conf iguring keuboard curt in_command in-target execut ing curt in instal] curthnnks Step curt in_command install conf iguring installed sustem running 'curt in curthnoks curt in command curthooks conf iguring apt conf iguring apt installing missing packages Installing packages on target system: contiguring iscsi service conf iguring raid (mdadm) service conf iguring NVMe over TCP installing kernel setting up swap apnly networking conf ig uriting etc//fstab conf iguring mult ipath updating packages on target sustem conf iguring pnllinate user-agent on target updating initramfs conf igurat ion conf iguring target sustem boot loader installing grub to target devices copying metadata from cdrom final system conf iguration calculating extra packages to install installing openssh-server retrieving openssh-server curt in_command sustem-install unpack ing openssh-serve curt in _command system-install conf iguring cloud-init downloading and installing securitu updates curt in command in-target Help Erub-pc Viem full 1og'
[2m2025-08-10T22:01:59.650640Z[0m [32m INFO[0m [2misotope::automation::ocr[0m[2m:[0m OCR SUCCESS with 10s timeout (620ms): 'Updating sustem conf iguring keuboard curt in_command in-target execut ing curt in_instal] curthooks step curt in_command install conf iguring insta] led sustem running 'curt in curthnoks curt in command curthooks conf iguring apt conf iguring apt installing missing packages Installing packages on target system: conf iguring iscsi service conf iguring raid (mdadm) service conf iguring NVMe over TCP installing kernel setting up swap apn1y networking conf ig uriting etc//fstab conf iguring mult ipath updating packages on target sustem conf iguring pnllinate user-agent on target updat ing initramfs conf igurat ion conf iguring target sustem boot loader installing grub to target devices copying metadata from cdrom final system conf iguration calculating extra packages to install installing openssh-server retrieving openssh-server curt in command system-install unpack ing openssh-server curt in command sustem-install conf iguring cloud-init dnunloading and installing securitu updates curt in _command in-target restoring apt conf igurat ion Help curt in command install writing install sources to disk running 'curt in extract curt in command extract acquiring and extract ing image from cp:///tmp/tmozldomke/mount grub-pc '1 Viem full 1og'
[2m2025-08-10T22:02:02.562511Z[0m [32m INFO[0m [2misotope::automation::ocr[0m[2m:[0m OCR SUCCESS with 10s timeout (555ms): 'Updating system writing install sources to disk running 'curt in extrart curt in command extract acquiring and extract ing image from cp:///tmp/tmozldomke/mount conf iguring keuboard curt in_command_ in-target execut ing curt in instal] curthnnks step curt in _command install conf iguring insta] led sustem running 'curt in curthnoks curt in command curthooks conf iguring apt conf iguring apt installing missing packages Installing packages on target sustem: cont iguring iscsi service conf iguring raid (mdadm) service conf iguring NVMe over TCP installing kernel setting up swap apnly networking conf ig uriting etc//fstab conf iguring mult ipath updating packages on target sustem conf iguring nnllinate user-agent on target updat ing initramfs conf igurat ion conf iguring target system boot loader installing grub to target devices copying metadata from cdrom final system conf iguration calculating extra packages to install installing openssh-server retrieving openssh-server curt in_command sustem-install unpack ing openssh-server curt in command sustem-install conf iguring cloud-init downloading and installing security updates curt in _command in-target restoring apt conf iguration curt in command in-target Help Erub-pc View full log'
[2m2025-08-10T22:02:05.471987Z[0m [32m INFO[0m [2misotope::automation::ocr[0m[2m:[0m OCR SUCCESS with 10s timeout (552ms): 'Updating system writing install sources to disk running 'curt in extrart curt in command extract acquiring and extract ing image from cp:///tmp/tmozldomke/mount conf iguring keuboard curt in_command_ in-target execut ing curt in instal] curthnnks step curt in _command install conf iguring insta] led sustem running 'curt in curthnoks curt in command curthooks conf iguring apt conf iguring apt installing missing packages Installing packages on target sustem: cont iguring iscsi service conf iguring raid (mdadm) service conf iguring NVMe over TCP installing kernel setting up swap apnly networking conf ig uriting etc//fstab conf iguring mult ipath updating packages on target sustem conf iguring nnllinate user-agent on target updat ing initramfs conf igurat ion conf iguring target system boot loader installing grub to target devices copying metadata from cdrom final system conf iguration calculating extra packages to install installing openssh-server retrieving openssh-server curt in_command sustem-install unpack ing openssh-server curt in command sustem-install conf iguring cloud-init downloading and installing security updates curt in _command in-target restoring apt conf iguration curt in command in-target Help Erub-pc View full log'
[2m2025-08-10T22:02:08.389957Z[0m [32m INFO[0m [2misotope::automation::ocr[0m[2m:[0m OCR SUCCESS with 10s timeout (564ms): 'Installat ion_ comolete Help curt in command extract acauiring and extracting image from cp:/tmo/tmozldomke/mount conf iguring keuboard curt in_command in-target execut ing curt in_ instal] curthnnks Step curt in command install conf iguring installed sustem running 'curt in curthnoks curt in command curthooks conf iguring apt conf iguring apt installing missing packages Installing packages on target system: cont iguring iscsi service conf iguring raid (mdadm) service conf iguring NVMe over TCP installing kernel setting up swap apnly networking conf ig uriting etc//fstab conf iguring mult ipath updating packages on target sustem conf iguring pnllinate user-agent on target updat ing initramfs conf iguration conf iguring target sustem boot loader installing grub to target devices copying metadata from cdrom final system conf iguration calculating extra packages to install installing openssh-server retrieving openssh-server curt in command sustem-install unpack ing openssh-server curt in command system-install conf iguring cloud-init downloading and installing securit4 updatps curt in _command in-target restoring apt conf igurat ion curt in command in-target subiguitu/Late/run: Erub-pc View full log Reboot Now'
[2m2025-08-10T22:02:08.391577Z[0m [32m INFO[0m [2misotope::automation::puppet[0m[2m:[0m Condition 'reboot now' met successfully
[2m2025-08-10T22:02:09.319003Z[0m [32m INFO[0m [2misotope::automation::ocr[0m[2m:[0m OCR SUCCESS with 10s timeout (572ms): 'Installat ion_ comolete Help curt in command extract acauiring and extracting image from cp:/tmo/tmozldomke/mount conf iguring keuboard curt in_command in-target execut ing curt in_ instal] curthnnks Step curt in command install conf iguring installed sustem running 'curt in curthnoks curt in command curthooks conf iguring apt conf iguring apt installing missing packages Installing packages on target system: cont iguring iscsi service conf iguring raid (mdadm) service conf iguring NVMe over TCP installing kernel setting up swap apnly networking conf ig uriting etc//fstab conf iguring mult ipath updating packages on target sustem conf iguring pnllinate user-agent on target updat ing initramfs conf iguration conf iguring target sustem boot loader installing grub to target devices copying metadata from cdrom final system conf iguration calculating extra packages to install installing openssh-server retrieving openssh-server curt in command sustem-install unpack ing openssh-server curt in command system-install conf iguring cloud-init downloading and installing securit4 updatps curt in _command in-target restoring apt conf igurat ion curt in command in-target subiguitu/Late/run: Erub-pc View full log Reboot Now'
[2m2025-08-10T22:02:09.320788Z[0m [32m INFO[0m [2misotope::automation::puppet[0m[2m:[0m Debug screenshot captured: C:\Users\redst\OneDrive\Documents\GitHub\Isotope\debug-steps\notice-62-1754863328.png
[2m2025-08-10T22:02:10.281350Z[0m [32m INFO[0m [2misotope::automation::ocr[0m[2m:[0m OCR SUCCESS with 10s timeout (604ms): 'Installat ion_ comolete Help curt in command extract acauiring and extracting image from cp:/tmo/tmozldomke/mount conf iguring keuboard curt in_command in-target execut ing curt in_ instal] curthnnks Step curt in command install conf iguring installed sustem running 'curt in curthnoks curt in command curthooks conf iguring apt conf iguring apt installing missing packages Installing packages on target system: cont iguring iscsi service conf iguring raid (mdadm) service conf iguring NVMe over TCP installing kernel setting up swap apnly networking conf ig uriting etc//fstab conf iguring mult ipath updating packages on target sustem conf iguring pnllinate user-agent on target updat ing initramfs conf iguration conf iguring target sustem boot loader installing grub to target devices copying metadata from cdrom final system conf iguration calculating extra packages to install installing openssh-server retrieving openssh-server curt in command sustem-install unpack ing openssh-server curt in command system-install conf iguring cloud-init downloading and installing securit4 updatps curt in _command in-target restoring apt conf igurat ion curt in command in-target subiguitu/Late/run: Erub-pc View full log Reboot Now'
[2m2025-08-10T22:02:10.283227Z[0m [32m INFO[0m [2misotope::automation::puppet[0m[2m:[0m Debug screenshot captured: C:\Users\redst\OneDrive\Documents\GitHub\Isotope\debug-steps\post-62-1754863329.png
[2m2025-08-10T22:02:10.283574Z[0m [32m INFO[0m [2misotope::automation::puppet[0m[2m:[0m Executing instruction 63/67 (step 63): Press { key: "down", repeat: None, modifiers: None }
[2m2025-08-10T22:02:11.199208Z[0m [32m INFO[0m [2misotope::automation::ocr[0m[2m:[0m OCR SUCCESS with 10s timeout (561ms): 'Installat ion_ comolete Help curt in command extract acauiring and extracting image from cp:/tmo/tmozldomke/mount conf iguring keuboard curt in_command in-target execut ing curt in_ instal] curthnnks Step curt in command install conf iguring installed sustem running 'curt in curthnoks curt in command curthooks conf iguring apt conf iguring apt installing missing packages Installing packages on target system: cont iguring iscsi service conf iguring raid (mdadm) service conf iguring NVMe over TCP installing kernel setting up swap apnly networking conf ig uriting etc//fstab conf iguring mult ipath updating packages on target sustem conf iguring pnllinate user-agent on target updat ing initramfs conf iguration conf iguring target sustem boot loader installing grub to target devices copying metadata from cdrom final system conf iguration calculating extra packages to install installing openssh-server retrieving openssh-server curt in command sustem-install unpack ing openssh-server curt in command system-install conf iguring cloud-init downloading and installing securit4 updatps curt in _command in-target restoring apt conf igurat ion curt in command in-target subiguitu/Late/run: Erub-pc View full log Reboot Now'
[2m2025-08-10T22:02:11.201202Z[0m [32m INFO[0m [2misotope::automation::puppet[0m[2m:[0m Debug screenshot captured: C:\Users\redst\OneDrive\Documents\GitHub\Isotope\debug-steps\pre-63-1754863330.png
[2m2025-08-10T22:02:12.336912Z[0m [32m INFO[0m [2misotope::automation::ocr[0m[2m:[0m OCR SUCCESS with 10s timeout (661ms): 'Installat ion_ comolete Help curt in command extract acauiring and extracting image from cp:/tmo/tmozldomke/mount conf iguring keuboard curt in_command in-target execut ing curt in_ instal] curthnnks Step curt in command install conf iguring installed sustem running 'curt in curthnoks curt in command curthooks conf iguring apt conf iguring apt installing missing packages Installing packages on target system: cont iguring iscsi service conf iguring raid (mdadm) service conf iguring NVMe over TCP installing kernel setting up swap apnly networking conf ig uriting etc//fstab conf iguring mult ipath updating packages on target sustem conf iguring pnllinate user-agent on target updat ing initramfs conf iguration conf iguring target sustem boot loader installing grub to target devices copying metadata from cdrom final system conf iguration calculating extra packages to install installing openssh-server retrieving openssh-server curt in command sustem-install unpack ing openssh-server curt in command system-install conf iguring cloud-init downloading and installing securit4 updatps curt in _command in-target restoring apt conf igurat ion curt in command in-target subiguitu/Late/run: Erub-pc View full log Reboot Noml'
[2m2025-08-10T22:02:12.337686Z[0m [32m INFO[0m [2misotope::automation::puppet[0m[2m:[0m Debug screenshot captured: C:\Users\redst\OneDrive\Documents\GitHub\Isotope\debug-steps\post-63-1754863331.png
[2m2025-08-10T22:02:12.338065Z[0m [32m INFO[0m [2misotope::automation::puppet[0m[2m:[0m Executing instruction 64/67 (step 64): Press { key: "down", repeat: None, modifiers: None }
[2m2025-08-10T22:02:13.286507Z[0m [32m INFO[0m [2misotope::automation::ocr[0m[2m:[0m OCR SUCCESS with 10s timeout (591ms): 'Installat ion_ comolete Help curt in command extract acauiring and extracting image from cp:/tmo/tmozldomke/mount conf iguring keuboard curt in_command in-target execut ing curt in_ instal] curthnnks Step curt in command install conf iguring installed sustem running 'curt in curthnoks curt in command curthooks conf iguring apt conf iguring apt installing missing packages Installing packages on target system: cont iguring iscsi service conf iguring raid (mdadm) service conf iguring NVMe over TCP installing kernel setting up swap apnly networking conf ig uriting etc//fstab conf iguring mult ipath updating packages on target sustem conf iguring pnllinate user-agent on target updat ing initramfs conf iguration conf iguring target sustem boot loader installing grub to target devices copying metadata from cdrom final system conf iguration calculating extra packages to install installing openssh-server retrieving openssh-server curt in command sustem-install unpack ing openssh-server curt in command system-install conf iguring cloud-init downloading and installing securit4 updatps curt in _command in-target restoring apt conf igurat ion curt in command in-target subiguitu/Late/run: Erub-pc View full log Reboot Noml'
[2m2025-08-10T22:02:13.287724Z[0m [32m INFO[0m [2misotope::automation::puppet[0m[2m:[0m Debug screenshot captured: C:\Users\redst\OneDrive\Documents\GitHub\Isotope\debug-steps\pre-64-1754863332.png
[2m2025-08-10T22:02:14.371636Z[0m [32m INFO[0m [2misotope::automation::ocr[0m[2m:[0m OCR SUCCESS with 10s timeout (612ms): 'Installat ion_ comolete Help curt in command extract acauiring and extracting image from cp:/tmo/tmozldomke/mount conf iguring keuboard curt in_command in-target execut ing curt in_ instal] curthnnks Step curt in command install conf iguring installed sustem running 'curt in curthnoks curt in command curthooks conf iguring apt conf iguring apt installing missing packages Installing packages on target system: cont iguring iscsi service conf iguring raid (mdadm) service conf iguring NVMe over TCP installing kernel setting up swap apnly networking conf ig uriting etc//fstab conf iguring mult ipath updating packages on target sustem conf iguring pnllinate user-agent on target updat ing initramfs conf iguration conf iguring target sustem boot loader installing grub to target devices copying metadata from cdrom final system conf iguration calculating extra packages to install installing openssh-server retrieving openssh-server curt in command sustem-install unpack ing openssh-server curt in command system-install conf iguring cloud-init downloading and installing securit4 updatps curt in _command in-target restoring apt conf igurat ion curt in command in-target subiguitu/Late/run: Erub-pc View full log Reboot Noul'
[2m2025-08-10T22:02:14.378202Z[0m [32m INFO[0m [2misotope::automation::puppet[0m[2m:[0m Debug screenshot captured: C:\Users\redst\OneDrive\Documents\GitHub\Isotope\debug-steps\post-64-1754863333.png
[2m2025-08-10T22:02:14.378490Z[0m [32m INFO[0m [2misotope::automation::puppet[0m[2m:[0m Executing instruction 65/67 (step 65): Press { key: "enter", repeat: None, modifiers: None }
[2m2025-08-10T22:02:15.317639Z[0m [32m INFO[0m [2misotope::automation::ocr[0m[2m:[0m OCR SUCCESS with 10s timeout (580ms): 'Installat ion_ comolete Help curt in command extract acauiring and extracting image from cp:/tmo/tmozldomke/mount conf iguring keuboard curt in_command in-target execut ing curt in_ instal] curthnnks Step curt in command install conf iguring installed sustem running 'curt in curthnoks curt in command curthooks conf iguring apt conf iguring apt installing missing packages Installing packages on target system: cont iguring iscsi service conf iguring raid (mdadm) service conf iguring NVMe over TCP installing kernel setting up swap apnly networking conf ig uriting etc//fstab conf iguring mult ipath updating packages on target sustem conf iguring pnllinate user-agent on target updat ing initramfs conf iguration conf iguring target sustem boot loader installing grub to target devices copying metadata from cdrom final system conf iguration calculating extra packages to install installing openssh-server retrieving openssh-server curt in command sustem-install unpack ing openssh-server curt in command system-install conf iguring cloud-init downloading and installing securit4 updatps curt in _command in-target restoring apt conf igurat ion curt in command in-target subiguitu/Late/run: Erub-pc View full log Reboot Noml'
[2m2025-08-10T22:02:15.319630Z[0m [32m INFO[0m [2misotope::automation::puppet[0m[2m:[0m Debug screenshot captured: C:\Users\redst\OneDrive\Documents\GitHub\Isotope\debug-steps\pre-65-1754863334.png
[2m2025-08-10T22:02:16.337645Z[0m [32m INFO[0m [2misotope::automation::ocr[0m[2m:[0m OCR SUCCESS with 10s timeout (566ms): 'Installat ion_ comolete Help curt in command extract acauiring and extracting image from cp:/tmo/tmozldomke/mount conf iguring keuboard curt in_command in-target execut ing curt in_ instal] curthnnks Step curt in command install conf iguring installed sustem running 'curt in curthnoks curt in command curthooks conf iguring apt conf iguring apt installing missing packages Installing packages on target system: cont iguring iscsi service conf iguring raid (mdadm) service conf iguring NVMe over TCP installing kernel setting up swap apnly networking conf ig uriting etc//fstab conf iguring mult ipath updating packages on target sustem conf iguring pnllinate user-agent on target updat ing initramfs conf iguration conf iguring target sustem boot loader installing grub to target devices copying metadata from cdrom final system conf iguration calculating extra packages to install installing openssh-server retrieving openssh-server curt in command sustem-install unpack ing openssh-server curt in command system-install conf iguring cloud-init downloading and installing securit4 updatps curt in _command in-target restoring apt conf igurat ion curt in command in-target subiguitu/Late/run: Erub-pc Miew full log Reboot ing.'
[2m2025-08-10T22:02:16.338533Z[0m [32m INFO[0m [2misotope::automation::puppet[0m[2m:[0m Debug screenshot captured: C:\Users\redst\OneDrive\Documents\GitHub\Isotope\debug-steps\post-65-1754863335.png
[2m2025-08-10T22:02:16.338847Z[0m [32m INFO[0m [2misotope::automation::puppet[0m[2m:[0m Executing instruction 66/67 (step 66): Wait { duration: "2m", condition: Some("then press ENTER") }
[2m2025-08-10T22:02:16.821425Z[0m [32m INFO[0m [2misotope::automation::puppet[0m[2m:[0m Debug screenshot captured: C:\Users\redst\OneDrive\Documents\GitHub\Isotope\debug-steps\pre-66-1754863336.png
[2m2025-08-10T22:02:16.822163Z[0m [32m INFO[0m [2misotope::automation::puppet[0m[2m:[0m Waiting up to 2m for condition: then press ENTER
[2m2025-08-10T22:02:16.822282Z[0m [32m INFO[0m [2misotope::automation::puppet[0m[2m:[0m Waiting for screen text 'then press ENTER' on VM isotope-vm-eb5a0615
[2m2025-08-10T22:02:22.294874Z[0m [32m INFO[0m [2misotope::automation::ocr[0m[2m:[0m OCR SUCCESS with 10s timeout (174ms): '[FAILED] Failed unmounting /cdrom.'
[2m2025-08-10T22:02:24.849018Z[0m [32m INFO[0m [2misotope::automation::ocr[0m[2m:[0m OCR SUCCESS with 10s timeout (202ms): '[FAILED] Failed unmount ing /cdrom. Plpase remve the installat inn medium, then press ENTER: TFAILED] Failed unmount ing /cdrom.'
[2m2025-08-10T22:02:24.850574Z[0m [32m INFO[0m [2misotope::automation::puppet[0m[2m:[0m Condition 'then press ENTER' met successfully
[2m2025-08-10T22:02:25.407535Z[0m [32m INFO[0m [2misotope::automation::ocr[0m[2m:[0m OCR SUCCESS with 10s timeout (198ms): '[FAILED] Failed unmount ing /cdrom. PlPase remve the installat inn medium, then press ENTER: TFAILED] Failed unmount ing /cdrom.'
[2m2025-08-10T22:02:25.408891Z[0m [32m INFO[0m [2misotope::automation::puppet[0m[2m:[0m Debug screenshot captured: C:\Users\redst\OneDrive\Documents\GitHub\Isotope\debug-steps\notice-66-1754863345.png
[2m2025-08-10T22:02:25.972931Z[0m [32m INFO[0m [2misotope::automation::ocr[0m[2m:[0m OCR SUCCESS with 10s timeout (210ms): '[FAILED] Failed unmount ing /cdrom. Plpase remve the installat inn medium, then press ENTER: TFAILED] Failed unmount ing /cdrom.'
[2m2025-08-10T22:02:25.974851Z[0m [32m INFO[0m [2misotope::automation::puppet[0m[2m:[0m Debug screenshot captured: C:\Users\redst\OneDrive\Documents\GitHub\Isotope\debug-steps\post-66-1754863345.png
[2m2025-08-10T22:02:25.975138Z[0m [32m INFO[0m [2misotope::automation::puppet[0m[2m:[0m Executing instruction 67/67 (step 67): Press { key: "enter", repeat: None, modifiers: None }
[2m2025-08-10T22:02:26.528858Z[0m [32m INFO[0m [2misotope::automation::ocr[0m[2m:[0m OCR SUCCESS with 10s timeout (202ms): '[FAILED] Failed unmount ing /cdrom. Plpase remve the installat inn medium, then press ENTER: TFAILED] Failed unmount ing /cdrom.'
[2m2025-08-10T22:02:26.535685Z[0m [32m INFO[0m [2misotope::automation::puppet[0m[2m:[0m Debug screenshot captured: C:\Users\redst\OneDrive\Documents\GitHub\Isotope\debug-steps\pre-67-1754863346.png
[2m2025-08-10T22:02:27.245446Z[0m [32m INFO[0m [2misotope::automation::ocr[0m[2m:[0m OCR SUCCESS with 10s timeout (256ms): '[FAILED] Failed unmount ing /cdrom. PlPase remve the installat inn medium, then press ENTER: TFAILED] Failed unmount ing /cdrom.'
[2m2025-08-10T22:02:27.247702Z[0m [32m INFO[0m [2misotope::automation::puppet[0m[2m:[0m Debug screenshot captured: C:\Users\redst\OneDrive\Documents\GitHub\Isotope\debug-steps\post-67-1754863346.png
[2m2025-08-10T22:02:27.248030Z[0m [32m INFO[0m [2misotope::automation::puppet[0m[2m:[0m Completed puppet execution for stage
[2m2025-08-10T22:02:27.248545Z[0m [32m INFO[0m [2misotope::utils::vm_metadata[0m[2m:[0m Tracking VM isotope-vm-eb5a0615 for isotope file \\?\C:\Users\redst\OneDrive\Documents\GitHub\Isotope\examples\ubuntu-server.isotope
[2m2025-08-10T22:02:27.249195Z[0m [32m INFO[0m [2misotope::core::builder[0m[2m:[0m Executing os_configure stage
[2m2025-08-10T22:02:27.249388Z[0m [32m INFO[0m [2misotope::core::builder[0m[2m:[0m Reusing VM instance from os_install stage: isotope-vm-eb5a0615
[2m2025-08-10T22:02:27.249658Z[0m [32m INFO[0m [2misotope::automation::puppet[0m[2m:[0m Executing puppet instructions for stage: OsConfigure
[2m2025-08-10T22:02:27.249795Z[0m [32m INFO[0m [2misotope::automation::puppet[0m[2m:[0m Executing instruction 1/32 (step 68): Wait { duration: "2m", condition: Some("ubuntu-server") }
[2m2025-08-10T22:02:27.279056Z[0m [33m WARN[0m [2misotope::automation::puppet[0m[2m:[0m Failed to capture screen for step 68: Failed to capture screenshot: VBoxManage.exe: error: Screenshot is not possible at this time, invalid size
VBoxManage.exe: error: Details: code VBOX_E_NOT_SUPPORTED (0x80bb0009), component DisplayWrap, interface IDisplay, callee IUnknown
VBoxManage.exe: error: Context: "TakeScreenShotToArray(iScreen, width, height, BitmapFormat_PNG, ComSafeArrayAsOutParam(saScreenshot))" at line 1778 of file VBoxManageControlVM.cpp

[2m2025-08-10T22:02:27.279301Z[0m [32m INFO[0m [2misotope::automation::puppet[0m[2m:[0m Waiting up to 2m for condition: ubuntu-server
[2m2025-08-10T22:02:27.279474Z[0m [32m INFO[0m [2misotope::automation::puppet[0m[2m:[0m Waiting for screen text 'ubuntu-server' on VM isotope-vm-eb5a0615
[2m2025-08-10T22:02:27.309709Z[0m [33m WARN[0m [2misotope::automation::puppet[0m[2m:[0m Failed to capture screen: Failed to capture screenshot: VBoxManage.exe: error: Screenshot is not possible at this time, invalid size
VBoxManage.exe: error: Details: code VBOX_E_NOT_SUPPORTED (0x80bb0009), component DisplayWrap, interface IDisplay, callee IUnknown
VBoxManage.exe: error: Context: "TakeScreenShotToArray(iScreen, width, height, BitmapFormat_PNG, ComSafeArrayAsOutParam(saScreenshot))" at line 1778 of file VBoxManageControlVM.cpp

[2m2025-08-10T22:02:32.238878Z[0m [32m INFO[0m [2misotope::automation::ocr[0m[2m:[0m OCR SUCCESS with 10s timeout (179ms): 've Virtua Box ORACLE Press F1? to select hnot device'
[2m2025-08-10T22:02:40.574472Z[0m [32m INFO[0m [2misotope::automation::ocr[0m[2m:[0m OCR SUCCESS with 10s timeout (1296ms): '1.6010021 Scsi host16: ahri 1.6015021 sc9i host17: ahri 1.602151] SCsi host18: ahci 1.6026511 SCSi host19: ahci 1.603580] SrSi host.20; ahci 1.6048391 rsi host21: ahci 1.6056901 Srsi host2z: ahri 1.6064371 Srsi host23: ahci 1.6072011 Sc9i host24: ahci 1.6099441 SCsi host25: ahci 1.610928] Scsi host2b: ahci 1.61205?1 SCsi host2?: ahci 1.6131451 ScS; hoSt28: ahci 1.6142541 SCsi host29: ahci 1.6154291 rsi host30: ahci 1.6166301 srsi host31: ahci 1.6168931 ata3: SATA mX UDMA 133 abar n819200xf0804000 bort Oxf0804100 irg 21 1.617056] ata4: SATA max UDMA/133 abar m81920xf0804000 bort Oxf0R04180 iro 21 1.617262] ata5: SATA max UDMA 133 abar m81920xf0804000 bort 0xf0804200 iro 21 1.6174161 atah: SATA max UDMA 133 abar m81920Xf0804000 bort Oxf0804280 irg 21 1.617804] ata?: SATA max UDMA 133 abar m81920xf0804000 bort 0xf0804300 irg 21 1.617993] ata8: SATA max UDMA 133 abar m81920xf0804000 bort 0xf0804380 iro 21 1.6181741 ata9: SATA max UDMA 133 abar m819200xf0804000 bort 0xf0804400 ird 21 1.6183511 ata10: SATA Max UDMA 133 abar m?19200xf0804000 bort 0xf0804480 iro 21 1.618525] ata]1: SATA max UDMA 133 abar m819200xf0804000 bort 0xf0804500 iro 21 1.6186621 atal?: SATA Max UDMA 133 abar m?192?0xf0804000 bort 0xf0804580 iro 21 1.6187971 ata13: SATA MaX UDMA 133 abar m819200xf0804000 bort 0xf0804600 ird 21 1.618929] ata14: SATA maX UDMA 133 abar m819200xf0804000 bort 0xf0804680 ird 21 1.619058] ata15: SATA MaX UDMA 133 abar m?19200xf0804000 bort 0xf0804700 iro 21 1.6191831 atalh: SATA max UDMA 133 abar m819200xf0804000 bort 0xf0804780 iro 21 1.6193411 atal?: SATA Max UDMA 133 abar m81920xf0804000 bort 0xf0804800 iro 21 1.619605] ata18: SATA max UDMA 133 abar m8192c0xf0804000 bort 0xf0804880 ird 21 1.619726] ata19: SATA max UDMA 133 abar m8192c0xf0804000 bort 0xf0804900 ird 21 6198411 ata?0: SATA max UDMA 133 abar m8192C0xf0804000 bort 0xf0804980 ird 21 619955] ata21: SATA max UDMA 133 abar m81920xf0804000 bort 0xf0804a00 ird 21 1.620065] ata22: SATA max UDMA 133 abar m819200xf0804000 bort Oxf0804a80 ira 21 1.620206] ata23: SATA maX UDMA 133 abar m81920xf0804000 bort 0xf0804h00 ird 21 1.620332] ata24: SATA max UDMA 133 abar m81920xf0804000 bort 0xf0804h80 ird 21 1.620438] ata25: SATA maX UDMA 133 abar m81920xf0804000 bort Oxf0804?00 iro 21 1.620586] ata2h: SATA maX UDMA 133 abar m81920xf0804000 bort 0xf0804?80 iro 21 1.620693] ata2?: SATA max UDMA 133 abar m8192C0xf0804000 bort Oxf0804100 iro 21 1.6207981 ata28: SATA maX UDMA 133 abar m8192C0xf0804000 bort Oxf0804180 iro 21 1.620905] ata29: SATA maX UDMA 133 abar m?192?0xf0804000 bort Oxf0804?00 iro 21 1.6210831 ata30: SATA Max UDMA/133 abar m?19200xf0804000 bort 0xf0804e80 iro 21 1.621189] ata31: SATA maX UDMA 133 abar m8192C0xf0804000 bort Oxf0804f00 iro 21 1.621293] ata32: SATA max UDMA 133 abar m81920xf0804000 port Oxf0804f80 irq 21 1.698036] input: ImExPS 2 Generic Explorer Mouse as devices platforn i8042 seriol input input5'
[2m2025-08-10T22:02:44.506256Z[0m [32m INFO[0m [2misotope::automation::ocr[0m[2m:[0m OCR SUCCESS with 10s timeout (1569ms): '1.617993] ataR: SATA max UDMA 133 abar m81920xf0804000 bort 0xf0804380 ird 21 1.6181741 atag: SATA max UDMA 133 abar m81920xf0804000 bort 0xf0804400 irg 21 1.6183511 ata10: SATA Max UDMA 133 abar m819200xf0804000 bort 0xf0804480 iro 21 1.618525] ata11: SATA max UDMA 133 abar m819200xf0804000 bort 0xf0804500 iro 21 1.6186621 ata1: SATA MAX UDMA 133 abar m?19200xf0804000 bort 0xf0804580 iro 21 1.61879?] ata13: SATA max UDMA 133 abar m?19200xf0804000 bort 0xf0804600 ird 21 1.618929] atal:: SATA max UDMA 133 abar m?19200xf0804000 bort 0xf0804680 ird 21 1.6190581 ata15: SATA maX UDMA 133 abar m819200xf0804000 bort 0xf0804700 iro 21 1.6191831 ata1h: SATA maX UDMA 133 abar m819200xf0804000 bort 0xf0804780 iro 21 1.619341] ata1?: SATA MaX UDMA 133 abar m819200xf0804000 bort 0xf0804800 iro 21 1.619605] ata8: SATA MaX UDMA 133 abar m?19200xf0804000 bort 0xf0804880 ird 21 1.619726] ata19: SATA maX UDMA 133 abar m819200xf0804000 bort 0xf0804900 ird 21 6198411 ata?0: SATA max UDMA 133 abar m819200xf0804000 bort 0xf0804980 ird 21 1.619955] ata?1: SATA max UDMA 133 abar m819200xf0804000 bort 0xf0804a00 iro 21 1.620065] ata22: SATA max UDMA 133 abar m819200xf0804000 bort Oxf0804a80 ira 21 1.620206] ata2: SATA max UDMA 133 abar m81920xf0804000 bort 0xf0804h00 ird 21 1.620332] ata24: SATA max UDMA 133 abar m8192c0xf0804000 bort 0xf0804h80 ird 21 1.6204381 ata25: SATA max UDMA 133 abar m81920xf0804000 bort 0xf0804?00 ird 21 1.6205861 ata26: SATA max UDMA 133 abar m81920xf0804000 bort Oxf0804c80 ird 21 1.6206931 ata2?: SATA max UDMA 133 abar m81920xf0804000 bort 0xf0804100 ird 21 1.620798] ata28: SATA maX UDMA 133 abar m81920xf0804000 bort 0xf0804d80 ird 21 1.620905] ata?9: SATA max UDMA 133 abar m81920xf0804000 bort 0xf0804200 ird 21 1.6210831 ata30: SATA maX UDMA 133 abar m8192C0xf0804000 bort 0xf0804?80 iro 21 1.621189] ata31: SATA max UDMA 133 abar m81920xf0804000 bort 0xf0804f00 iro 21 1.6212931 ata32: SATA MaX UDMA 133 abar m819200xf0804000 port 0xf0804f80 irg 21 1.698036] input: ImExPS/2 Generic Explorer Mouse as devices/blatform i8042/serio1/input input5 1.937889? at??: SATA link up 3.0 GbpS (SStatus 123 Scontrnl 300) 1.93885?1 at??.00: ATA- 6: UBOX HARDDISK. 1.0, max UDMA 133 1.939092] ata?.00: 41943040 sectors mlti 128: LBA48 NCO (depth 32) 1.9401991 ata3.00: conf iqured for UDMA 133 1.9409041 SCSi 2:0:0:0: Direct ACCeSS ATA UBOX HARDDISK 1.0 PO: 0 ANST: 1.941281] $d 2:0:0:0: [sda] 41943040 512- byte logical blocks: (21.5 GR 20.0 GiR) .9414101 Sd 2:0:0:0: 1. 71-101 sa 2:0:0:0: [sda] Write Protect is off 1.941542] Sd 2:0:0:0: [sda] Write cache: enahled rea cache: enahled, doesn' t support DPO or FUA 1.9420341 S 2:0:0:0: Attached scsi generic sgi tupe O 1.9450571 ?1000 0000:00:03 .0 eth0: (PCT:33MHz:32-bit) 08:00:27:e3:ce:do 1.9452451 e1000 0000:00:03.0 eth0: Int.el(R) PR0/1000 Network Connection 1.9520731 $da: Sdal Sda? Sda3 1.9542641 $d 2:0:0:0: [sda] Attached SCSI disk 2.281819] ata4: SATA link down (SStatus 0 Scontrnl 300) 2.5977271 ata5: SATA link down (SStatus 0 Scontrnl 300) 2.9264951 ata6: SATA link down (SStatus O Scontrnl 300) 3.8044141 ata?: SATA link down (SStatus O Scontrnl 300] 4.155835] ata?: SATA link down (SStatus 0 Scontrnl 300) 4.467918] ata9: SATA link down (SStatus 0 Scontrnl 300; 4.8278141 ata10: SATA link down (SStatus 0 Scontrnl 300; 5.225425] ata1: SATA link down (SStatus 0 scontrol 300;'
[2m2025-08-10T22:02:48.205597Z[0m [32m INFO[0m [2misotope::automation::ocr[0m[2m:[0m OCR SUCCESS with 10s timeout (1337ms): '1.619341] nt?1?: SATA Max UDMA/133 abar m819220xf0804000 bort Oxf0804800 ird 21 1.6196051 ata18: SATA MAX UDMA 133 abar m?192?0xf0804000 bort 0xf0804880 iro 21 1.6197261 ata19: SATA MaX UDMA 133 abar m?19200xf0804000 bort 0xf0804900 iro 21 1.6198411 ata?0: SATA MaX UDMA 133 abar m819200xf0804000 bort 0xf0804980 iro 21 1.619955] ata?1: SATA max UDMA 133 abar m?192?0xf0804000 bort Oxf0804a00 ird 21 1.6200651 ata??: SATA max UDMA 133 abar m?192?0xf0804000 bort 0xf0804a80 ird 21 1.6202061 ata23: SATA maX UDMA 133 abar m?19200xf0804000 bort 0xf0804h00 ird 21 1.6203321 ata24: SATA maX UDMA 133 abar m?19200xf0804000 bort Oxf0804h80 iro 21 1.6204381 ata25: SATA max UDMA 133 abar m?19200xf0804000 bort Oxf0804?00 ird 21 1.6205861 ata2h: SATA maX UDMA 133 abar m?19200xf0804000 bort 0xf0804c80 iro 21 1.6206931 ata2?: SATA max UDMA 133 abar m81920xf0804000 bort Oxf080410o ird 21 1.6207981 ata28: SATA maX UDMA 133 abar m?19200xf0804000 bort 0xf0804180 ird 21 1.620905] ata29: SATA max UDMA 133 abar m?19200xf0804000 bort Oxf080400 ird 21 1.6210831 ata30: SATA maX UDMA 133 abar m819200xf0804000 bort 0xf0804e80 iro 21 1.6211891 ata31: SATA max UDMA 133 abar m81920xf0804000 bort 0xf0804f00 iro 21 1.6212931 ?ta32: SATA M?X UDMA 133 abar m819200xf0804000 port 0xf0804f80 ira 21 1.698036] input: ImExPS/2 Generic Explorer Mouse as devices/blatform 18042/serio1 input/input5 1.9378891 ata3: SATA link up 3.0 Gbps (SStatus 123 scontrol 300) 1.93885?1 at?3?.00: ATA-6: UBOX HARDDISK. 1.0, max UDMA 133 1.939092] ata3.00: 41943040 sectors, miti 128: LBA48 NCO (depth 32) 1.9401991 ata3.00: conf iqured for UDMA 133 1.9409041 SCSi 2:0:0:0: Direct ACCeSS ATA UBOX HARDDISK 1.0 PO: 0 ANST: 1.9412811 Sd 2:0:0:0: [sda] 41943040 512-byte logical blocks: (21.5 GB 20.0 GiR) 1.9414101 Sd 2:0:0:0: [sda] Write Protect is off 1.941542] Sd 2:0:0:0: [sda] Write cache: enabled rea cache: enabled, doesn't support DPO Or FUA 1.9420341 S 2:0:0:0: Attached scsi generic sgi tupe O 1.9450571 ?1000 0000:00:03.0 eth0: (PCT:33MHz:32-bit) 08:00:27:e3:ce:d0 1.9452451 ?1000 0000:00:03 0 eth0: InteI(R) PR0 1000 Network Comection 1.9520731 $da: Sdal Sda? Sda3 1.9542641 $d 2:0:0:0: [sda] Attached SCSI disk 2.281819] ata4: SATA link down (SStatus 0 Scontrnl 300 ) 2.597727] ata5: SATA link doun (SStatus 0 Scontrol 300] 2.926495] ata6: SATA link down (SStatus 0 Scontrnl 300] 3.8044141 ata?: SATA link down (SStatus O Scontrnl 300; 4.155835] ata?: SATA link down (SStatus 0 Scontrnl 300) 4.467918] ata9: SATA link down (SStatus 0 Scontrnl 300; 4.827814] ata10: SATA link down (SStatus 0 Scontrnl 300; 5.2254251 atall: SATA link down (SStatus 0 SControl 300) 5.8738051 atal?: SATA link down (SStatus 0 Scontrol 300; 6.420645] ata13: SATA link down (SStatus 0 scontrol 300) 6.9448941 atal4: SATA link down (Sstatus 0 scontrol 300) ? 3111351 atal5: SATA link down (SStatus O SControl 300; 7.646107] ata16: SATA link down (SStats 0 SControl 300; ?.972133] atal?: SATA link down (SStatus o Scontrol 300; 8.4300031 atai?: SATA link down (SStatus 0 scontrol 300; 8.7750731 ata19: SATA lik down (SStatus O Scontrol 300; 9.192774] ata?0: SATA link down (SStatus 0 Scontrol 300;'
[2m2025-08-10T22:02:51.888833Z[0m [32m INFO[0m [2misotope::automation::ocr[0m[2m:[0m OCR SUCCESS with 10s timeout (1322ms): '620693] ata2?: SATA max UDMA 133 abar m819200xf0804000 bort 0xf0804100 ira 21 1.6207981 ata28: SATA maX UDMA/133 abar m?192?0xf0804000 bort 0xf0804180 iro 21 1.6209051 ata29: SATA max UMA 133 abar m819200xf0804000 bort 0xf0804?00 iro 21 1.6210831 ata30: SATA max UDMA 133 abar m?1920xf0804000 bort 0xf0804?80 ird 21 1.6211891 ata31: SATA maX UDMA 133 abar m?1920xf0804000 bort Oxf0804f00 iro 21 1.621293] ata??: SATA M?x UDMA/133 abar m819200xf0804000 port 0xf0804f80 irg 21 1.69?036] input: ImExPS/2 Generic Explorer Mouse as deuices blatforn i8042 serio1,input input5 1.9378891 ata?: SATA link up 3.0 Gbps (SStatus 123 scontrnl 300) 1.93885?1 ata3.00: ATA 6: UB?X HARDDISK 1.0 max UDMA 133 1.939092] ata?.00: 41943040 sectors, mlti 128: LBA48 NCO (depth 32) 1.9401991 ata3.00: conf igured for UDMA 133 1.9409041 ?Si 2:0:0:0: Direct ACCeSS ATA UBOX HARDDISK 1.0 PO: 0 ANST: 1.9412811 Sd 2:0:0:0: [sda] 41943040 512-byte logical blocks: (21.5 Gh 20.0 GiR) 1.9414101 Sd 2:0:0:0: [sda] Write Protect is off 1.941542] Sd 2:0:0:0: [sda] Write cache: enahled rea cache: enahled, doesn 1.9420341 Sd 2:0:0:0: Attached scsi generic sgl tupe O 1.9450571 ?1000 0000:00:03.0 etho: (PCT:33MHz:32-bit) 08:00:27:e3:ce:d0 1.9452451 e1000 0000:00:03.0 eth0: Int.elCR) PR0/1000 Network Connection 1.9520731 $da: Sdal Sda? Sda3 1.9542641 $d 2:0:0:0: [sda] Attached SCSI disk 2.281819] ata4: SATA link down (SStatus 0 Scontrnl 300) 2.597727] ata5: SATA link doun (SStatus 0 Scontrol 300] 2.926495] ata6: SATA link down (SStatus 0 Scontrnl 300] 3.8044141 ata?: SATA link down (SStatus O SContrnl 300) 4.155835] ata?: SATA link down (SStatus 0 Scontrnl 300) 4.467918] ata9: SATA link down (SStatus O Scontrnl 300 4.8278141 ata10: SATA link down (SStatus 0 SControl 300; 5.225425] atall: SATA link down (SStatus 0 SControl 300) 5.8738051 atal?: SATA link down (SStatus 0 Scontrol 300) 6.420645] atal3: SATA link down (SStatus  scontrol 300) 6.9448941 atal4: SATA link down (SStatus 0 Scontrol 300) ?.311135] ata15: SATA link doun (Sstatus 0 scontrol 300) 7.646107] ata16: SATA link down (SStatus 0 Scontrol 300) ?.972133] atal?: SATA link down (SStatus 0 Scontrol 300; 8.4300031 ata18: SATA link doun (SStatus 0 SControl 300; 8.775073] atal9: SATA link down (SStatus O scontrol 300; 9.192774] ata?0: SATA link down (SStatus O Scontrol 300; 9.524120] ata21: SATA link doun (SStatus 0 Scontrol 300; 9.861945] ata22: SATA link down (SStatus 0 scontrol 300; 10.1783361 ata?3: SATA link down (SStatus 0 SControl 300; 10.4960633 ata24: SATA link down (SStatus  Scontrol 300; 10.916861] ata25: SATA link down (SStatus 0 Scontrol 300; 11.2448071 ata26: SATA link down (SStatus  Scontrol 300; 11.5610751 ata2?: SATA link down (SStatus 0 Scontrol 300; 11.9251481 ata28: SATA link own (SStatus 0 scontrol 300; 12.4959701 ata29: SATA link down (SStatus 0 Scontrol 300; 12.8320931 ata30: SATA link down (SStatus 0 scontrol 300; support DPO Ar FIA'
[2m2025-08-10T22:03:00.195740Z[0m [32m INFO[0m [2misotope::automation::ocr[0m[2m:[0m OCR SUCCESS with 10s timeout (1225ms): 'Starting Network Conf iguration. [ D ] Started Network Configuration start ing Wait for Network to be configured. starting Network Name Resolution. [ O ] Finished Load AppArmor profiles managed internally by snand [ DK] Started Netuork Name Resolution [ OK] Reached target Network [ OK ] Reached target Host and Network Name Lookups, [ Ok ] Finished Wait for Network to be Configured Starting Cloud-init: Network Stage [ 21.153827] clou-init [726]: MIn-initv. 25.1.4-0ubuntuo"22.04.] running init at sun. 10 Aug 2075 22:02:35 +0000. Up 21.1 seconds [ 21.176644] Cloud-init [726]: Ci-inf:  devi info Ftttt 21.1774221 lnd-init[726]: ci-infn: ?-t 21.178209] lnd-init [726]: ci-infn:  DeviceUp  Address 21.1790961 lnud-init [726]: ci-info: [ 21.10889] Cloud-init[726] ci-in:  ens TrUP 80::00:27:e:ce/6link O8:00:7:e3:c :do [21.198745] cloud-init [726]: ci-info:  4  m]ticast :: enp0s3 21.199226] cloud-init[726] ci-infn: + Mask SCOpe Hl-Address -t 21.179911] clou-init [726]: ci-inf:  0s  True 10.0.2.15255.255.255.0 global  08:00:27:e3:ce :do 21.1819011 cloud-init[726]: ci-inf:  l0 Tru 127.0.0.1 255.0.0.0 host -t 21.185091] M1n-init[726]: Ci-inf: +*+*++++++++++++++++++t IP ino**************** 21.185591] cloud-init [726]: Ci-infn: tttt 21.186151 Clou-init[726]: ci-info: Rote Destinatio Gat Geak Interface  Flags 2t 21.1870461 cloud-init[726]: ci-inf:  00.0.0.0 10.0.2.20.0.0.0 np0s UG 21.1876131 cloud-init [726]: ci-inn: 1 ] 10.0.2.0 0.0.0.0 1 255.255.255.0ehos3 21.188200] Clou-init[726]: Ci-inf: 210.0.2.20.0.0.0  255.255.255.255nos3uh 21.1888621 Cloud-init [726]: ci-inf: 310.0.2.30.0.0.0 255.255.255.255 n0s3 UH 21.189461] Cloud-init [726] Ci-infn: -tt 21.1900781 cloudd-init [726]: Ci-infn: *+**+*+++++++Route IP6 info**+**+****** 21.1907481 Cloud-init[726] Ci-info: 21.1913531 Cloud-init[726]: Ci-info:  Route  Destination  Gatela4  Interface  Flags 21.1919901 cloud-init [726] Ci-infn: 21.192539] cloud-init [726]: Ci-info:  1  fe8o::64 ::enpos3 21.193145] Cloud-init[726]: i-infn:  local :: pnpos3 21.1829261 Cloud init[726] Ci inf: 10 T:1128 21.184063] Glnud-init [726]: ci-infn: 21.186536] Cloud-init[726] ci-infn: host ?+'
[2m2025-08-10T22:03:03.458868Z[0m [32m INFO[0m [2misotope::automation::ocr[0m[2m:[0m OCR SUCCESS with 10s timeout (907ms): 'I OK I OK I OK I DK I OK I DK I DK I DK I OK I DK I OK I OK I DK I DK I OK I OK I OK I OK I OK I OK I OK I DK I OK I DK I DK I DK I DK I DK Started Save initial kernel messages after boot Starting Remove Stale Online ext Metadata Check Snapshots... Starting Record Successful boot for GRUB. Started irgbalance daemon starting Dispatcher daemon for systemd-hetworkd.. Starting Authorization Manager starting Pollinate to seed the pseudo random humher generat Starting Sustem Logging Service Reached target Preparation for Logins starting Wajt until Snand is fullu seeded Starting Snap Daemon. Starting User Login Management.. Starting Permit User Sessions. Starting Disk Manager Finished Remove Stale Online ext Metadata Check Snapshots. Finished Permit User Sessions. Started System Logging Service Started Authorization Manager. Starting Modem Manager Starting Hold until boot process finishs up. starting Terminate Plymouth Boot Screen. Starting Hostname Service started LS8: automat ic Crash report generatinn Finished Record Successful boot for GRUB Finished Hold until boot process finishes up Finished Terminate Plymouth Boot Scree. Started User Login Management Starting GRUR failed boot detection. Starting Set console scheme Started Unattended Upgrades Shutdown. Finished Set console scheme Created Slice Slice sustem/getty. Started Gettu on ttyl. Reached target Login Prompts Finished GRUB failed boot detection. started Hostname Service. Started Dispatcher daemon for sustemd-netunrk Started Modem Manager Started Disk Manager Finished Pollinate to seed the pseudo random humher generator Starting OpenBsD Secure Shell server Started OpenBsD Secure Shell server started Snap Daemon started snap.1xd.hook.install-h9hh456-8f23-4254-916b-355002fe19hr.Scope Listening on Socket unix for snap apolication lxd aemon. istening on Socket unix for snan application lxd.user-daemon. starting Service for snap applicatinn lxd.activate.'
[2m2025-08-10T22:03:06.031555Z[0m [32m INFO[0m [2misotope::automation::ocr[0m[2m:[0m OCR SUCCESS with 10s timeout (220ms): 'Ubuntu 22.04.5 LTS ubuntu-server ttyl ubuntu-server 1ogin: 28.059589] Cloud-init [1483]: en US IITF-8. one 28.0602821 cloud-init [1483] Generation comblete'
[2m2025-08-10T22:03:06.033131Z[0m [32m INFO[0m [2misotope::automation::puppet[0m[2m:[0m Condition 'ubuntu-server' met successfully
[2m2025-08-10T22:03:07.422760Z[0m [32m INFO[0m [2misotope::automation::ocr[0m[2m:[0m OCR SUCCESS with 10s timeout (1032ms): '[ 28.059589] 1oud-init [1483] enUS-UTF-. one [ 28.060282] Cloud-init [1483] Generation comlet Ubuntu 22.04.5 LTS ubuntu-server ttyl ubuntu-server login: [28.3921341 Clold-init [1520]: Cloud-init v. 25.1.4-0uhunt0"22.04 running 'modules:final Ug 2025 22:02:43 +0000. Up 28.36 seconds Ci-infn: no Authorized SS keus fingerprints found for user ubuntu. (14>Aug 10 22:02:43 Cloud-init: #**::)*):)::***)AAaaan)*)*n*n*n*g*ann; <14>AUg 10 22:02:43 Cloud init: BEGIN SSH HOST KEY FINGERPRINTS- (14)Aug 10 22:02:43 Cloud-init: 256 SHA256: T52SVCF8RKMH20JIP 14+HH3YuEcnXuhky5chpGic root @ubuntu-server (ECDSA (14)Aug 10 22:02:43 Cloud-init: 256 SHA256: IkMyZ0VJYk5021924WV85XIRGUWLOJVLZeHDALEunLM rnnt@ubuntu)-server (ED25519 ) (14)Aug 10 22:02:43 Cloud-init: 3072 SHA256:B8R4TWbMGObS T44UDEH1FY3VpTFL3xvgpKggfnf Trs rnnt @uhuntul-Server (RSA) <14>AU: 10 22:02:43 Cloud-init:FND SSH HOST KEY FINGERPRTNTS-- (14>Aug 10 22:02:43 Cloud-init: #**::)*))::**))AAa))*)*)**n*ann; - BEGIN SSH HOST KEY KEYS- ecdsa-sha?-nisto256 AAAAE2V,j2HNhLXNOYTItbml2dHAYNTYAAAA Ibml2dHAUNTYAAABBBOdF tbXORdA+Z?+YSBeaHDAp IR34r j0sqJF4Z4V9GYfFGopk? jghXHI grL43bg jiL T/anD9c785L2K8L41nGmer_ rootdubuntu-serve ssh-dd25519 AAAACSNzaC112DI1NTESAAAAILWhngP3gNS0on7J47H4BIJ4fOk6k4oht +B8bP InNR root @ubuntu-Server ssh-sa AAAAB3NZaC14C2EAAAADAOABAAABgOC5dCtDF9Y0FvS0zisJKoJ9rsku?I3kul2Ban?cD2upr08m5?49TH10H/h 180KAJ1b?PfRk???Rfbk?h?9ango TO 1HS1 1uRAAXMW71ccsSoiu0?nsZUDcH?S TaL Z?ZeFK?L 2JGuVU+?4S0X TEPK6FrF 18S51I6Lb1TU/0OAf TNZ?H+4rDRJHf 39GKN?W/?YF22HzR jv8?2H2VB ESY j +HMSF jP+NFNTA,J1nd02U61yTSJYC80YLRCgrAASCInGOESXnVn?OCyAISOOMuT2HDWhruCkgCG+0a3RXZCOVAUV5XK fGXYVPBOhVkdb T9Ou5XF2Z0SgFU3L+2ZF 6AfBgYdLe2Ka j0aa6 iTYCUXC92HV?KgMG4MXN1f g951dIpH+YG1D8h9HLoBGb/C 193IorUMnbt+pH4/4MogZIzh1hIg Is 76Tos69ehHrb6 iHh6Ce5uANPHYDEX0g569 URvfb997244Nxhouab2L0+4xN9m4NE6GL3x1sGc- rnnt?ubuntu-Server ?END SSH HNST KEY KEYS- [ 28.459047] cloud-init [1520] G]nud-init V. 25.1.4-0ubuntu0"22.04. finishe at Sun, 10 Aug 2025 22:02:43 +0000. Datasource [ ataSnurceNone up 28.45 Secnnds at Sun 10'
[2m2025-08-10T22:03:07.424656Z[0m [32m INFO[0m [2misotope::automation::puppet[0m[2m:[0m Debug screenshot captured: C:\Users\redst\OneDrive\Documents\GitHub\Isotope\debug-steps\notice-68-1754863386.png
[2m2025-08-10T22:03:08.757123Z[0m [32m INFO[0m [2misotope::automation::ocr[0m[2m:[0m OCR SUCCESS with 10s timeout (971ms): '[ 28.059589] 1oud-init [1483] enUS-UTF-. one [ 28.060282] Cloud-init [1483] Generation comlet Ubuntu 22.04.5 LTS ubuntu-server ttyl ubuntu-server login: [28.3921341 Clold-init [1520]: Cloud-init v. 25.1.4-0uhunt0"22.04 running 'modules:final Ug 2025 22:02:43 +0000. Up 28.36 seconds Ci-infn: no Authorized SS keus fingerprints found for user ubuntu. (14>Aug 10 22:02:43 Cloud-init: #**::)*):)::***)AAaaan)*)*n*n*n*g*ann; <14>AUg 10 22:02:43 Cloud init: BEGIN SSH HOST KEY FINGERPRINTS- (14)Aug 10 22:02:43 Cloud-init: 256 SHA256: T52SVCF8RKMH20JIP 14+HH3YuEcnXuhky5chpGic root @ubuntu-server (ECDSA (14)Aug 10 22:02:43 Cloud-init: 256 SHA256: IkMyZ0VJYk5021924WV85XIRGUWLOJVLZeHDALEunLM rnnt@ubuntu)-server (ED25519 ) (14)Aug 10 22:02:43 Cloud-init: 3072 SHA256:B8R4TWbMGObS T44UDEH1FY3VpTFL3xvgpKggfnf Trs rnnt @uhuntul-Server (RSA) <14>AU: 10 22:02:43 Cloud-init:FND SSH HOST KEY FINGERPRTNTS-- (14>Aug 10 22:02:43 Cloud-init: #**::)*))::**))AAa))*)*)**n*ann; - BEGIN SSH HOST KEY KEYS- ecdsa-sha?-nisto256 AAAAE2V,j2HNhLXNOYTItbml2dHAYNTYAAAA Ibml2dHAUNTYAAABBBOdF tbXORdA+Z?+YSBeaHDAp IR34r j0sqJF4Z4V9GYfFGopk? jghXHI qrLy3bg iL T/anD9c7852K8LInGmec- rootGubuntu-srve ssh-dd25519 AAAACSNzaC112DI1NTESAAAAILWhngP3gNS0on7J47H4BIJ4fOk6k4oht +B8bP InNR root @ubuntu-Server ssh-sa AAAAB3NZaC14C2EAAAADAOABAAABgOC5dCtDF9Y0FvS0zisJKoJ9rsku?I3kul2Ban?cD2upr08m5?49TH10H/h 180KAJ1b?PfRk???Rfbk?h?9ango TO 1HS1 1uRAAXMW71ccsSoiu0?nsZUDcH?S TaL Z?ZeFK?L 2JGuVU+?4S0X TEPK6FrF 18S51I6Lb1TU/0OAf TNZ?H+4rDRJHf 39GKN?W/?YF22HzR jv8?2H2VB ESY j +HMSF jP+NFNTA,J1nd02U61yTSJYC80YLRCgrAASCInGOESXnVn?OCyAISOOMuT2HDWhruCkgCG+0a3RXZCOVAUV5XK fGXYVPBOhVkdb T9Ou5XF2Z0SgFU3L+2ZF 6AfBgYdLe2Ka j0aa6 iTYCUXC92HV?KgMG4MXN1f g951dIpH+YG1D8h9HLoBGb/C 193IorUMnbt+pH4/4MogZIzh1hIg Is 76Tos69ehHrb6 iHh6Ce5uANPHYDEX0g569 URvfb997244Nxhouab2L0+4xN9m4NE6GL3x1sGc- rnnt?ubuntu-Server ?END SSH HOST KEY KEYS- [ 28.459047] cloud-in]t [1520] Mnud-init v. 25.1.4-0ubuntu0"22.04.1 finished at Sun, 10 Aug 2025 22:02:43 +0000. Datasource 0 atasourceNone.up 28.45 Secnnds at Sun 10'
[2m2025-08-10T22:03:08.759035Z[0m [32m INFO[0m [2misotope::automation::puppet[0m[2m:[0m Debug screenshot captured: C:\Users\redst\OneDrive\Documents\GitHub\Isotope\debug-steps\post-68-1754863387.png
[2m2025-08-10T22:03:08.759319Z[0m [32m INFO[0m [2misotope::automation::puppet[0m[2m:[0m Executing instruction 2/32 (step 69): Type { text: "ubuntu" }
[2m2025-08-10T22:03:10.158021Z[0m [32m INFO[0m [2misotope::automation::ocr[0m[2m:[0m OCR SUCCESS with 10s timeout (1042ms): '[ 28.059589] 1oud-init [1483] enUS-UTF-. one [ 28.060282] Cloud-init [1483] Generation comlet Ubuntu 22.04.5 LTS ubuntu-server ttyl ubuntu-server login: [28.3921341 Clold-init [1520]: Cloud-init v. 25.1.4-0uhunt0"22.04 running 'modules:final Ug 2025 22:02:43 +0000. Up 28.36 seconds Ci-infn: no Authorized SS keus fingerprints found for user ubuntu. (14>Aug 10 22:02:43 Cloud-init: #**::)*):)::***)AAaaan)*)*n*n*n*g*ann; <14>AUg 10 22:02:43 Cloud init: BEGIN SSH HOST KEY FINGERPRINTS- (14)Aug 10 22:02:43 Cloud-init: 256 SHA256: T52SVCF8RKMH20JIP 14+HH3YuEcnXuhky5chpGic root @ubuntu-server (ECDSA (14)Aug 10 22:02:43 Cloud-init: 256 SHA256: IkMyZ0VJYk5021924WV85XIRGUWLOJVLZeHDALEunLM rnnt@ubuntu)-server (ED25519 ) (14)Aug 10 22:02:43 Cloud-init: 3072 SHA256:B8R4TWbMGObS T44UDEH1FY3VpTFL3xvgpKggfnf Trs rnnt @uhuntul-Server (RSA) <14>AU: 10 22:02:43 Cloud-init:FND SSH HOST KEY FINGERPRTNTS-- (14>Aug 10 22:02:43 Cloud-init: #**::)*))::**))AAa))*)*)**n*ann; - BEGIN SSH HOST KEY KEYS- ecdsa-sha?-nisto256 AAAAE2V,j2HNhLXNOYTItbml2dHAYNTYAAAA Ibml2dHAUNTYAAABBBOdF tbXORdA+Z?+YSBeaHDAp IR34r j0sqJF4Z4V9GYfFGopk? jghXHI grL43bg jiL T/anD9c785L2K8L41nGmer_ rootdubuntu-serve ssh-dd25519 AAAACSNzaC112DI1NTESAAAAILWhngP3gNS0on7J47H4BIJ4fOk6k4oht +B8bP InNR root @ubuntu-Server ssh-sa AAAAB3NZaC14C2EAAAADAOABAAABgOC5dCtDF9Y0FvS0zisJKoJ9rsku?I3kul2Ban?cD2upr08m5?49TH10H/h 180KAJ1b?PfRk???Rfbk?h?9ango TO 1HS1 1uRAAXMW71ccsSoiu0?nsZUDcH?S TaL Z?ZeFK?L 2JGuVU+?4S0X TEPK6FrF 18S51I6Lb1TU/0OAf TNZ?H+4rDRJHf 39GKN?W/?YF22HzR jv8?2H2VB ESY j +HMSF jP+NFNTA,J1nd02U61yTSJYC80YLRCgrAASCInGOESXnVn?OCyAISOOMuT2HDWhruCkgCG+0a3RXZCOVAUV5XK fGXYVPBOhVkdb T9Ou5XF2Z0SgFU3L+2ZF 6AfBgYdLe2Ka j0aa6 iTYCUXC92HV?KgMG4MXN1f g951dIpH+YG1D8h9HLoBGb/C 193IorUMnbt+pH4/4MogZIzh1hIg Is 76Tos69ehHrb6 iHh6Ce5uANPHYDEX0g569 URvfb997244Nxhouab2L0+4xN9m4NE6GL3x1sGc- rnnt?ubuntu-Server ?END SSH HNST KEY KEYS- [ 28.459047] cloud-init [1520] G]nud-init V. 25.1.4-0ubuntu0"22.04. finishe at Sun, 10 Aug 2025 22:02:43 +0000. Datasource [ ataSnurceNone up 28.45 Secnnds at Sun 10'
[2m2025-08-10T22:03:10.159967Z[0m [32m INFO[0m [2misotope::automation::puppet[0m[2m:[0m Debug screenshot captured: C:\Users\redst\OneDrive\Documents\GitHub\Isotope\debug-steps\pre-69-1754863389.png
[2m2025-08-10T22:03:10.160499Z[0m [32m INFO[0m [2misotope::automation::keypress[0m[2m:[0m Typing text to VM isotope-vm-eb5a0615: 'ubuntu'
[2m2025-08-10T22:03:11.681168Z[0m [32m INFO[0m [2misotope::automation::ocr[0m[2m:[0m OCR SUCCESS with 10s timeout (958ms): '[ 28.059589] 1oud-init [1483] enUS-UTF-. one [ 28.060282] Cloud-init [1483] Generation comlet Ubuntu 22.04.5 LTS ubuntu-server ttyl ubuntu-server login: [28.3921341 clou-init(1520]: Cloud-init v. 25.1.4-ouhnt 0"22.04 Ug 2025 22:02:43 +0000. Up 28.36 seconds Ci-infn: no Authorized SS keus fingerprints found for user ubuntu. (14>Aug 10 22:02:43 Cloud-init: #**::)*):)::***)AAaaan)*)*n*n*n*g*ann; <14>AUg 10 22:02:43 Cloud init: BEGIN SSH HOST KEY FINGERPRINTS- (14)Aug 10 22:02:43 Cloud-init: 256 SHA256: T52SVCF8RKMH20JIP 14+HH3YuEcnXuhky5chpGic root @ubuntu-server (ECDSA (14)Aug 10 22:02:43 Cloud-init: 256 SHA256: IkMyZ0VJYk5021924WV85XIRGUWLOJVLZeHDALEunLM rnnt@ubuntu)-server (ED25519 ) (14)Aug 10 22:02:43 Cloud-init: 3072 SHA256:B8R4TWbMGObS T44UDEH1FY3VpTFL3xvgpKggfnf Trs rnnt @uhuntul-Server (RSA) <14>AU: 10 22:02:43 Cloud-init:FND SSH HOST KEY FINGERPRTNTS-- (14>Aug 10 22:02:43 Cloud-init: #**::)*))::**))AAa))*)*)**n*ann; - BEGIN SSH HOST KEY KEYS- ecdsa-sha?-nisto256 AAAAE2V,12HNhLXNOYTIt bmlzdHAyNTYAAAA IbmlZdHAUNTYAAABBBOdF tbXORdAl+Z?+YSBeaHOAn IR34r j0sq.F4Z4V9GYfFGopK?jghXHI grL43bg jiL T/anD9c785L2K8L41nGmer_ rootdubuntu-serve ssh-dd25519 AAAACSNzaC112DI1NTESAAAAILWhngP3gNS0on7J47H4BIJ4fOk6k4oht +B8bP InNR root @ubuntu-Server ssh-sa AAAAB3NZaC14C2EAAAADAOABAAABgOC5dCtDF9Y0FvS0zisJKoJ9rsku?I3kul2Ban?cD2upr08m5?49TH10H/h 180KAJ1b?PfRk???Rfbk?h?9ango TO 1HS1 1uRAAXMW71ccsSoiu0?nsZUDcH?S TaL Z?ZeFK?L 2JGuVU+?4S0X TEPK6FrF 18S51I6Lb1TU/0OAf TNZ?H+4rDRJHf 39GKN?W/?YF22HzR jv8?2H2VB ESY j +HMSF jP+NFNTA,J1nd02U61yTSJYC80YLRCgrAASCInGOESXnVn?OCyAISOOMuT2HDWhruCkgCG+0a3RXZCOVAUV5XK fGXYVPBOhVkdb T9Ou5XF2Z0SgFU3L+2ZF 6AfBgYdLe2Ka j0aa6 iTYCUXC92HV?KgMG4MXN1fg951dIpH+YG1D8h9HLoBGb/C 193IorUMnbt+pH4/4MogZIzh1hIg Is 76Tos69ehHrb6 iHh6Ce5uANPHYDEX0g569 URvfb997244Nxhouab2L0+4xN9m4NE6GL3x1sGc- rnnt@ubuntu-Server ?END SSH HOST KEY KEYS- [ 28.459047] cloud-in]t [1520] M]nud-init v 25.1.4-0huntuo"22.04.1 finished at Sun, 10 Aug 2025 22:02:43 +0000. Datasource 0 atasourceNoneUp 28.45 SPcnnds ubuntu running modules:final at Sun 10'
[2m2025-08-10T22:03:11.683098Z[0m [32m INFO[0m [2misotope::automation::puppet[0m[2m:[0m Debug screenshot captured: C:\Users\redst\OneDrive\Documents\GitHub\Isotope\debug-steps\post-69-1754863390.png
[2m2025-08-10T22:03:11.683342Z[0m [32m INFO[0m [2misotope::automation::puppet[0m[2m:[0m Executing instruction 3/32 (step 70): Press { key: "enter", repeat: None, modifiers: None }
[2m2025-08-10T22:03:12.957081Z[0m [32m INFO[0m [2misotope::automation::ocr[0m[2m:[0m OCR SUCCESS with 10s timeout (917ms): '[ 28.059589] 1oud-init [1483] enUS-UTF-. one [ 28.060282] Cloud-init [1483] Generation comlet Ubuntu 22.04.5 LTS ubuntu-server ttyl ubuntu-server login: [28.3921341 clou-init(1520]: Cloud-init v. 25.1.4-ouhnt 0"22.04 Ug 2025 22:02:43 +0000. Up 28.36 seconds Ci-infn: no Authorized SS keus fingerprints found for user ubuntu. (14>Aug 10 22:02:43 Cloud-init: #**::)*):)::***)AAaaan)*)*n*n*n*g*ann; <14>AUg 10 22:02:43 Cloud init: BEGIN SSH HOST KEY FINGERPRINTS- (14)Aug 10 22:02:43 Cloud-init: 256 SHA256: T52SVCF8RKMH20JIP 14+HH3YuEcnXuhky5chpGic root @ubuntu-server (ECDSA (14)Aug 10 22:02:43 Cloud-init: 256 SHA256: IkMyZ0VJYk5021924WV85XIRGUWLOJVLZeHDALEunLM rnnt@ubuntu)-server (ED25519 ) (14)Aug 10 22:02:43 Cloud-init: 3072 SHA256:B8R4TWbMGObS T44UDEH1FY3VpTFL3xvgpKggfnf Trs rnnt @uhuntul-Server (RSA) <14>AU: 10 22:02:43 Cloud-init:FND SSH HOST KEY FINGERPRTNTS-- (14>Aug 10 22:02:43 Cloud-init: #**::)*))::**))AAa))*)*)**n*ann; - BEGIN SSH HOST KEY KEYS- ecdsa-sha?-nisto256 AAAAE2V,j2HNhLXNOYTItbml2dHAYNTYAAAA Ibml2dHAUNTYAAABBBOdF tbXORdA+Z?+YSBeaHDAp IR34r j0sqJF4Z4V9GYfFGopk? jghXHI grLy3bg jL T/anD9c7B5L 2K8LHinGmec- rootdubuntu-Srver ssh-dd25519 AAAACSNzaC112DI1NTESAAAAILWhngP3gNS0on7J47H4BIJ4fOk6k4oht +B8bP InNR root @ubuntu-Server ssh-sa AAAAB3NZaC14C2EAAAADAOABAAABgOC5dCtDF9Y0FvS0zisJKoJ9rsku?I3kul2Ban?cD2upr08m5?49TH10H/h 180KAJ1b?PfRk???Rfbk?h?9ango TO 1HS1 1uRAAXMW71ccsSoiu0?nsZUDcH?S TaL Z?ZeFK?L 2JGuVU+?4S0X TEPK6FrF 18S51I6Lb1TU/0OAf TNZ?H+4rDRJHf 39GKN?W/?YF22HzR jv8?2H2VB ESY j +HMSF jP+NFNTA,J1nd02U61yTSJYC80YLRCgrAASCInGOESXnVn?OCyAISOOMuT2HDWhruCkgCG+0a3RXZCOVAUV5XK fGXYVPBOhVkdb T9Ou5XF2Z0SgFU3L+2ZF 6AfBgYdLe2Ka j0aa6 iTYCUXC92HV?KgMG4MXN1fg951dIpH+YG1D8h9HLoBGb/C 193IorUMnbt+pH4/4MogZIzh1hIg Is 76Tos69ehHrb6 iHh6Ce5uANPHYDEX0g569 URvfb997244Nxhouab2L0+4xN9m4NE6GL3x1sGc- rnnt@ubuntu-Server -END SSH HNST KEY KEYS- [ 28.459047 clou-in]t [1520] Mnud-init v. 25.1.4-0htu0"22.04.1 inishe at Sun 10 Aug 2025 22:02:43 +0000, Datasource [ atasourceNone Up 28.45 SPcnnds ubunti running modules:final at Sun 10'
[2m2025-08-10T22:03:12.958897Z[0m [32m INFO[0m [2misotope::automation::puppet[0m[2m:[0m Debug screenshot captured: C:\Users\redst\OneDrive\Documents\GitHub\Isotope\debug-steps\pre-70-1754863392.png
[2m2025-08-10T22:03:14.397436Z[0m [32m INFO[0m [2misotope::automation::ocr[0m[2m:[0m OCR SUCCESS with 10s timeout (982ms): '[ 28.059589] 1oud-init [1483] enUS-UTF-. one [ 28.060282] Cloud-init [1483] Generation comlet Ubuntu 22.04.5 LTS ubuntu-server ttyl ubuntu-server login: [28.3921341 clou-init(1520]: Cloud-init v. 25.1.4-ouhnt 0"22.04 Ug 2025 22:02:43 +0000. Up 28.36 seconds Ci-infn: no Authorized SS keus fingerprints found for user ubuntu. (14>Aug 10 22:02:43 Cloud-init: #**::)*):)::***)AAaaan)*)*n*n*n*g*ann; <14>AUg 10 22:02:43 Cloud init: BEGIN SSH HOST KEY FINGERPRINTS- (14)Aug 10 22:02:43 Cloud-init: 256 SHA256: T52SVCF8RKMH20JIP 14+HH3YuEcnXuhky5chpGic root @ubuntu-server (ECDSA (14)Aug 10 22:02:43 Cloud-init: 256 SHA256: IkMyZ0VJYk5021924WV85XIRGUWLOJVLZeHDALEunLM rnnt@ubuntu)-server (ED25519 ) (14)Aug 10 22:02:43 Cloud-init: 3072 SHA256:B8R4TWbMGObS T44UDEH1FY3VpTFL3xvgpKggfnf Trs rnnt @uhuntul-Server (RSA) <14>AU: 10 22:02:43 Cloud-init:FND SSH HOST KEY FINGERPRTNTS-- (14>Aug 10 22:02:43 Cloud-init: #**::)*))::**))AAa))*)*)**n*ann; - BEGIN SSH HOST KEY KEYS- ecdsa-sha?-nisto256 AAAAE2V,j2HNhLXNOYTItbml2dHAYNTYAAAA Ibml2dHAUNTYAAABBBOdF tbXORdA+Z?+YSBeaHDAp IR34r j0sqJF4Z4V9GYfFGopk? jghXHI grLy3bg jL T/anD9c7B5L 2K8LHinGmec- rootdubuntu-Srver ssh-dd25519 AAAACSNzaC112DI1NTESAAAAILWhngP3gNS0on7J47H4BIJ4fOk6k4oht +B8bP InNR root @ubuntu-Server ssh-sa AAAAB3NZaC14C2EAAAADAOABAAABgOC5dCtDF9Y0FvS0zisJKoJ9rsku?I3kul2Ban?cD2upr08m5?49TH10H/h 180KAJ1b?PfRk???Rfbk?h?9ango TO 1HS 1 1uRAAXMW71ccsSoiuOnsZUDcH?S TaL Z?ZeFK?L 2JGuVU+?4S0X TEPK6FrF 18S51I6Lb1TU/0OAf TNZ?H+4rDRJHf 39GKN?W/?YF22HzR jv8?2fH2VB ESY,]+HMSF P+NFNTA,J1nd02U61yTSJYC80YLRCarAASCIn6DESXnVn?OCyAISOOMuT2HDWhruCkgCG+0a3RXZCOVAUV5XK fGXYVPBohVkdb T9Ou5XF2Z0SgFU3L+2ZF 6AfBgYdLe2Ka j0aa6 iTYCUXC92HV?KgMG4MXN1fg951dIpH+YG1D8h9HLoBGb/C 193IorUMnbt+pH4/4MogZIzh1hIg Is 76Tos69ehHrb6 iHh6Ce5uANPHYDEX0g569 URvfb997244Nxhou8b2L0+4?N9m4NE6GL3x1sGc- rnntGubuntu-Server -END SSH HNST KEY KEYS- [ 28.459047] Cloud-init[1520): Cloud-init V. 25.1.4-0ubuntu0"22.04.1 inishe at Sun, 10 Aug 2025 22:02:43 +0000. Datasource [ atasourceNn? up 28.45 SPcnnds ubuntu Passuordd: running modules:final at Sun 10'
[2m2025-08-10T22:03:14.398186Z[0m [32m INFO[0m [2misotope::automation::puppet[0m[2m:[0m Debug screenshot captured: C:\Users\redst\OneDrive\Documents\GitHub\Isotope\debug-steps\post-70-1754863393.png
[2m2025-08-10T22:03:14.398505Z[0m [32m INFO[0m [2misotope::automation::puppet[0m[2m:[0m Executing instruction 4/32 (step 71): Type { text: "ubuntu" }
[2m2025-08-10T22:03:15.701763Z[0m [32m INFO[0m [2misotope::automation::ocr[0m[2m:[0m OCR SUCCESS with 10s timeout (945ms): '[ 28.059589] 1oud-init [1483] enUS-UTF-. one [ 28.060282] Cloud-init [1483] Generation comlet Ubuntu 22.04.5 LTS ubuntu-server ttyl ubuntu-server login: [28.3921341 clou-init(1520]: Cloud-init v. 25.1.4-ouhnt 0"22.04 Ug 2025 22:02:43 +0000. Up 28.36 seconds Ci-infn: no Authorized SS keus fingerprints found for user ubuntu. (14>Aug 10 22:02:43 Cloud-init: #**::)*):)::***)AAaaan)*)*n*n*n*g*ann; <14>AUg 10 22:02:43 Cloud init: BEGIN SSH HOST KEY FINGERPRINTS- (14)Aug 10 22:02:43 Cloud-init: 256 SHA256: T52SVCF8RKMH20JIP 14+HH3YuEcnXuhky5chpGic root @ubuntu-server (ECDSA (14)Aug 10 22:02:43 Cloud-init: 256 SHA256: IkMyZ0VJYk5021924WV85XIRGUWLOJVLZeHDALEunLM rnnt@ubuntu)-server (ED25519 ) (14)Aug 10 22:02:43 Cloud-init: 3072 SHA256:B8R4TWbMGObS T44UDEH1FY3VpTFL3xvgpKggfnf Trs rnnt @uhuntul-Server (RSA) <14>AU: 10 22:02:43 Cloud-init:FND SSH HOST KEY FINGERPRTNTS-- (14>Aug 10 22:02:43 Cloud-init: #**::)*))::**))AAa))*)*)**n*ann; - BEGIN SSH HOST KEY KEYS- ecdsa-sha?-nisto256 AAAAE2V,j2HNhLXNOYTItbml2dHAYNTYAAAA Ibml2dHAUNTYAAABBBOdF tbXORdA+Z?+YSBeaHDAp IR34r j0sqJF4Z4V9GYfFGopk? jghXHI grLy3bg jL T/anD9c7B5L 2K8LHinGmec- rootdubuntu-Srver ssh-dd25519 AAAACSNzaC112DI1NTESAAAAILWhngP3gNS0on7J47H4BIJ4fOk6k4oht +B8bP InNR root @ubuntu-Server ssh-sa AAAAB3NZaC14C2EAAAADAOABAAABgOC5dCtDF9Y0FvS0zisJKoJ9rsku?I3kul2Ban?cD2upr08m5?49TH10H/h 180KAJ1b?PfRk???Rfbk?h?9ango TO 1HS 1 1uRAAXMW71ccsSoiuOnsZUDcH?S TaL Z?ZeFK?L 2JGuVU+?4S0X TEPK6FrF 18S51I6Lb1TU/0OAf TNZ?H+4rDRJHf 39GKN?W/?YF22HzR jv8?2fH2VB ESY,]+HMSF P+NFNTA,J1nd02U61yTSJYC80YLRCarAASCIn6DESXnVn?OCyAISOOMuT2HDWhruCkgCG+0a3RXZCOVAUV5XK fGXYVPBohVkdb T9Ou5XF2Z0SgFU3L+2ZF 6AfBgYdLe2Ka j0aa6 iTYCUXC92HV?KgMG4MXN1f g951dIpH+YG1D8h9HLoBGb/C 193IorUMnbt+pH4/4MogZIzh1hIg Is 76Tos69ehHrb6 iHh6Ce5uANPHYDEX0g569 URvfb997244Nxhou8b2L0+4xN9m4NE6GL3X1sGc- rnntoubuntu-server - E.ND SSH HOST KEY KEYS- [ 28.459047] Cloud-init[1520): Cloud-init V. 25.1.4-0ubuntu0"22.04.1 inishe at Sun, 10 Aug 2025 22:02:43 +0000. Datasource [ atasourceNn? up 28.45 SPcnnds ubuntu Passuordd: running modules:final at Sun 10'
[2m2025-08-10T22:03:15.703695Z[0m [32m INFO[0m [2misotope::automation::puppet[0m[2m:[0m Debug screenshot captured: C:\Users\redst\OneDrive\Documents\GitHub\Isotope\debug-steps\pre-71-1754863394.png
[2m2025-08-10T22:03:15.704328Z[0m [32m INFO[0m [2misotope::automation::keypress[0m[2m:[0m Typing text to VM isotope-vm-eb5a0615: 'ubuntu'
[2m2025-08-10T22:03:17.214265Z[0m [32m INFO[0m [2misotope::automation::ocr[0m[2m:[0m OCR SUCCESS with 10s timeout (947ms): '[ 28.059589] 1oud-init [1483] enUS-UTF-. one [ 28.060282] Cloud-init [1483] Generation comlet Ubuntu 22.04.5 LTS ubuntu-server ttyl ubuntu-server login: [28.3921341 clou-init(1520]: Cloud-init v. 25.1.4-ouhnt 0"22.04 Ug 2025 22:02:43 +0000. Up 28.36 seconds Ci-infn: no Authorized SS keus fingerprints found for user ubuntu. (14>Aug 10 22:02:43 Cloud-init: #**::)*):)::***)AAaaan)*)*n*n*n*g*ann; <14>AUg 10 22:02:43 Cloud init: BEGIN SSH HOST KEY FINGERPRINTS- (14)Aug 10 22:02:43 Cloud-init: 256 SHA256: T52SVCF8RKMH20JIP 14+HH3YuEcnXuhky5chpGic root @ubuntu-server (ECDSA (14)Aug 10 22:02:43 Cloud-init: 256 SHA256: IkMyZ0VJYk5021924WV85XIRGUWLOJVLZeHDALEunLM rnnt@ubuntu)-server (ED25519 ) (14)Aug 10 22:02:43 Cloud-init: 3072 SHA256:B8R4TWbMGObS T44UDEH1FY3VpTFL3xvgpKggfnf Trs rnnt @uhuntul-Server (RSA) <14>AU: 10 22:02:43 Cloud-init:FND SSH HOST KEY FINGERPRTNTS-- (14>Aug 10 22:02:43 Cloud-init: #**::)*))::**))AAa))*)*)**n*ann; - BEGIN SSH HOST KEY KEYS- ecdsa-sha?-nisto256 AAAAE2V,j2HNhLXNOYTItbml2dHAYNTYAAAA Ibml2dHAUNTYAAABBBOdF tbXORdA+Z?+YSBeaHDAp IR34r j0sqJF4Z4V9GYfFGopk? jghXHI grLy3bg jL T/anD9c7B5L 2K8LHinGmec- rootdubuntu-Srver ssh-dd25519 AAAACSNzaC112DI1NTESAAAAILWhngP3gNS0on7J47H4BIJ4fOk6k4oht +B8bP InNR root @ubuntu-Server ssh-sa AAAAB3NZaC14C2EAAAADAOABAAABgOC5dCtDF9Y0FvS0zisJKoJ9rsku?I3kul2Ban?cD2upr08m5?49TH10H/h 180KAJ1b?PfRk???Rfbk?h?9ango TO 1HS 1 1uRAAXMW71ccsSoiuOnsZUDcH?S TaL Z?ZeFK?L 2JGuVU+?4S0X TEPK6FrF 18S51I6Lb1TU/0OAf TNZ?H+4rDRJHf 39GKN?W/?YF22HzR jv8?2fH2VB ESY,]+HMSF P+NFNTA,J1nd02U61yTSJYC80YLRCarAASCIn6DESXnVn?OCyAISOOMuT2HDWhruCkgCG+0a3RXZCOVAUV5XK fGXYVPBohVkdb T9Ou5XF2Z0SgFU3L+2ZF 6AfBgYdLe2Ka j0aa6 iTYCUXC92HV?KgMG4MXN1fg951dIpH+YG1D8h9HLoBGb/C 193IorUMnbt+pH4/4MogZIzh1hIg Is 76Tos69ehHrb6 iHh6Ce5uANPHYDEX0g569 URvfb997244Nxhou8b2L0+4?N9m4NE6GL3x1sGc- rnntGubuntu-Server -END SSH HNST KEY KEYS- [ 28.459047] Cloud-init[1520): Cloud-init V. 25.1.4-0ubuntu0"22.04.1 inishe at Sun, 10 Aug 2025 22:02:43 +0000. Datasource [ atasourceNn? up 28.45 SPcnnds ubuntu Passuordd: running modules:final at Sun 10'
[2m2025-08-10T22:03:17.216308Z[0m [32m INFO[0m [2misotope::automation::puppet[0m[2m:[0m Debug screenshot captured: C:\Users\redst\OneDrive\Documents\GitHub\Isotope\debug-steps\post-71-1754863396.png
[2m2025-08-10T22:03:17.216609Z[0m [32m INFO[0m [2misotope::automation::puppet[0m[2m:[0m Executing instruction 5/32 (step 72): Press { key: "enter", repeat: None, modifiers: None }
[2m2025-08-10T22:03:18.492465Z[0m [32m INFO[0m [2misotope::automation::ocr[0m[2m:[0m OCR SUCCESS with 10s timeout (917ms): '[ 28.059589] 1oud-init [1483] enUS-UTF-. one [ 28.060282] Cloud-init [1483] Generation comlet Ubuntu 22.04.5 LTS ubuntu-server ttyl ubuntu-server login: [28.3921341 clou-init(1520]: Cloud-init v. 25.1.4-ouhnt 0"22.04 Ug 2025 22:02:43 +0000. Up 28.36 seconds Ci-infn: no Authorized SS keus fingerprints found for user ubuntu. (14>Aug 10 22:02:43 Cloud-init: #**::)*):)::***)AAaaan)*)*n*n*n*g*ann; <14>AUg 10 22:02:43 Cloud init: BEGIN SSH HOST KEY FINGERPRINTS- (14)Aug 10 22:02:43 Cloud-init: 256 SHA256: T52SVCF8RKMH20JIP 14+HH3YuEcnXuhky5chpGic root @ubuntu-server (ECDSA (14)Aug 10 22:02:43 Cloud-init: 256 SHA256: IkMyZ0VJYk5021924WV85XIRGUWLOJVLZeHDALEunLM rnnt@ubuntu)-server (ED25519 ) (14)Aug 10 22:02:43 Cloud-init: 3072 SHA256:B8R4TWbMGObS T44UDEH1FY3VpTFL3xvgpKggfnf Trs rnnt @uhuntul-Server (RSA) <14>AU: 10 22:02:43 Cloud-init:FND SSH HOST KEY FINGERPRTNTS-- (14>Aug 10 22:02:43 Cloud-init: #**::)*))::**))AAa))*)*)**n*ann; - BEGIN SSH HOST KEY KEYS- ecdsa-sha?-nisto256 AAAAE2V,j2HNhLXNOYTItbml2dHAYNTYAAAA Ibml2dHAUNTYAAABBBOdF tbXORdA+Z?+YSBeaHDAp IR34r j0sqJF4Z4V9GYfFGopk? jghXHI grLy3bg jL T/anD9c7B5L 2K8LHinGmec- rootdubuntu-Srver ssh-dd25519 AAAACSNzaC112DI1NTESAAAAILWhngP3gNS0on7J47H4BIJ4fOk6k4oht +B8bP InNR root @ubuntu-Server ssh-sa AAAAB3NZaC14C2EAAAADAOABAAABgOC5dCtDF9Y0FvS0zisJKoJ9rsku?I3kul2Ban?cD2upr08m5?49TH10H/h 180KAJ1b?PfRk???Rfbk?h?9ango TO 1HS 1 1uRAAXMW71ccsSoiuOnsZUDcH?S TaL Z?ZeFK?L 2JGuVU+?4S0X TEPK6FrF 18S51I6Lb1TU/0OAf TNZ?H+4rDRJHf 39GKN?W/?YF22HzR jv8?2fH2VB ESY,]+HMSF P+NFNTA,J1nd02U61yTSJYC80YLRCarAASCIn6DESXnVn?OCyAISOOMuT2HDWhruCkgCG+0a3RXZCOVAUV5XK fGXYVPBohVkdb T9Ou5XF2Z0SgFU3L+2ZF 6AfBgYdLe2Ka j0aa6 iTYCUXC92HV?KgMG4MXN1fg951dIpH+YG1D8h9HLoBGb/C 193IorUMnbt+pH4/4MogZIzh1hIg Is 76Tos69ehHrb6 iHh6Ce5uANPHYDEX0g569 URvfb997244Nxhou8b2L0+4?N9m4NE6GL3x1sGc- rnntGubuntu-Server -END SSH HNST KEY KEYS- [ 28.459047] Cloud-init[1520): Cloud-init V. 25.1.4-0ubuntu0"22.04.1 inishe at Sun, 10 Aug 2025 22:02:43 +0000. Datasource [ atasourceNn? up 28.45 SPcnnds ubuntu Passuordd: running modules:final at Sun 10'
[2m2025-08-10T22:03:18.493553Z[0m [32m INFO[0m [2misotope::automation::puppet[0m[2m:[0m Debug screenshot captured: C:\Users\redst\OneDrive\Documents\GitHub\Isotope\debug-steps\pre-72-1754863397.png
[2m2025-08-10T22:03:19.976117Z[0m [32m INFO[0m [2misotope::automation::ocr[0m[2m:[0m OCR SUCCESS with 10s timeout (1021ms): '[ 28.059589] 1oud-init [1483] enUS-UTF-. one [ 28.060282] Cloud-init [1483] Generation comlet Ubuntu 22.04.5 LTS ubuntu-server ttyl ubuntu-server login: [28.3921341 clou-init(1520]: Cloud-init v. 25.1.4-ouhnt 0"22.04 Ug 2025 22:02:43 +0000. Up 28.36 seconds Ci-infn: no Authorized SS keus fingerprints found for user ubuntu. (14>Aug 10 22:02:43 Cloud-init: #**::)*):)::***)AAaaan)*)*n*n*n*g*ann; <14>AUg 10 22:02:43 Cloud init: BEGIN SSH HOST KEY FINGERPRINTS- (14)Aug 10 22:02:43 Cloud-init: 256 SHA256: T52SVCF8RKMH20JIP 14+HH3YuEcnXuhky5chpGic root @ubuntu-server (ECDSA (14)Aug 10 22:02:43 Cloud-init: 256 SHA256: IkMyZ0VJYk5021924WV85XIRGUWLOJVLZeHDALEunLM rnnt@ubuntu)-server (ED25519 ) (14)Aug 10 22:02:43 Cloud-init: 3072 SHA256:B8R4TWbMGObS T44UDEH1FY3VpTFL3xvgpKggfnf Trs rnnt @uhuntul-Server (RSA) <14>AU: 10 22:02:43 Cloud-init:FND SSH HOST KEY FINGERPRTNTS-- (14>Aug 10 22:02:43 Cloud-init: #**::)*))::**))AAa))*)*)**n*ann; - BEGIN SSH HOST KEY KEYS- ecdsa-sha?-nisto256 AAAAE2V,j2HNhLXNOYTItbml2dHAYNTYAAAA Ibml2dHAUNTYAAABBBOdF tbXORdA+Z?+YSBeaHDAp IR34r j0sqJF4Z4V9GYfFGopk? jghXHI grLy3bg jL T/anD9c7B5L 2K8LHinGmec- rootdubuntu-Srver ssh-dd25519 AAAACSNzaC112DI1NTESAAAAILWhngP3gNS0on7J47H4BIJ4fOk6k4oht +B8bP InNR root @ubuntu-Server ssh-sa AAAAB3NZaC14C2EAAAADAOABAAABgOC5dCtDF9Y0FvS0zisJKoJ9rsku?I3kul2Ban?cD2upr08m5?49TH10H/h 180KAJ1b?PfRk???Rfbk?h?9ango TO 1HS 1 1uRAAXMW71ccsSoiuOnsZUDcH?S TaL Z?ZeFK?L 2JGuVU+?4S0X TEPK6FrF 18S51I6Lb1TU/0OAf TNZ?H+4rDRJHf 39GKN?W/?YF22HzR jv8?2fH2VB ESY,]+HMSF P+NFNTA,J1nd02U61yTSJYC80YLRCarAASCIn6DESXnVn?OCyAISOOMuT2HDWhruCkgCG+0a3RXZCOVAUV5XK fGXYVPBohVkdb T9Ou5XF2Z0SgFU3L+2ZF 6AfBgYdLe2Ka j0aa6 iTYCUXC92HV?KgMG4MXN1f g951dIpH+YG1D8h9HLoBGb/C 193IorUMnbt+pH4/4MogZIzh1hIg Is 76Tos69ehHrb6 iHh6Ce5uANPHYDEX0g569 URvfb997244Nxhou8b2L0+4xN9m4NE6GL3X1sGc- rnntoubuntu-server - E.ND SSH HOST KEY KEYS- [ 28.459047] Cloud-init[1520): Cloud-init V. 25.1.4-0ubuntu0"22.04.1 inishe at Sun, 10 Aug 2025 22:02:43 +0000. Datasource [ atasourceNn? up 28.45 SPcnnds ubuntu Passuordd: running modules:final at Sun 10'
[2m2025-08-10T22:03:19.976872Z[0m [32m INFO[0m [2misotope::automation::puppet[0m[2m:[0m Debug screenshot captured: C:\Users\redst\OneDrive\Documents\GitHub\Isotope\debug-steps\post-72-1754863398.png
[2m2025-08-10T22:03:19.977128Z[0m [32m INFO[0m [2misotope::automation::puppet[0m[2m:[0m Executing instruction 6/32 (step 73): Wait { duration: "2s", condition: None }
[2m2025-08-10T22:03:21.391082Z[0m [32m INFO[0m [2misotope::automation::ocr[0m[2m:[0m OCR SUCCESS with 10s timeout (1056ms): '(14)AUe 10 22:02:43 Clold-init: 256 SHA256: T52SVCF8RKMHZ0JIP i4+HH3YuEchXuhky5c8hp.jc nnt @ubuntu-server (ECDSA 14>AuE 10 22:02:43 Cloud-init: 256 SHA256: Ikh4Z0VJYK5021924uVB5XIRGUWLO.JVLZeHDALEunLM root?ubunt-server (ED25519) 14>AuE 10 22:02:43 Cloud-init: 3072 SHA255:88R4TWbMGObS:J44UDEHIFY3VpTFL3xvgpkggfnf Trs rnnt @uhuntu-SArver (RSAX :147AUS 10 22:02:43 Cloud-init: FND SSH HOST KEY FINGERPRTNTS-- 14>AUe 10 22:02:43 cloud-init: #####:?:?:?H?H?H?H?HHHHHHHHHHHHHHHHHHHHHHHnHnHnHnHnHnHnHHH - BEGTN SSH HOST KEY KEYS- ecdsa-sha?-nisto256 AAAAE2V,j2HNhLXNOYTItbml2dHAYNTYAAAA Ibml2dHAUNTYAAABBBOdF tbXORdA+Z?+YSBeaHDAp IR34r j0sqJF4Z4V9GYfFGopk? jghXHI arLySbg iL T/anD9c785 2K8LInGmec- rootdubuntu-srve ssh-d25519 AAAACSNzaC112DI1NTESAAAAILWhngP3gNS0on7J47H4BIJ4f0k6k4oht +B8bP InNR root @ubuntu-Server ssh-rsa AAAABSNZaCIyCZEAAAADAOABAAAB OC5dCt DF9YOFVSOZ1SJK0JSrLskuuI3kul2BangcD2upr08m5049IHi0H/h1 180KAJ1bMPfRKBgARfbkGhX9ang0. TO 1HS 1 1gURAAXMOW71ccsSo9 iu0nszUDcH?S Tal 2?ZeFKVL 2JG?4VU+d4SOX IEPK6FrF 18s51I6Lb?TU/0p3f TNZ?H?4?DRJMf 39GKN?W?/ZYF2ZHZR jvBXZHZVB ESY j +HMSF jP+NFNTAJ1nd02U6 14TSJYC8OYLRCOrAASCInGOESXnVn?OCyAISOOMuT2HOWhruCkgCG +0a3RXZCOVAUV5XK fGXYVPBOhVkdb T9OU5XF2Z0SgFU3L+2ZF 6AfBgYdLe2Ka j0aa6 iTYCUXC92HV?KgMG4MXN1f g951dIpH+YG1D8h9HLoBGb/C 193IorUMnbt+pH4/4MogZIzh1hIg Is 76Tos69ehHrb6 iHh6Ce5uANPHYDEX0g569 URvfb997244Nxhou8b2L0+4xNmNE6GL3x1sGc- rnnt@ubuntu-Server --END SSH HOST KEY KEYS- [ 28.459047] cloudd-init (1520] Gnudd-init V 25.1.4-0ubuntu0"22.04. finishe at Sun, 10 Aug 2025 22:02:4 +0000. Datasource D atasourceNone. Up 28.45 Secnnds ubunti Passuordd: Helcom to Ubunt 22.04.5 LTS (GNU/Linux 5.15.0-151-generic X66_64) * Documentation: https:helpubuntu.com Management: httns:landscape.cannnicalcom Support: httns: uhuntu.com/pro sustem information disabled due to 1nad higher than 2.0 Expanded securitu Maintenance for Applicatinns is not enahled 50 updates can be applied immediately To see these additional updates run: apt list -upgradable EnabJe ESM Apps to receive additional future securitu updates See https:ubuntu.com/esm or run: sudn pro Status The programs included with the Ubuntu sustem are fre software; the exact distribution terms for each program are described in the individual files in usr/share/doc/*/copuright. Ubuntu comes With ABSOLUTELY NO WARRANTY to the extent permitted by applicable law. To runa rnmmand as administratn user root)usesudo <command> See man sudo oot for details ubuntuduhuntu-server:'
[2m2025-08-10T22:03:21.392096Z[0m [32m INFO[0m [2misotope::automation::puppet[0m[2m:[0m Debug screenshot captured: C:\Users\redst\OneDrive\Documents\GitHub\Isotope\debug-steps\pre-73-1754863400.png
[2m2025-08-10T22:03:21.392376Z[0m [32m INFO[0m [2misotope::automation::puppet[0m[2m:[0m Waiting for 2s
[2m2025-08-10T22:03:24.926880Z[0m [32m INFO[0m [2misotope::automation::ocr[0m[2m:[0m OCR SUCCESS with 10s timeout (1166ms): '(14)AUe 10 22:02:43 Clold-init: 256 SHA256: T52SVCF8RKMHZ0JIP i4+HH3YuEchXuhky5c8hp.jc nnt @ubuntu-server (ECDSA 14>AuE 10 22:02:43 Cloud-init: 256 SHA256: Ikh4Z0VJYK5021924uVB5XIRGUWLO.JVLZeHDALEunLM root?ubunt-server (ED25519) 14>AuE 10 22:02:43 Cloud-init: 3072 SHA255:88R4TWbMGObS:J44UDEHIFY3VpTFL3xvgpkggfnf Trs rnnt @uhuntu-SArver (RSAX :147AUS 10 22:02:43 Cloud-init: FND SSH HOST KEY FINGERPRTNTS-- 14>AUe 10 22:02:43 cloud-init: #####:?:?:?H?H?H?H?HHHHHHHHHHHHHHHHHHHHHHHnHnHnHnHnHnHnHHH - BEGTN SSH HOST KEY KEYS- ecdsa-sha?-nisto256 AAAAE2V,j2HNhLXNOYTItbml2dHAYNTYAAAA Ibml2dHAUNTYAAABBBOdF tbXORdA+Z?+YSBeaHDAp IR34r j0sqJF4Z4V9GYfFGopk? jghXHI arLySbg iL T/anD9c785 2K8LInGmec- rootdubuntu-srve ssh-d25519 AAAACSNzaC112DI1NTESAAAAILWhngP3gNS0on7J47H4BIJ4f0k6k4oht +B8bP InNR root @ubuntu-Server ssh-rsa AAAABSNZaCIyCZEAAAADAOABAAAB OC5dCt DF9YOFVSOZ1SJK0JSrLskuuI3kul2BangcD2upr08m5049IHi0H/h1 180KAJ1bMPfRKBgARfbkGhX9ang0. TO 1HS 1 1gURAAXMOW71ccsSo9 iu0nszUDcH?S Tal 2?ZeFKVL 2JG?4VU+d4SOX IEPK6FrF 18s51I6Lb?TU/0p3f TNZ?H?4?DRJMf 39GKN?W?/ZYF2ZHZR jvBXZHZVB ESY j +HMSF jP+NFNTAJ1nd02U6 14TSJYC8OYLRCOrAASCInGOESXnVn?OCyAISOOMuT2HOWhruCkgCG +0a3RXZCOVAUV5XK fGXYVPBOhVkdb T9OU5XF2Z0SgFU3L+2ZF 6AfBgYdLe2Ka j0aa6 iTYCUXC92HV?KgMG4MXN1f g951dIpH+YG1D8h9HLoBGb/C 193IorUMnbt+pH4/4MogZIzh1hIg Is 76Tos69ehHrb6 iHh6Ce5uANPHYDEX0g569 URvfb997244Nxhou8b2L0+4xNmNE6GL3x1sGc- rnnt@ubuntu-Server --END SSH HOST KEY KEYS- [ 28.459047] cloudd-init (1520] Gnudd-init V 25.1.4-0ubuntu0"22.04. finishe at Sun, 10 Aug 2025 22:02:4 +0000. Datasource D atasourceNone. Up 28.45 Secnnds ubunti Passuordd: Helcom to Ubunt 22.04.5 LTS (GNU/Linux 5.15.0-151-generic X66_64) * Documentation: https:helpubuntu.com Management: httns:landscape.cannnicalcom Support: httns: uhuntu.com/pro sustem information disabled due to 1nad higher than 2.0 Expanded securitu Maintenance for Applicatinns is not enahled 50 updates can be applied immediately To see these additional updates run: apt list -upgradable EnabJe ESM Apps to receive additional future securitu updates See https:ubuntu.com/esm or run: sudn pro Status The programs included with the Ubuntu sustem are fre software; the exact distribution terms for each program are described in the individual files in usr/share/doc/*/copuright. Ubuntu comes With ABSNI ITELY NN WARRANTY to the extent permitted by applicable law. To runa command as administrator (user root) usesudo <command> See man sudo oot for details ubuntuduhuntu-server:'
[2m2025-08-10T22:03:24.929127Z[0m [32m INFO[0m [2misotope::automation::puppet[0m[2m:[0m Debug screenshot captured: C:\Users\redst\OneDrive\Documents\GitHub\Isotope\debug-steps\post-73-1754863403.png
[2m2025-08-10T22:03:24.929430Z[0m [32m INFO[0m [2misotope::automation::puppet[0m[2m:[0m Executing instruction 7/32 (step 74): Type { text: "sudo mkdir -p /etc/sudoers.d" }
[2m2025-08-10T22:03:26.329368Z[0m [32m INFO[0m [2misotope::automation::ocr[0m[2m:[0m OCR SUCCESS with 10s timeout (1036ms): '(14)AUe 10 22:02:43 Clold-init: 256 SHA256: T52SVCF8RKMHZ0JIP i4+HH3YuEchXuhky5c8hp.jc nnt @ubuntu-server (ECDSA 14>AuE 10 22:02:43 Cloud-init: 256 SHA256: Ikh4Z0VJYK5021924uVB5XIRGUWLO.JVLZeHDALEunLM root?ubunt-server (ED25519) 14>AuE 10 22:02:43 Cloud-init: 3072 SHA255:88R4TWbMGObS:J44UDEHIFY3VpTFL3xvgpkggfnf Trs rnnt @uhuntu-SArver (RSAX :147AUS 10 22:02:43 Cloud-init: FND SSH HOST KEY FINGERPRTNTS-- 14>AUe 10 22:02:43 cloud-init: #####:?:?:?H?H?H?H?HHHHHHHHHHHHHHHHHHHHHHHnHnHnHnHnHnHnHHH - BEGTN SSH HOST KEY KEYS- ecdsa-sha?-nisto256 AAAAE2V,j2HNhLXNOYTItbml2dHAYNTYAAAA Ibml2dHAUNTYAAABBBOdF tbXORdA+Z?+YSBeaHDAp IR34r j0sqJF4Z4V9GYfFGopk? jghXHI arLySbg iL T/anD9c785 2K8LInGmec- rootdubuntu-srve ssh-d25519 AAAACSNzaC112DI1NTESAAAAILWhngP3gNS0on7J47H4BIJ4f0k6k4oht +B8bP InNR root @ubuntu-Server ssh-rsa AAAABSNZaCIyCZEAAAADAOABAAAB OC5dCt DF9YOFVSOZ1SJK0JSrLskuuI3kul2BangcD2upr08m5049IHi0H/h1 180KAJ1bMPfRKBgARfbkGhX9ang0. TO 1HS 1 1gURAAXMOW71ccsSo9 iu0nszUDcH?S Tal 2?ZeFKVL 2JG?4VU+d4SOX IEPK6FrF 18s51I6Lb?TU/0p3f TNZ?H?4?DRJMf 39GKN?W?/ZYF2ZHZR jvBXZHZVB ESY j +HMSF jP+NFNTAJ1nd02U6 14TSJYC8OYLRCOrAASCInGOESXnVn?OCyAISOOMuT2HOWhruCkgCG +0a3RXZCOVAUV5XK fGXYVPBOhVkdb T9OU5XF2Z0SgFU3L+2ZF 6AfBgYdLe2Ka j0aa6 iTYCUXC92HV?KgMG4MXN1f g951dIpH+YG1D8h9HLoBGb/C 193IorUMnbt+pH4/4MogZIzh1hIg Is 76Tos69ehHrb6 iHh6Ce5uANPHYDEX0g569 URvfb997244Nxhou8b2L0+4xNmNE6GL3x1sGc- rnnt@ubuntu-Server --END SSH HOST KEY KEYS- [ 28.459047] cloudd-init (1520] Gnudd-init V 25.1.4-0ubuntu0"22.04. finishe at Sun, 10 Aug 2025 22:02:4 +0000. Datasource D atasourceNone. Up 28.45 Secnnds ubunti Passuordd: Helcom to Ubunt 22.04.5 LTS (GNU/Linux 5.15.0-151-generic X66_64) * Documentation: https:helpubuntu.com Management: httns:landscape.cannnicalcom Support: httns: uhuntu.com/pro sustem information disabled due to 1nad higher than 2.0 Expanded securitu Maintenance for Applicatinns is not enahled 50 updates can be applied immediately To see these additional updates run: apt list -upgradable EnabJe ESM Apps to receive additional future securitu updates See https:ubuntu.com/esm or run: sudn pro Status The programs included with the Ubuntu sustem are fre software; the exact distribution terms for each program are described in the individual files in usr/share/doc/*/copuright. Ubuntu comes With ABSNI ITELY NN WARRANTY to the extent permitted by applicable law. To runa command as administrator (user root) usesudo <command> See man sudo oot for details ubuntuduhuntu-server:'
[2m2025-08-10T22:03:26.331337Z[0m [32m INFO[0m [2misotope::automation::puppet[0m[2m:[0m Debug screenshot captured: C:\Users\redst\OneDrive\Documents\GitHub\Isotope\debug-steps\pre-74-1754863405.png
[2m2025-08-10T22:03:26.331949Z[0m [32m INFO[0m [2misotope::automation::keypress[0m[2m:[0m Typing text to VM isotope-vm-eb5a0615: 'sudo mkdir -p /etc/sudoers.d'
[2m2025-08-10T22:03:28.402276Z[0m [32m INFO[0m [2misotope::automation::ocr[0m[2m:[0m OCR SUCCESS with 10s timeout (1046ms): '(14)AUe 10 22:02:43 Clold-init: 256 SHA256: T52SVCF8RKMHZ0JIP i4+HH3YuEchXuhky5c8hp.jc nnt @ubuntu-server (ECDSA 14>AuE 10 22:02:43 Cloud-init: 256 SHA256: Ikh4Z0VJYK5021924uVB5XIRGUWLO.JVLZeHDALEunLM root?ubunt-server (ED25519) 14>AuE 10 22:02:43 Cloud-init: 3072 SHA255:88R4TWbMGObS:J44UDEHIFY3VpTFL3xvgpkggfnf Trs rnnt @uhuntu-SArver (RSAX :147AUS 10 22:02:43 Cloud-init: FND SSH HOST KEY FINGERPRTNTS-- 14>AUe 10 22:02:43 cloud-init: #####:?:?:?H?H?H?H?HHHHHHHHHHHHHHHHHHHHHHHnHnHnHnHnHnHnHHH - BEGTN SSH HOST KEY KEYS- ecdsa-sha?-nisto256 AAAAE2V,j2HNhLXNOYTItbml2dHAYNTYAAAA Ibml2dHAUNTYAAABBBOdF tbXORdA+Z?+YSBeaHDAp IR34r j0sqJF4Z4V9GYfFGopk? jghXHI arLySbg iL T/anD9c785 2K8LInGmec- rootdubuntu-srve ssh-d25519 AAAACSNzaC112DI1NTESAAAAILWhngP3gNS0on7J47H4BIJ4f0k6k4oht +B8bP InNR root @ubuntu-Server ssh-rsa AAAABSNZaCIyCZEAAAADAOABAAAB OC5dCt DF9YOFVSOZ1SJK0JSrLskuuI3kul2BangcD2upr08m5049IHi0H/h1 180KAJ1bMPfRKBgARfbkGhX9ang0. TO 1HS 1 1gURAAXMOW71ccsSo9 iu0nszUDcH?S Tal 2?ZeFKVL 2JG?4VU+d4SOX IEPK6FrF 18s51I6Lb?TU/0p3f TNZ?H?4?DRJMf 39GKN?W?/ZYF2ZHZR jvBXZHZVB ESY j +HMSF jP+NFNTAJ1nd02U6 14TSJYC8OYLRCOrAASCInGOESXnVn?OCyAISOOMuT2HOWhruCkgCG +0a3RXZCOVAUV5XK fGXYVPBOhVkdb T9OU5XF2Z0SgFU3L+2ZF 6AfBgYdLe2Ka j0aa6 iTYCUXC92HV?KgMG4MXN1f g951dIpH+YG1D8h9HLoBGb/C 193IorUMnbt+pH4/4MogZIzh1hIg Is 76Tos69ehHrb6 iHh6Ce5uANPHYDEX0g569 URvfb997244Nxhou8b2L0+4xNmNE6GL3x1sGc- rnnt@ubuntu-Server --END SSH HOST KEY KEYS- [ 28.459047] cloudd-init (1520] Gnudd-init V 25.1.4-0ubuntu0"22.04. finishe at Sun, 10 Aug 2025 22:02:4 +0000. Datasource D atasourceNone. Up 28.45 Secnnds ubunti Passuordd: Helcom to Ubunt 22.04.5 LTS (GNU/Linux 5.15.0-151-generic X66_64) * Documentation: https:helpubuntu.com Management: httns:landscape.cannnicalcom Support: httns: uhuntu.com/pro sustem information disabled due to 1nad higher than 2.0 Expanded securitu Maintenance for Applicatinns is not enahled 50 updates can be applied immediately To see these additional updates run: apt list -upgradable EnabJe ESM Apps to receive additional future securitu updates see https:ubuntu.com/esm or run: sudn pro Status The programs included with the Ubuntu sustem are fre software; the exact distribution terms for each program are described in the individual files in usr/share/doc/*/copuright. Ubuntu comes With ABSNIITELY NN WARRANTY to the extent permitted by applicable laW. To run  command as administratn (user tuse sudo <command> See man sudo root for details ubuntuauhuntu-server: do mkdir -p etc/sudoers.'
[2m2025-08-10T22:03:28.404189Z[0m [32m INFO[0m [2misotope::automation::puppet[0m[2m:[0m Debug screenshot captured: C:\Users\redst\OneDrive\Documents\GitHub\Isotope\debug-steps\post-74-1754863407.png
[2m2025-08-10T22:03:28.404457Z[0m [32m INFO[0m [2misotope::automation::puppet[0m[2m:[0m Executing instruction 8/32 (step 75): Press { key: "enter", repeat: None, modifiers: None }
[2m2025-08-10T22:03:29.813044Z[0m [32m INFO[0m [2misotope::automation::ocr[0m[2m:[0m OCR SUCCESS with 10s timeout (1051ms): '(14)AUe 10 22:02:43 Clold-init: 256 SHA256: T52SVCF8RKMHZ0JIP i4+HH3YuEchXuhky5c8hp.jc nnt @ubuntu-server (ECDSA 14>AuE 10 22:02:43 Cloud-init: 256 SHA256: Ikh4Z0VJYK5021924uVB5XIRGUWLO.JVLZeHDALEunLM root?ubunt-server (ED25519) 14>AuE 10 22:02:43 Cloud-init: 3072 SHA255:88R4TWbMGObS:J44UDEHIFY3VpTFL3xvgpkggfnf Trs rnnt @uhuntu-SArver (RSAX :147AUS 10 22:02:43 Cloud-init: FND SSH HOST KEY FINGERPRTNTS-- 14>AUe 10 22:02:43 cloud-init: #####:?:?:?H?H?H?H?HHHHHHHHHHHHHHHHHHHHHHHnHnHnHnHnHnHnHHH - BEGTN SSH HOST KEY KEYS- ecdsa-sha?-nisto256 AAAAE2V,j2HNhLXNOYTItbml2dHAYNTYAAAA Ibml2dHAUNTYAAABBBOdF tbXORdA+Z?+YSBeaHDAp IR34r j0sqJF4Z4V9GYfFGopk? jghXHI arLySbg iL T/anD9c785 2K8LInGmec- rootdubuntu-srve ssh-d25519 AAAACSNzaC112DI1NTESAAAAILWhngP3gNS0on7J47H4BIJ4f0k6k4oht +B8bP InNR root @ubuntu-Server ssh-rsa AAAABSNZaCIyCZEAAAADAOABAAAB OC5dCt DF9YOFVSOZ1SJK0JSrLskuuI3kul2BangcD2upr08m5049IHi0H/h1 180KAJ1bMPfRKBgARfbkGhX9ang0. TO 1HS 1 1gURAAXMOW71ccsSo9 iu0nszUDcH?S Tal 2?ZeFKVL 2JG?4VU+d4SOX IEPK6FrF 18s51I6Lb?TU/0p3f TNZ?H?4?DRJMf 39GKN?W?/ZYF2ZHZR jvBXZHZVB ESY j +HMSF jP+NFNTAJ1nd02U6 14TSJYC8OYLRCOrAASCInGOESXnVn?OCyAISOOMuT2HOWhruCkgCG +0a3RXZCOVAUV5XK fGXYVPBOhVkdb T9OU5XF2Z0SgFU3L+2ZF 6AfBgYdLe2Ka j0aa6 iTYCUXC92HV?KgMG4MXN1f g951dIpH+YG1D8h9HLoBGb/C 193IorUMnbt+pH4/4MogZIzh1hIg Is 76Tos69ehHrb6 iHh6Ce5uANPHYDEX0g569 URvfb997244Nxhou8b2L0+4xNmNE6GL3x1sGc- rnnt@ubuntu-Server --END SSH HOST KEY KEYS- [ 28.459047] cloudd-init (1520] Gnudd-init V 25.1.4-0ubuntu0"22.04. finishe at Sun, 10 Aug 2025 22:02:4 +0000. Datasource D atasourceNone. Up 28.45 Secnnds ubunti Passuordd: Helcom to Ubunt 22.04.5 LTS (GNU/Linux 5.15.0-151-generic X66_64) * Documentation: https:helpubuntu.com Management: httns:landscape.cannnicalcom Support: httns: uhuntu.com/pro sustem information disabled due to 1nad higher than 2.0 Expanded securitu Maintenance for Applicatinns is not enahled 50 updates can be applied immediately To see these additional updates run: apt list -upgradable EnabJe ESM Apps to receive additional future securitu updates see https:ubuntu.com/esm or run: sudn pro Status The programs included with the Ubuntu sustem are fre software; the exact distribution terms for each program are described in the individual files in usr/share/doc/*/copuright. Ubuntu comes With ABSNIITELY NN WARRANTY to the extent permitted by applicable laW. To run  command as administratn (user tuse sudo <command> See man sudo root for details ubuntuauhuntu-server: do mkdir -p etc/sudoers.'
[2m2025-08-10T22:03:29.815114Z[0m [32m INFO[0m [2misotope::automation::puppet[0m[2m:[0m Debug screenshot captured: C:\Users\redst\OneDrive\Documents\GitHub\Isotope\debug-steps\pre-75-1754863408.png
[2m2025-08-10T22:03:31.242568Z[0m [32m INFO[0m [2misotope::automation::ocr[0m[2m:[0m OCR SUCCESS with 10s timeout (969ms): '(14>Aug 10 22:02:43 Clol-init: 256 SHA256: Ikn420VJYk5021924WVB5XIRGUW N.TV ZeHDALEunLM root@uhuntu-server (F025519) 14>AuE 10 22:02:43 Cloud-init: 3072 SHA256:B8R4TWbMGObS:J44U0EH1F Y3VpTFL3xvgpkggfnf Trs rnot@ubuntu-Server (RSA) :147Aug 10 22:02:43 Cloud init: FND SSH HOST KEY FTNGFRPRTNTS- 114>AU: 10 22:02:43 Cloud-init: #Haahhhhhhhhhhhhhhhhhhhhnhnhnhhhh RFGTN SSH HOST KEY KEYS- eCdsa-sha2-nisto256 AAAAE2V,12HNhL XNOYTIt bm/2dHAUNTYAAAA Ibm/2dHAUNTYAAABBBOdF tbXORdAl+Z?+YSRPAHnAn IR34r j0sq.F424V9GYfFGopK?.jghXHI arLysbg iLT/anD9c785L2K8LInGmec- rootdubuntu-server ssh-ed25519 AAAACSNZaC112DI1NTESAAAAILWhngPs3g?S00n7J47H4BI.T4HfOk6H4oht +B8bP InNR root @ubuntu-Server ssh-sa AAAABSNZaCIyC2EAAAADAOABAAAB OCSdCtDFSYOFvSOzisJKoJrLskuuI3kul2Ban?co2upr08m5?49THioH/rb1i80KAJ1bMPfRk??RfbkCh:9ango TO 1HS 1 1URAAXMOW71ccsSg9iuOnszUDcM?s TaL. Z?ZeFK?L2JGHuVU+d4S0X IEPK6FF I8s51I6Lb?TU/OOSf TNZrH+4DRJMf 39GKNOW/ZYF22H2R jv8?ZfHNZVB ESY j +HMSF jP+NFNTAJ1nd02U61yTSJYC8OYLRCgrAASCInGOESXnVn?OCyAISOOMuT2HONhruCkgCG+0a3RXZCOVAUV5XK fGXYVPBOhVkdb T9OU5XF2Z0SgFU3L+2ZF 6AfBgYdLe2Ka j0aa6 1TYCUXC92HV?KgMG4MXN1f g951dIpH+YG1D8h9HLoBGb/C 193IorU?nbt+pH4/4MogZIzh1hIg Is 76Tos69ehHrb6 1Hh6Ce5uANPHYDEX0g569 URvfb997244Nxhou8b2L0+4xN9mgNE6GL3x1sGc- rnnt dubuntu-server FND SSH HOST KEY KEYS- [ 28.459047) Cloud-init [1520] Cloud-init V. 25.1.4-0ubuntu0"77.04. inishe at Sun, 10 Aug 2025 22:02:43 +0000. Datasource [ atasourceNone.up 28.45 Secnnds ubunti Passuordd: Helcome to Ubunti 22.04.5 LTS (GNU/Linux 5.15.0-151-generic X86 64) * Documentation: https:helpubuntu.com Management: httns:landscape.rannnical.com Support: httns: uhuntu.com/pro sustem information disabled due to Inad higher than 2.0 Expanded Securitu Maintenance for Applications is not enahled. 50 updates can be applied immediately. To see these additional updates run: apt list -upgradable EnabJe ESM Apps to receive additional future security updates See https:ubuntu.com/esm or run: Sudo pro status The programs included with the Ubuntu sustem are fre software; the exact distribution terms for each program are described in the individual files in usr/share/doc/*copuright Ubuntu comes With ABSOLUTELY NO WARRANTY to the extent permitted bu applicable law. To runa command as administrator (user t ussudo <command> See man sudo root for details ubuntudubuntu-server: sudo mkdirp etr/sudners. [sudo] passuord for ubunt:'
[2m2025-08-10T22:03:31.245372Z[0m [32m INFO[0m [2misotope::automation::puppet[0m[2m:[0m Debug screenshot captured: C:\Users\redst\OneDrive\Documents\GitHub\Isotope\debug-steps\post-75-1754863410.png
[2m2025-08-10T22:03:31.245702Z[0m [32m INFO[0m [2misotope::automation::puppet[0m[2m:[0m Executing instruction 9/32 (step 76): Type { text: "ubuntu" }
[2m2025-08-10T22:03:32.529738Z[0m [32m INFO[0m [2misotope::automation::ocr[0m[2m:[0m OCR SUCCESS with 10s timeout (926ms): '(14>Aug 10 22:02:43 Clol-init: 256 SHA256: Ikn420VJYk5021924WVB5XIRGUW N.TV ZeHDALEunLM root@uhuntu-server (F025519) 14>AuE 10 22:02:43 Cloud-init: 3072 SHA256:B8R4TWbMGObS:J44U0EH1F Y3VpTFL3xvgpkggfnf Trs rnot@ubuntu-Server (RSA) :147Aug 10 22:02:43 Cloud init: FND SSH HOST KEY FTNGFRPRTNTS- 114>AU: 10 22:02:43 Cloud-init: #Haahhhhhhhhhhhhhhhhhhhhnhnhnhhhh RFGTN SSH HOST KEY KEYS- eCdsa-sha2-nisto256 AAAAE2V,12HNhL XNOYTIt bm/2dHAUNTYAAAA Ibm/2dHAUNTYAAABBBOdF tbXORdAl+Z?+YSRPAHnAn IR34r j0sq.F424V9GYfFGopK?.jghXHI arLysbg iLT/anD9c785L2K8LInGmec- rootdubuntu-server ssh-ed25519 AAAACSNZaC112DI1NTESAAAAILWhngPs3g?S00n7J47H4BI.T4HfOk6H4oht +B8bP InNR root @ubuntu-Server ssh-sa AAAABSNZaCIyC2EAAAADAOABAAAB OCSdCtDFSYOFvSOzisJKoJrLskuuI3kul2Ban?co2upr08m5?49THioH/rb1i80KAJ1bMPfRk??RfbkCh:9ango TO 1HS 1 1URAAXMOW71ccsSg9iuOnszUDcM?s TaL. Z?ZeFK?L2JGHuVU+d4S0X IEPK6FF I8s51I6Lb?TU/OOSf TNZrH+4DRJMf 39GKNOW/ZYF22H2R jv8?ZfHNZVB ESY j +HMSF jP+NFNTAJ1nd02U61yTSJYC8OYLRCgrAASCInGOESXnVn?OCyAISOOMuT2HONhruCkgCG+0a3RXZCOVAUV5XK fGXYVPBOhVkdb T9OU5XF2Z0SgFU3L+2ZF 6AfBgYdLe2Ka j0aa6 1TYCUXC92HV?KgMG4MXN1f g951dIpH+YG1D8h9HLoBGb/C 193IorU?nbt+pH4/4MogZIzh1hIg Is 76Tos69ehHrb6 1Hh6Ce5uANPHYDEX0g569 URvfb997244Nxhou8b2L0+4xN9mgNE6GL3x1sGc- rnnt dubuntu-server FND SSH HOST KEY KEYS- [ 28.459047) Cloud-init [1520] Cloud-init V. 25.1.4-0ubuntu0"77.04. inishe at Sun, 10 Aug 2025 22:02:43 +0000. Datasource [ atasourceNone.up 28.45 Secnnds ubunti Passuordd: Helcome to Ubunti 22.04.5 LTS (GNU/Linux 5.15.0-151-generic X86 64) * Documentation: https:helpubuntu.com Management: httns:landscape.rannnical.com Support: httns: uhuntu.com/pro sustem information disabled due to Inad higher than 2.0 Expanded Securitu Maintenance for Applications is not enahled. 50 updates can be applied immediately. To see these additional updates run: apt list -upgradable EnabJe ESM Apps to receive additional future security updates See https:ubuntu.com/esm or run: Sudo pro status The programs included with the Ubuntu sustem are fre software; the exact distribution terms for each program are described in the individual files in usr/share/doc/*copuright Ubuntu comes With ABSOLUTELY NO WARRANTY to the extent permitted bu applicable law. To run a command as administrator (user t) ussudocommand> See man sudo root for details ubuntuubuntu-server: sudo mkdi et/sudners.d [sudo] passord for ubuntu:'
[2m2025-08-10T22:03:32.530436Z[0m [32m INFO[0m [2misotope::automation::puppet[0m[2m:[0m Debug screenshot captured: C:\Users\redst\OneDrive\Documents\GitHub\Isotope\debug-steps\pre-76-1754863411.png
[2m2025-08-10T22:03:32.530915Z[0m [32m INFO[0m [2misotope::automation::keypress[0m[2m:[0m Typing text to VM isotope-vm-eb5a0615: 'ubuntu'
[2m2025-08-10T22:03:34.037959Z[0m [32m INFO[0m [2misotope::automation::ocr[0m[2m:[0m OCR SUCCESS with 10s timeout (951ms): '(14>Aug 10 22:02:43 Clol-init: 256 SHA256: Ikn420VJYk5021924WVB5XIRGUW N.TV ZeHDALEunLM root@uhuntu-server (F025519) 14>AuE 10 22:02:43 Cloud-init: 3072 SHA256:B8R4TWbMGObS:J44U0EH1F Y3VpTFL3xvgpkggfnf Trs rnot@ubuntu-Server (RSA) :147Aug 10 22:02:43 Cloud init: FND SSH HOST KEY FTNGFRPRTNTS- 114>AU: 10 22:02:43 Cloud-init: #Haahhhhhhhhhhhhhhhhhhhhnhnhnhhhh RFGTN SSH HOST KEY KEYS- eCdsa-sha2-nisto256 AAAAE2V,12HNhL XNOYTIt bm/2dHAUNTYAAAA Ibm/2dHAUNTYAAABBBOdF tbXORdAl+Z?+YSRPAHnAn IR34r j0sq.F424V9GYfFGopK?.jghXHI arLysbg iLT/anD9c785L2K8LInGmec- rootdubuntu-server ssh-ed25519 AAAACSNZaC112DI1NTESAAAAILWhngPs3g?S00n7J47H4BI.T4HfOk6H4oht +B8bP InNR root @ubuntu-Server ssh-sa AAAABSNZaCIyC2EAAAADAOABAAAB OCSdCtDFSYOFvSOzisJKoJrLskuuI3kul2Ban?co2upr08m5?49THioH/rb1i80KAJ1bMPfRk??RfbkCh:9ango TO 1HS 1 1URAAXMOW71ccsSg9iuOnszUDcM?s TaL. Z?ZeFK?L2JGHuVU+d4S0X IEPK6FF I8s51I6Lb?TU/OOSf TNZrH+4DRJMf 39GKNOW/ZYF22H2R jv8?ZfHNZVB ESY j +HMSF jP+NFNTAJ1nd02U61yTSJYC8OYLRCgrAASCInGOESXnVn?OCyAISOOMuT2HONhruCkgCG+0a3RXZCOVAUV5XK fGXYVPBOhVkdb T9OU5XF2Z0SgFU3L+2ZF 6AfBgYdLe2Ka j0aa6 1TYCUXC92HV?KgMG4MXN1f g951dIpH+YG1D8h9HLoBGb/C 193IorU?nbt+pH4/4MogZIzh1hIg Is 76Tos69ehHrb6 1Hh6Ce5uANPHYDEX0g569 URvfb997244Nxhou8b2L0+4xN9mgNE6GL3x1sGc- rnnt dubuntu-server FND SSH HOST KEY KEYS- [ 28.459047) Cloud-init [1520] Cloud-init V. 25.1.4-0ubuntu0"77.04. inishe at Sun, 10 Aug 2025 22:02:43 +0000. Datasource [ atasourceNone.up 28.45 Secnnds ubunti Passuordd: Helcome to Ubunti 22.04.5 LTS (GNU/Linux 5.15.0-151-generic X86 64) * Documentation: https:helpubuntu.com Management: httns:landscape.rannnical.com Support: httns: uhuntu.com/pro sustem information disabled due to Inad higher than 2.0 Expanded Securitu Maintenance for Applications is not enahled. 50 updates can be applied immediately. To see these additional updates run: apt list -upgradable EnabJe ESM Apps to receive additional future security updates See https:ubuntu.com/esm or run: Sudo pro status The programs included with the Ubuntu sustem are fre software; the exact distribution terms for each program are described in the individual files in usr/share/doc/*copuright Ubuntu comes With ABSOLUTELY NO WARRANTY to the extent permitted bu applicable law. To run a command as administrator (user t) ussudocommand> See man sudo root for details ubuntuubuntu-server: sudo mkdi et/sudners.d [sudo] passord for ubuntu:'
[2m2025-08-10T22:03:34.039744Z[0m [32m INFO[0m [2misotope::automation::puppet[0m[2m:[0m Debug screenshot captured: C:\Users\redst\OneDrive\Documents\GitHub\Isotope\debug-steps\post-76-1754863413.png
[2m2025-08-10T22:03:34.040073Z[0m [32m INFO[0m [2misotope::automation::puppet[0m[2m:[0m Executing instruction 10/32 (step 77): Press { key: "enter", repeat: None, modifiers: None }
[2m2025-08-10T22:03:35.551675Z[0m [32m INFO[0m [2misotope::automation::ocr[0m[2m:[0m OCR SUCCESS with 10s timeout (1152ms): '(14>Aug 10 22:02:43 Clol-init: 256 SHA256: Ikn420VJYk5021924WVB5XIRGUW N.TV ZeHDALEunLM root@uhuntu-server (F025519) 14>AuE 10 22:02:43 Cloud-init: 3072 SHA256:B8R4TWbMGObS:J44U0EH1F Y3VpTFL3xvgpkggfnf Trs rnot@ubuntu-Server (RSA) :147Aug 10 22:02:43 Cloud init: FND SSH HOST KEY FTNGFRPRTNTS- 114>AU: 10 22:02:43 Cloud-init: #Haahhhhhhhhhhhhhhhhhhhhnhnhnhhhh RFGTN SSH HOST KEY KEYS- eCdsa-sha2-nisto256 AAAAE2V,12HNhL XNOYTIt bm/2dHAUNTYAAAA Ibm/2dHAUNTYAAABBBOdF tbXORdAl+Z?+YSRPAHnAn IR34r j0sq.F424V9GYfFGopK?.jghXHI arLysbg iLT/anD9c785L2K8LInGmec- rootdubuntu-server ssh-ed25519 AAAACSNZaC112DI1NTESAAAAILWhngPs3g?S00n7J47H4BI.T4HfOk6H4oht +B8bP InNR root @ubuntu-Server ssh-sa AAAABSNZaCIyC2EAAAADAOABAAAB OCSdCtDFSYOFvSOzisJKoJrLskuuI3kul2Ban?co2upr08m5?49THioH/rb1i80KAJ1bMPfRk??RfbkCh:9ango TO 1HS 1 1URAAXMOW71ccsSg9iuOnszUDcM?s TaL. Z?ZeFK?L2JGHuVU+d4S0X IEPK6FF I8s51I6Lb?TU/OOSf TNZrH+4DRJMf 39GKNOW/ZYF22H2R jv8?ZfHNZVB ESY j +HMSF jP+NFNTAJ1nd02U61yTSJYC8OYLRCgrAASCInGOESXnVn?OCyAISOOMuT2HONhruCkgCG+0a3RXZCOVAUV5XK fGXYVPBOhVkdb T9OU5XF2Z0SgFU3L+2ZF 6AfBgYdLe2Ka j0aa6 1TYCUXC92HV?KgMG4MXN1f g951dIpH+YG1D8h9HLoBGb/C 193IorU?nbt+pH4/4MogZIzh1hIg Is 76Tos69ehHrb6 1Hh6Ce5uANPHYDEX0g569 URvfb997244Nxhou8b2L0+4xN9mgNE6GL3x1sGc- rnnt dubuntu-server FND SSH HOST KEY KEYS- [ 28.459047) Cloud-init [1520] Cloud-init V. 25.1.4-0ubuntu0"77.04. inishe at Sun, 10 Aug 2025 22:02:43 +0000. Datasource [ atasourceNone.up 28.45 Secnnds ubunti Passuordd: Helcome to Ubunti 22.04.5 LTS (GNU/Linux 5.15.0-151-generic X86 64) * Documentation: https:helpubuntu.com Management: httns:landscape.rannnical.com Support: httns: uhuntu.com/pro sustem information disabled due to Inad higher than 2.0 Expanded Securitu Maintenance for Applications is not enahled. 50 updates can be applied immediately. To see these additional updates run: apt list -upgradable EnabJe ESM Apps to receive additional future security updates See https:ubuntu.com/esm or run: Sudo pro status The programs included with the Ubuntu sustem are fre software; the exact distribution terms for each program are described in the individual files in usr/share/doc/*copuright Ubuntu comes With ABSOLUTELY NO WARRANTY to the extent permitted bu applicable law. To runa command as administrator (user t ussudo <command> See man sudo root for details ubuntudubuntu-server: sudo mkdirp etr/sudners. [sudo] passuord for ubunt:'
[2m2025-08-10T22:03:35.553527Z[0m [32m INFO[0m [2misotope::automation::puppet[0m[2m:[0m Debug screenshot captured: C:\Users\redst\OneDrive\Documents\GitHub\Isotope\debug-steps\pre-77-1754863414.png
[2m2025-08-10T22:03:36.975739Z[0m [32m INFO[0m [2misotope::automation::ocr[0m[2m:[0m OCR SUCCESS with 10s timeout (968ms): '(14)Aug 10 22:02:43 Clol-init: 3072 SHA256:B8R4TWbMGObSgJ44U0EHIFYVpTFL3xugpKggnfTrs nnt@nbuntll-Server (RSA) 114>Au: 10 22:02:43 Cloud-init: FND SSH HOST KEY FINGERPRTNTS- 114>Aue 10 22:02:43 cloud-init: ###:#:H:HtHtHtHtHtHtHtHtHttttthththththththththththhhhhhh - RFGTN SSH HOST KEY KEYS- eCdsa-sha2-nisto256 AAAAE2V,12HNhL XNOYTIt bm/2dHAUNTYAAAA Ibm/2dHAUNTYAAABBBOdF tbXORdAl+Z?+YSBeaHDAn IR34r j0sq F4Z4V9GYfFGopk? jghXHI arL43bg jiL T/anD9c785L2K8L41nGmer_ rootdubuntu-serve ssh-ed25519 AAAACSNZaC112DI1NTESAAAAILWhngPs3gNS00n7J47H4BI.T4HfOk6H4oht +B8bP InNR root @ubuntu-Server ssh-sa AAAAB3NZaC14C2EAAAADAOABAAABgOC5dCtDF9Y0FvS0zisJKoJ9rsku?I3kul2BangcD2upr08m5?49THi0H/rh 180KAJ1bMPfRk???Rfbk?h?9ango TO 1HS1 1uRAAXMW71ccSSoiuOnsZUDCH?S TaL Z2?ZeFK?L 2JGuVU+d4SOX TEPK6FrF 18S51I6Lb1TU/0?3f TNZ?H+4rDRJHf 39GKNOW/ ZYF22HZR jv8?2fH2VB ESY j +HMSF jP+NFNTA,J1nd02U61yTSJYC80YLRCarAASCInGOESXnVn?OCuAISOOMuT2HDWhruCKgCG +0a3RXZCOVAUV5XK fGXYVPBOhVkdb T9Ou5XF2Z0SgFU3L+2ZF 6AfBgYdLe2Ka j0aa6 iTYCUXC92HV?KgMG4MXN1fg951dIpH+YG1D8h9HLoBGb/C 193IorUMnbt +bHu/4MOgZIzh1hIg Is 76Tos69ehHrb6 1Hh6Ce5uANPHYDEX0g569 URvfb997244Nxhou8b2L0+4xNmNE6GL3x1sGc- rnnt@ubuntu-Server ?FND SSH HOST KEY KEYS- [ 28.459047) Cloud-init [1520)]: MInud-init V. 25.1.4-0uhntu0"72.04. inishe at Sun, 10 Aug 2025 22:02:43 +0000. Datasource [ atasourceNone. Up 28.45 Secnnds ubunti Passlnrdd: Helcom to Ubunt 22.04.5 LTS (GNU/Linux 5.15.0-151-generic X66_64) * Documentation: https:helpubuntu.com Management: httns:landscape.cannnicalcom Support: httns:uhuntu.com/pro Sustem information disabled due to load higher than 2.0 Expanded Securitu Maintenance for Applicatinns is not enahled. 50 updates can be applied immediately To see these additional updates run: apt list -upgradable EnabJe ESM Apps to receive additional future securitu updates See https:ubuntu.com/esm or run: sudn pro Status The programs included with the Ubuntu sustem are free software; the exact istribution terms for each program are described in the individual files in usr/share/doc/*/copyright. Ubuntu comes With ABSOLUTELY NN WARRANTY to the extent nermitted by applicable laW. To run a command as administrator (user root) usesudo <command> See man sudo oot for details ubuntudubuntu-server: sudo mkdiro et/sudoers. [sudo] passuor for ubunt: ubuntucubuntu-Srv:'
[2m2025-08-10T22:03:36.976424Z[0m [32m INFO[0m [2misotope::automation::puppet[0m[2m:[0m Debug screenshot captured: C:\Users\redst\OneDrive\Documents\GitHub\Isotope\debug-steps\post-77-1754863416.png
[2m2025-08-10T22:03:36.976659Z[0m [32m INFO[0m [2misotope::automation::puppet[0m[2m:[0m Executing instruction 11/32 (step 78): Wait { duration: "1s", condition: None }
[2m2025-08-10T22:03:38.459003Z[0m [32m INFO[0m [2misotope::automation::ocr[0m[2m:[0m OCR SUCCESS with 10s timeout (1126ms): '(14)Aug 10 22:02:43 Clol-init: 3072 SHA256:B8R4TWbMGObSgJ44U0EHIFYVpTFL3xugpKggnfTrs nnt@nbuntll-Server (RSA) 114>Au: 10 22:02:43 Cloud-init: FND SSH HOST KEY FINGERPRTNTS- 114>Aue 10 22:02:43 cloud-init: ###:#:H:HtHtHtHtHtHtHtHtHttttthththththththththththhhhhhh - RFGTN SSH HOST KEY KEYS- eCdsa-sha2-nisto256 AAAAE2V,12HNhL XNOYTIt bm/2dHAUNTYAAAA Ibm/2dHAUNTYAAABBBOdF tbXORdAl+Z?+YSBeaHDAn IR34r j0sq F4Z4V9GYfFGopk? jghXHI arL43bg jiL T/anD9c785L2K8L41nGmer_ rootdubuntu-serve ssh-ed25519 AAAACSNZaC112DI1NTESAAAAILWhngPs3gNS00n7J47H4BI.T4HfOk6H4oht +B8bP InNR root @ubuntu-Server ssh-sa AAAAB3NZaC14C2EAAAADAOABAAABgOC5dCtDF9Y0FvS0zisJKoJ9rsku?I3kul2BangcD2upr08m5?49THi0H/rh 180KAJ1bMPfRk???Rfbk?h?9ango TO 1HS1 1uRAAXMW71ccSSoiuOnsZUDCH?S TaL Z2?ZeFK?L 2JGuVU+d4SOX TEPK6FrF 18S51I6Lb1TU/0?3f TNZ?H+4rDRJHf 39GKNOW/ ZYF22HZR jv8?2fH2VB ESY j +HMSF jP+NFNTA,J1nd02U61yTSJYC80YLRCarAASCInGOESXnVn?OCuAISOOMuT2HDWhruCKgCG +0a3RXZCOVAUV5XK fGXYVPBOhVkdb T9Ou5XF2Z0SgFU3L+2ZF 6AfBgYdLe2Ka j0aa6 iTYCUXC92HV?KgMG4MXN1fg951dIpH+YG1D8h9HLoBGb/C 193IorUMnbt +bHu/4MOgZIzh1hIg Is 76Tos69ehHrb6 1Hh6Ce5uANPHYDEX0g569 URvfb997244Nxhou8b2L0+4xNmNE6GL3x1sGc- rnnt@ubuntu-Server ?FND SSH HOST KEY KEYS- [ 28.459047) Cloud-init [1520)]: MInud-init V. 25.1.4-0uhntu0"72.04. inishe at Sun, 10 Aug 2025 22:02:43 +0000. Datasource [ atasourceNone. Up 28.45 Secnnds ubunti Passlnrdd: Helcom to Ubunt 22.04.5 LTS (GNU/Linux 5.15.0-151-generic X66_64) * Documentation: https:helpubuntu.com Management: httns:landscape.cannnicalcom Support: httns:uhuntu.com/pro Sustem information disabled due to load higher than 2.0 Expanded Securitu Maintenance for Applicatinns is not enahled. 50 updates can be applied immediately To see these additional updates run: apt list -upgradable EnabJe ESM Apps to receive additional future securitu updates See https:ubuntu.com/esm or run: sudn pro Status The programs included with the Ubuntu sustem are free software; the exact istribution terms for each program are described in the individual files in usr/share/doc/*/copyright. Ubuntu comes With ABSOLUTELY NN WARRANTY to the extent nermitted by applicable laW. To run a command as administrator (user root) usesudo <command> See man sudo oot for details ubuntudubuntu-server: sudo mkdiro et/sudoers. [sudo] passuor for ubunt: ubuntucubuntu-Srv:'
[2m2025-08-10T22:03:38.460905Z[0m [32m INFO[0m [2misotope::automation::puppet[0m[2m:[0m Debug screenshot captured: C:\Users\redst\OneDrive\Documents\GitHub\Isotope\debug-steps\pre-78-1754863417.png
[2m2025-08-10T22:03:38.461183Z[0m [32m INFO[0m [2misotope::automation::puppet[0m[2m:[0m Waiting for 1s
[2m2025-08-10T22:03:40.838308Z[0m [32m INFO[0m [2misotope::automation::ocr[0m[2m:[0m OCR SUCCESS with 10s timeout (1019ms): '(14)Aug 10 22:02:43 Clol-init: 3072 SHA256:B8R4TWbMGObSgJ44U0EHIFYVpTFL3xugpKggnfTrs nnt@nbuntll-Server (RSA) 114>Au: 10 22:02:43 Cloud-init: FND SSH HOST KEY FINGERPRTNTS- 114>Aue 10 22:02:43 cloud-init: ###:#:H:HtHtHtHtHtHtHtHtHttttthththththththththththhhhhhh - RFGTN SSH HOST KEY KEYS- eCdsa-sha2-nisto256 AAAAE2V,12HNhL XNOYTIt bm/2dHAUNTYAAAA Ibm/2dHAUNTYAAABBBOdF tbXORdAl+Z?+YSBeaHDAn IR34r j0sq F4Z4V9GYfFGopk? jghXHI arL43bg jiL T/anD9c785L2K8L41nGmer_ rootdubuntu-serve ssh-ed25519 AAAACSNZaC112DI1NTESAAAAILWhngPs3gNS00n7J47H4BI.T4HfOk6H4oht +B8bP InNR root @ubuntu-Server ssh-sa AAAAB3NZaC14C2EAAAADAOABAAABgOC5dCtDF9Y0FvS0zisJKoJ9rsku?I3kul2BangcD2upr08m5?49THi0H/rh 180KAJ1bMPfRk???Rfbk?h?9ango TO 1HS1 1uRAAXMW71ccSSoiuOnsZUDCH?S TaL Z2?ZeFK?L 2JGuVU+d4SOX TEPK6FrF 18S51I6Lb1TU/0?3f TNZ?H+4rDRJHf 39GKNOW/ ZYF22HZR jv8?2fH2VB ESY j +HMSF jP+NFNTA,J1nd02U61yTSJYC80YLRCarAASCInGOESXnVn?OCuAISOOMuT2HDWhruCKgCG +0a3RXZCOVAUV5XK fGXYVPBOhVkdb T9Ou5XF2Z0SgFU3L+2ZF 6AfBgYdLe2Ka j0aa6 iTYCUXC92HV?KgMG4MXN1fg951dIpH+YG1D8h9HLoBGb/C 193IorUMnbt +bHu/4MOgZIzh1hIg Is 76Tos69ehHrb6 1Hh6Ce5uANPHYDEX0g569 URvfb997244Nxhou8b2L0+4xNmNE6GL3x1sGc- rnnt@ubuntu-Server ?FND SSH HOST KEY KEYS- [ 28.459047) Cloud-init [1520)]: MInud-init V. 25.1.4-0uhntu0"72.04. inishe at Sun, 10 Aug 2025 22:02:43 +0000. Datasource [ atasourceNone. Up 28.45 Secnnds ubunti Passlnrdd: Helcom to Ubunt 22.04.5 LTS (GNU/Linux 5.15.0-151-generic X66_64) * Documentation: https:helpubuntu.com Management: httns:landscape.cannnicalcom Support: httns:uhuntu.com/pro Sustem information disabled due to load higher than 2.0 Expanded Securitu Maintenance for Applicatinns is not enahled. 50 updates can be applied immediately To see these additional updates run: apt list -upgradable EnabJe ESM Apps to receive additional future securitu updates See https:ubuntu.com/esm or run: sudn pro Status The programs included with the Ubuntu sustem are free software; the exact istribution terms for each program are described in the individual files in usr/share/doc/*/copyright. Ubuntu comes With ABSOLUTFIY Nn WARRANTY to the extent nermitted by applicable laW. To run a command as administrator (user root) usesudo <command> See man sudo oot for details ubuntudubuntu-server: sudo mkdiro etc/sudoers. [sudo] passuor for ubunt: ubuntugubuntu-server:s'
[2m2025-08-10T22:03:40.840114Z[0m [32m INFO[0m [2misotope::automation::puppet[0m[2m:[0m Debug screenshot captured: C:\Users\redst\OneDrive\Documents\GitHub\Isotope\debug-steps\post-78-1754863419.png
[2m2025-08-10T22:03:40.840384Z[0m [32m INFO[0m [2misotope::automation::puppet[0m[2m:[0m Executing instruction 12/32 (step 79): Type { text: "echo 'ubuntu ALL=(ALL) NOPASSWD:ALL' | sudo tee /etc/sudoers.d/ubuntu" }
[2m2025-08-10T22:03:42.245138Z[0m [32m INFO[0m [2misotope::automation::ocr[0m[2m:[0m OCR SUCCESS with 10s timeout (1047ms): '(14)Aug 10 22:02:43 Clol-init: 3072 SHA256:B8R4TWbMGObSgJ44U0EHIFYVpTFL3xugpKggnfTrs nnt@nbuntll-Server (RSA) 114>Au: 10 22:02:43 Cloud-init: FND SSH HOST KEY FINGERPRTNTS- 114>Aue 10 22:02:43 cloud-init: ###:#:H:HtHtHtHtHtHtHtHtHttttthththththththththththhhhhhh - RFGTN SSH HOST KEY KEYS- eCdsa-sha2-nisto256 AAAAE2V,12HNhL XNOYTIt bm/2dHAUNTYAAAA Ibm/2dHAUNTYAAABBBOdF tbXORdAl+Z?+YSBeaHDAn IR34r j0sq F4Z4V9GYfFGopk? jghXHI arL43bg jiL T/anD9c785L2K8L41nGmer_ rootdubuntu-serve ssh-ed25519 AAAACSNZaC112DI1NTESAAAAILWhngPs3gNS00n7J47H4BI.T4HfOk6H4oht +B8bP InNR root @ubuntu-Server ssh-sa AAAAB3NZaC14C2EAAAADAOABAAABgOC5dCtDF9Y0FvS0zisJKoJ9rsku?I3kul2BangcD2upr08m5?49THi0H/rh 180KAJ1bMPfRk???Rfbk?h?9ango TO 1HS1 1uRAAXMW71ccSSoiuOnsZUDCH?S TaL Z2?ZeFK?L 2JGuVU+d4SOX TEPK6FrF 18S51I6Lb1TU/0?3f TNZ?H+4rDRJHf 39GKNOW/ ZYF22HZR jv8?2fH2VB ESY j +HMSF jP+NFNTA,J1nd02U61yTSJYC80YLRCarAASCInGOESXnVn?OCuAISOOMuT2HDWhruCKgCG +0a3RXZCOVAUV5XK fGXYVPBOhVkdb T9Ou5XF2Z0SgFU3L+2ZF 6AfBgYdLe2Ka j0aa6 iTYCUXC92HV?KgMG4MXN1fg951dIpH+YG1D8h9HLoBGb/C 193IorUMnbt +bHu/4MOgZIzh1hIg Is 76Tos69ehHrb6 1Hh6Ce5uANPHYDEX0g569 URvfb997244Nxhou8b2L0+4xNmNE6GL3x1sGc- rnnt@ubuntu-Server ?FND SSH HOST KEY KEYS- [ 28.459047) Cloud-init [1520)]: MInud-init V. 25.1.4-0uhntu0"72.04. inishe at Sun, 10 Aug 2025 22:02:43 +0000. Datasource [ atasourceNone. Up 28.45 Secnnds ubunti Passlnrdd: Helcom to Ubunt 22.04.5 LTS (GNU/Linux 5.15.0-151-generic X66_64) * Documentation: https:helpubuntu.com Management: httns:landscape.cannnicalcom Support: httns:uhuntu.com/pro Sustem information disabled due to load higher than 2.0 Expanded Securitu Maintenance for Applicatinns is not enahled. 50 updates can be applied immediately To see these additional updates run: apt list -upgradable EnabJe ESM Apps to receive additional future securitu updates See https:ubuntu.com/esm or run: sudn pro Status The programs included with the Ubuntu sustem are free software; the exact istribution terms for each program are described in the individual files in usr/share/doc/*/copyright. Ubuntu comes With ABSOLUTFIY Nn WARRANTY to the extent nermitted by applicable laW. To run a command as administrator (user root) usesudo <command> See man sudo oot for details ubuntudubuntu-server: sudo mkdiro etc/sudoers. [sudo] passuor for ubunt: ubuntugubuntu-server:s'
[2m2025-08-10T22:03:42.247016Z[0m [32m INFO[0m [2misotope::automation::puppet[0m[2m:[0m Debug screenshot captured: C:\Users\redst\OneDrive\Documents\GitHub\Isotope\debug-steps\pre-79-1754863421.png
[2m2025-08-10T22:03:42.247600Z[0m [32m INFO[0m [2misotope::automation::keypress[0m[2m:[0m Typing text to VM isotope-vm-eb5a0615: 'echo 'ubuntu ALL=(ALL) NOPASSWD:ALL' | sudo tee /etc/sudoers.d/ubuntu'
[2m2025-08-10T22:03:45.562575Z[0m [32m INFO[0m [2misotope::automation::ocr[0m[2m:[0m OCR SUCCESS with 10s timeout (994ms): '(14)Aug 10 22:02:43 Clol-init: 3072 SHA256:B8R4TWbMGObSgJ44U0EHIFYVpTFL3xugpKggnfTrs nnt@nbuntll-Server (RSA) 114>Au: 10 22:02:43 Cloud-init: FND SSH HOST KEY FINGERPRTNTS- 114>Aue 10 22:02:43 cloud-init: ###:#:H:HtHtHtHtHtHtHtHtHttttthththththththththththhhhhhh - RFGTN SSH HOST KEY KEYS- eCdsa-sha2-nisto256 AAAAE2V,12HNhL XNOYTIt bm/2dHAUNTYAAAA Ibm/2dHAUNTYAAABBBOdF tbXORdAl+Z?+YSBeaHDAn IR34r j0sq F4Z4V9GYfFGopk? jghXHI arL43bg jiL T/anD9c785L2K8L41nGmer_ rootdubuntu-serve ssh-ed25519 AAAACSNZaC112DI1NTESAAAAILWhngPs3gNS00n7J47H4BI.T4HfOk6H4oht +B8bP InNR root @ubuntu-Server ssh-sa AAAAB3NZaC14C2EAAAADAOABAAABgOC5dCtDF9Y0FvS0zisJKoJ9rsku?I3kul2BangcD2upr08m5?49THi0H/rh 180KAJ1bMPfRk???Rfbk?h?9ango TO 1HS1 1uRAAXMW71ccSSoiuOnsZUDCH?S TaL Z2?ZeFK?L 2JGuVU+d4SOX TEPK6FrF 18S51I6Lb1TU/0?3f TNZ?H+4rDRJHf 39GKNOW/ ZYF22HZR jv8?2fH2VB ESY j +HMSF jP+NFNTA,J1nd02U61yTSJYC80YLRCarAASCInGOESXnVn?OCuAISOOMuT2HDWhruCKgCG +0a3RXZCOVAUV5XK fGXYVPBOhVkdb T9Ou5XF2Z0SgFU3L+2ZF 6AfBgYdLe2Ka j0aa6 iTYCUXC92HV?KgMG4MXN1fg951dIpH+YG1D8h9HLoBGb/C 193IorUMnbt +bHu/4MOgZIzh1hIg Is 76Tos69ehHrb6 1Hh6Ce5uANPHYDEX0g569 URvfb997244Nxhou8b2L0+4xNmNE6GL3x1sGc- rnnt@ubuntu-Server ?FND SSH HOST KEY KEYS- [ 28.459047) Cloud-init [1520)]: MInud-init V. 25.1.4-0uhntu0"72.04. inishe at Sun, 10 Aug 2025 22:02:43 +0000. Datasource [ atasourceNone. Up 28.45 Secnnds ubunti Passlnrdd: Helcom to Ubunt 22.04.5 LTS (GNU/Linux 5.15.0-151-generic X66_64) * Documentation: https:helpubuntu.com Management: httns:landscape.cannnicalcom Support: httns:uhuntu.com/pro Sustem information disabled due to load higher than 2.0 Expanded Securitu Maintenance for Applicatinns is not enahled. 50 updates can be applied immediately To see these additional updates run: apt list -upgradable EnabJe ESM Apps to receive additional future securitu updates See https:ubuntu.com/esm or run: sudn pro Status The programs included with the Ubuntu sustem are fre software; the exact istribution terms for each program are described in the individual files in usr/share/doc/*/copyright. Ubuntu comes With ABSOLUTFIY Nn WARRANTY to the extent nermitted by applicable laW. To run a command as administrato (user nnt) use sudo <command> See man sudo root for details ubuntudubuntu-server: sudo mkdir p etc/sudoers. [sudo] password for ubuntu: ubuntudubuntu-Server: echo ubuntu ALL-(A NOPASSHD:ALL Sudo tee /etc/sudoers.d/ubuntu'
[2m2025-08-10T22:03:45.563714Z[0m [32m INFO[0m [2misotope::automation::puppet[0m[2m:[0m Debug screenshot captured: C:\Users\redst\OneDrive\Documents\GitHub\Isotope\debug-steps\post-79-1754863424.png
[2m2025-08-10T22:03:45.563974Z[0m [32m INFO[0m [2misotope::automation::puppet[0m[2m:[0m Executing instruction 13/32 (step 80): Press { key: "enter", repeat: None, modifiers: None }
[2m2025-08-10T22:03:46.924459Z[0m [32m INFO[0m [2misotope::automation::ocr[0m[2m:[0m OCR SUCCESS with 10s timeout (1004ms): '(14)Aug 10 22:02:43 Clol-init: 3072 SHA256:B8R4TWbMGObSgJ44U0EHIFYVpTFL3xugpKggnfTrs nnt@nbuntll-Server (RSA) 114>Au: 10 22:02:43 Cloud-init: FND SSH HOST KEY FINGERPRTNTS- 114>Aue 10 22:02:43 cloud-init: ###:#:H:HtHtHtHtHtHtHtHtHttttthththththththththththhhhhhh - RFGTN SSH HOST KEY KEYS- eCdsa-sha2-nisto256 AAAAE2V,12HNhL XNOYTIt bm/2dHAUNTYAAAA Ibm/2dHAUNTYAAABBBOdF tbXORdAl+Z?+YSBeaHDAn IR34r j0sq F4Z4V9GYfFGopk? jghXHI arL43bg jiL T/anD9c785L2K8L41nGmer_ rootdubuntu-serve ssh-ed25519 AAAACSNZaC112DI1NTESAAAAILWhngPs3gNS00n7J47H4BI.T4HfOk6H4oht +B8bP InNR root @ubuntu-Server ssh-sa AAAAB3NZaC14C2EAAAADAOABAAABgOC5dCtDF9Y0FvS0zisJKoJ9rsku?I3kul2BangcD2upr08m5?49THi0H/rh 180KAJ1bMPfRk???Rfbk?h?9ango TO 1HS1 1uRAAXMW71ccSSoiuOnsZUDCH?S TaL Z2?ZeFK?L 2JGuVU+d4SOX TEPK6FrF 18S51I6Lb1TU/0?3f TNZ?H+4rDRJHf 39GKNOW/ ZYF22HZR jv8?2fH2VB ESY j +HMSF jP+NFNTA,J1nd02U61yTSJYC80YLRCarAASCInGOESXnVn?OCuAISOOMuT2HDWhruCKgCG +0a3RXZCOVAUV5XK fGXYVPBOhVkdb T9Ou5XF2Z0SgFU3L+2ZF 6AfBgYdLe2Ka j0aa6 iTYCUXC92HV?KgMG4MXN1fg951dIpH+YG1D8h9HLoBGb/C 193IorUMnbt +bHu/4MOgZIzh1hIg Is 76Tos69ehHrb6 1Hh6Ce5uANPHYDEX0g569 URvfb997244Nxhou8b2L0+4xNmNE6GL3x1sGc- rnnt@ubuntu-Server ?FND SSH HOST KEY KEYS- [ 28.459047) Cloud-init [1520)]: MInud-init V. 25.1.4-0uhntu0"72.04. inishe at Sun, 10 Aug 2025 22:02:43 +0000. Datasource [ atasourceNone. Up 28.45 Secnnds ubunti Passlnrdd: Helcom to Ubunt 22.04.5 LTS (GNU/Linux 5.15.0-151-generic X66_64) * Documentation: https:helpubuntu.com Management: httns:landscape.cannnicalcom Support: httns:uhuntu.com/pro Sustem information disabled due to load higher than 2.0 Expanded Securitu Maintenance for Applicatinns is not enahled. 50 updates can be applied immediately To see these additional updates run: apt list -upgradable EnabJe ESM Apps to receive additional future securitu updates See https:ubuntu.com/esm or run: sudn pro Status The programs included with the Ubuntu sustem are fre software; the exact istribution terms for each program are described in the individual files in usr/share/doc/*/copyright. Ubuntu comes With ABSOLUTFIY Nn WARRANTY to the extent nermitted by applicable laW. To run a command as administrato (user nnt) use sudo <command> See man sudo root for details ubuntudubuntu-server: sudo mkdir p etc/sudoers. [sudo] password for ubuntu: ubuntudubuntu-Server: echo ubuntu ALL-(A NOPASSHD:ALL Sudo tee /etc/sudoers.d/ubuntu'
[2m2025-08-10T22:03:46.926371Z[0m [32m INFO[0m [2misotope::automation::puppet[0m[2m:[0m Debug screenshot captured: C:\Users\redst\OneDrive\Documents\GitHub\Isotope\debug-steps\pre-80-1754863425.png
[2m2025-08-10T22:03:48.318043Z[0m [32m INFO[0m [2misotope::automation::ocr[0m[2m:[0m OCR SUCCESS with 10s timeout (932ms): ':14>AUg 10 22:02:43 ClOud-init: #::"";;A;A;A;A;;AAAAAHAHAHAHAHAAH;H;HH BEGIN SSH HOST KEY KEYS ecdsa-sha?-nistp256 AAAAE2V,12HNhL XNOYTIt bm/2dHAUNTYAAAA Ibm/2dHAUNTYAAABBBOdF tbXORdAl+Z?+YSRPAHnAn IR34r j0sq.F424V9GYfFGopK?.jghXHI grLusbg jiL T/anD9c7B5L2K&LHInGmec- rootoubuntu-server ssh-?d25519 AAAACSNZ?C112DI1NTESAAAAILWhMgPs3dNS0On 7J47H4BIJ4?f?k6?4oht+B8bP 1nNR root @ubunt?-Server ssh-sa AAAAB3NZaC14C2EAAAADAOABAAABgOC5dCtDF9Y0FvS0zisJKoJ9rsku?I3kul2Ban?cD2upr08m5?49TH10H/h 180KAJ1b?PfRk???Rfbk?h?9ango TO1HS 1 1uRAAXMW71ccsSoiu0nsZUDcH?S TaL Z?ZeFK?L 2JGuVU+?4S0X TEPK6FrF 18S51I6Lb1TU/OOAf TNZ?H+4rDRJMf 39GKN?W/?YF22HzR jv8?2H2VB ESY +HMSF P+NFNTA J1nd02U6 1uTSJYC8OYLRCarAASCInGDESXnVn?OCuAISOOMuT2HOWhruCKgCG+0a3RXZCOVAUV5XK fGXYVPBOhVKdb T9OU5XF2Z0S FU3L+2ZF 6AfBg YdLe2Kaj0aa6 1TYCUXC92HVxk?XG4MXN1fg951dIp+YG 1D8h9H 1o8Gb/C 193 IorUXnbt +H4/4M0gZIzhhIg Is 76T0s69ebHrb6 iHh6Ce5UANPHYDEX0g569 URvfb997244Nxhou8b2L0+4xN9m4NF6GL3x1sGc- rnnt@ubuntu-server -END SSH HOST KEY KEYS- [ 28.459047] Cloud-init [1520]: Cloud-init v. 25.1.4-0ubuntu0"22.04.1 finished at Sun, 10 Aug 2025 22:02:43 +0000. Datasource [ atasourceNone Up 28.45 SPcnnds ubunti Passlnrdd: Helcome to Ubuntu 22.04.5 LTS (GNU/Liny 5.15.0-151-generic X86 64) * Documentation: https:helpubuntu.com Management: httns:landscape.cannnicalcom Support: httns: uhuntu.com/pro sustem information disabled due to 1nad higher than 2.0 Expanded securitu Maintenance for Applicatinns is not enahled 50 updates can be applied immediately To see these additional updates run: apt list -upgradable EnabJe ESM Apps to receive additional future securitu updates See https:ubuntu.com/esm or run: sudn pro Status The programs included With the Ubuntu sustem are free software; the exact distribution terms for each program are described in the individual files in usr/share/doc/*/copuright. Ubuntu comes With ABSNIITELY NN WARRANTY to the extent permitted by applicable laW. To run  command as administratn (user tussudo <command> See man sudo oot for details ubuntudubuntu-server: sudo mkdiro etc/sudoers. [sudo] password for ubuntu: ubuntudubuntu-server: ech ubuntu ALL-(A NOPASSWD:ALL sudo tee /etc/siddners.d/ubuntu ubuntu ALL-(ALL) NOPASSWD:ALL ubuntudubuntu-Server:'
[2m2025-08-10T22:03:48.319944Z[0m [32m INFO[0m [2misotope::automation::puppet[0m[2m:[0m Debug screenshot captured: C:\Users\redst\OneDrive\Documents\GitHub\Isotope\debug-steps\post-80-1754863427.png
[2m2025-08-10T22:03:48.320223Z[0m [32m INFO[0m [2misotope::automation::puppet[0m[2m:[0m Executing instruction 14/32 (step 81): Wait { duration: "1s", condition: None }
[2m2025-08-10T22:03:49.734931Z[0m [32m INFO[0m [2misotope::automation::ocr[0m[2m:[0m OCR SUCCESS with 10s timeout (1054ms): ':14>AUg 10 22:02:43 ClOud-init: #::"";;A;A;A;A;;AAAAAHAHAHAHAHAAH;H;HH BEGIN SSH HOST KEY KEYS ecdsa-sha?-nistp256 AAAAE2V,12HNhL XNOYTIt bm/2dHAUNTYAAAA Ibm/2dHAUNTYAAABBBOdF tbXORdAl+Z?+YSRPAHnAn IR34r j0sq.F424V9GYfFGopK?.jghXHI grLusbg jiL T/anD9c7B5L2K&LHInGmec- rootoubuntu-server ssh-?d25519 AAAACSNZ?C112DI1NTESAAAAILWhMgPs3dNS0On 7J47H4BIJ4?f?k6?4oht+B8bP 1nNR root @ubunt?-Server ssh-sa AAAAB3NZaC14C2EAAAADAOABAAABgOC5dCtDF9Y0FvS0zisJKoJ9rsku?I3kul2Ban?cD2upr08m5?49TH10H/h 180KAJ1b?PfRk???Rfbk?h?9ango TO1HS 1 1uRAAXMW71ccsSoiu0nsZUDcH?S TaL Z?ZeFK?L 2JGuVU+?4S0X TEPK6FrF 18S51I6Lb1TU/OOAf TNZ?H+4rDRJMf 39GKN?W/?YF22HzR jv8?2H2VB ESY +HMSF P+NFNTA J1nd02U6 1uTSJYC8OYLRCarAASCInGDESXnVn?OCuAISOOMuT2HOWhruCKgCG+0a3RXZCOVAUV5XK fGXYVPBOhVKdb T9OU5XF2Z0S FU3L+2ZF 6AfBg YdLe2Kaj0aa6 1TYCUXC92HVxk?XG4MXN1fg951dIp+YG 1D8h9H 1o8Gb/C 193 IorUXnbt +H4/4M0gZIzhhIg Is 76T0s69ebHrb6 iHh6Ce5UANPHYDEX0g569 URvfb997244Nxhou8b2L0+4xN9m4NF6GL3x1sGc- rnnt@ubuntu-server -END SSH HOST KEY KEYS- [ 28.459047] Cloud-init [1520]: Cloud-init v. 25.1.4-0ubuntu0"22.04.1 finished at Sun, 10 Aug 2025 22:02:43 +0000. Datasource [ atasourceNone Up 28.45 SPcnnds ubunti Passlnrdd: Helcome to Ubuntu 22.04.5 LTS (GNU/Liny 5.15.0-151-generic X86 64) * Documentation: https:helpubuntu.com Management: httns:landscape.cannnicalcom Support: httns: uhuntu.com/pro sustem information disabled due to 1nad higher than 2.0 Expanded securitu Maintenance for Applicatinns is not enahled 50 updates can be applied immediately To see these additional updates run: apt list -upgradable EnabJe ESM Apps to receive additional future securitu updates See https:ubuntu.com/esm or run: sudn pro Status The programs included With the Ubuntu sustem are free software; the exact distribution terms for each program are described in the individual files in usr/share/doc/*/copuright. Ubuntu comes With ABSNIITELY NN WARRANTY to the extent permitted by applicable laW. To run a command as administrator (user t) ussudocommand> See man sudo oot for details ubuntudubuntu-server: sudo mkdir etc/sudoers. [sudo] password for ubuntu: ubuntuubuntu-server: ech huntu ALL-(A NOPASSWD:ALL  sudo tee /et/suddners.d/ubuntu ubuntu ALL (ALL NOPASSWD:AN ubuntugubuntu-server:s'
[2m2025-08-10T22:03:49.737032Z[0m [32m INFO[0m [2misotope::automation::puppet[0m[2m:[0m Debug screenshot captured: C:\Users\redst\OneDrive\Documents\GitHub\Isotope\debug-steps\pre-81-1754863428.png
[2m2025-08-10T22:03:49.737277Z[0m [32m INFO[0m [2misotope::automation::puppet[0m[2m:[0m Waiting for 1s
[2m2025-08-10T22:03:52.026281Z[0m [32m INFO[0m [2misotope::automation::ocr[0m[2m:[0m OCR SUCCESS with 10s timeout (930ms): ':14>AUg 10 22:02:43 ClOud-init: #::"";;A;A;A;A;;AAAAAHAHAHAHAHAAH;H;HH BEGIN SSH HOST KEY KEYS ecdsa-sha?-nistp256 AAAAE2V,12HNhL XNOYTIt bm/2dHAUNTYAAAA Ibm/2dHAUNTYAAABBBOdF tbXORdAl+Z?+YSRPAHnAn IR34r j0sq.F424V9GYfFGopK?.jghXHI grLusbg jiL T/anD9c7B5L2K&LHInGmec- rootoubuntu-server ssh-?d25519 AAAACSNZ?C112DI1NTESAAAAILWhMgPs3dNS0On 7J47H4BIJ4?f?k6?4oht+B8bP 1nNR root @ubunt?-Server ssh-sa AAAAB3NZaC14C2EAAAADAOABAAABgOC5dCtDF9Y0FvS0zisJKoJ9rsku?I3kul2Ban?cD2upr08m5?49TH10H/h 180KAJ1b?PfRk???Rfbk?h?9ango TO1HS 1 1uRAAXMW71ccsSoiu0nsZUDcH?S TaL Z?ZeFK?L 2JGuVU+?4S0X TEPK6FrF 18S51I6Lb1TU/OOAf TNZ?H+4rDRJMf 39GKN?W/?YF22HzR jv8?2H2VB ESY +HMSF P+NFNTA J1nd02U6 1uTSJYC8OYLRCarAASCInGDESXnVn?OCuAISOOMuT2HOWhruCKgCG+0a3RXZCOVAUV5XK fGXYVPBOhVKdb T9OU5XF2Z0S FU3L+2ZF 6AfBg YdLe2Kaj0aa6 1TYCUXC92HVxk?XG4MXN1fg951dIp+YG 1D8h9H 1o8Gb/C 193 IorUXnbt +H4/4M0gZIzhhIg Is 76T0s69ebHrb6 iHh6Ce5UANPHYDEX0g569 URvfb997244Nxhou8b2L0+4xN9m4NF6GL3x1sGc- rnnt@ubuntu-server -END SSH HOST KEY KEYS- [ 28.459047] Cloud-init [1520]: Cloud-init v. 25.1.4-0ubuntu0"22.04.1 finished at Sun, 10 Aug 2025 22:02:43 +0000. Datasource [ atasourceNone Up 28.45 SPcnnds ubunti Passlnrdd: Helcome to Ubuntu 22.04.5 LTS (GNU/Liny 5.15.0-151-generic X86 64) * Documentation: https:helpubuntu.com Management: httns:landscape.cannnicalcom Support: httns: uhuntu.com/pro sustem information disabled due to 1nad higher than 2.0 Expanded securitu Maintenance for Applicatinns is not enahled 50 updates can be applied immediately To see these additional updates run: apt list -upgradable EnabJe ESM Apps to receive additional future securitu updates See https:ubuntu.com/esm or run: sudn pro Status The programs included With the Ubuntu sustem are free software; the exact distribution terms for each program are described in the individual files in usr/share/doc/*/copuright. Ubuntu comes With ABSNIITELY NN WARRANTY to the extent permitted by applicable laW. To run a command as administrator (user t) ussudocommand> See man sudo oot for details ubuntudubuntu-server: sudo mkdir etc/sudoers. [sudo] password for ubuntu: ubuntuubuntu-server: ech huntu ALL-(A NOPASSWD:ALL  sudo tee /et/suddners.d/ubuntu ubuntu ALL (ALL NOPASSWD:AN ubuntugubuntu-server:s'
[2m2025-08-10T22:03:52.027368Z[0m [32m INFO[0m [2misotope::automation::puppet[0m[2m:[0m Debug screenshot captured: C:\Users\redst\OneDrive\Documents\GitHub\Isotope\debug-steps\post-81-1754863431.png
[2m2025-08-10T22:03:52.027701Z[0m [32m INFO[0m [2misotope::automation::puppet[0m[2m:[0m Executing instruction 15/32 (step 82): Type { text: "sudo chmod 440 /etc/sudoers.d/ubuntu" }
[2m2025-08-10T22:03:53.307939Z[0m [32m INFO[0m [2misotope::automation::ocr[0m[2m:[0m OCR SUCCESS with 10s timeout (924ms): ':14>AUg 10 22:02:43 ClOud-init: #::"";;A;A;A;A;;AAAAAHAHAHAHAHAAH;H;HH BEGIN SSH HOST KEY KEYS ecdsa-sha?-nistp256 AAAAE2V,12HNhL XNOYTIt bm/2dHAUNTYAAAA Ibm/2dHAUNTYAAABBBOdF tbXORdAl+Z?+YSRPAHnAn IR34r j0sq.F424V9GYfFGopK?.jghXHI grLusbg jiL T/anD9c7B5L2K&LHInGmec- rootoubuntu-server ssh-?d25519 AAAACSNZ?C112DI1NTESAAAAILWhMgPs3dNS0On 7J47H4BIJ4?f?k6?4oht+B8bP 1nNR root @ubunt?-Server ssh-sa AAAAB3NZaC14C2EAAAADAOABAAABgOC5dCtDF9Y0FvS0zisJKoJ9rsku?I3kul2Ban?cD2upr08m5?49TH10H/h 180KAJ1b?PfRk???Rfbk?h?9ango TO1HS 1 1uRAAXMW71ccsSoiu0nsZUDcH?S TaL Z?ZeFK?L 2JGuVU+?4S0X TEPK6FrF 18S51I6Lb1TU/OOAf TNZ?H+4rDRJMf 39GKN?W/?YF22HzR jv8?2H2VB ESY +HMSF P+NFNTA J1nd02U6 1uTSJYC8OYLRCarAASCInGDESXnVn?OCuAISOOMuT2HOWhruCKgCG+0a3RXZCOVAUV5XK fGXYVPBOhVKdb T9OU5XF2Z0S FU3L+2ZF 6AfBg YdLe2Kaj0aa6 1TYCUXC92HVxk?XG4MXN1fg951dIp+YG 1D8h9H 1o8Gb/C 193 IorUXnbt +H4/4M0gZIzhhIg Is 76T0s69ebHrb6 iHh6Ce5UANPHYDEX0g569 URvfb997244Nxhou8b2L0+4xN9m4NF6GL3x1sGc- rnnt@ubuntu-server -END SSH HOST KEY KEYS- [ 28.459047] Cloud-init [1520]: Cloud-init v. 25.1.4-0ubuntu0"22.04.1 finished at Sun, 10 Aug 2025 22:02:43 +0000. Datasource [ atasourceNone Up 28.45 SPcnnds ubunti Passlnrdd: Helcome to Ubuntu 22.04.5 LTS (GNU/Liny 5.15.0-151-generic X86 64) * Documentation: https:helpubuntu.com Management: httns:landscape.cannnicalcom Support: httns: uhuntu.com/pro sustem information disabled due to 1nad higher than 2.0 Expanded securitu Maintenance for Applicatinns is not enahled 50 updates can be applied immediately To see these additional updates run: apt list -upgradable EnabJe ESM Apps to receive additional future securitu updates See https:ubuntu.com/esm or run: sudn pro Status The programs included With the Ubuntu sustem are free software; the exact distribution terms for each program are described in the individual files in usr/share/doc/*/copuright. Ubuntu comes With ABSNIITELY NN WARRANTY to the extent permitted by applicable laW. To run a command as administrator (user t) ussudocommand> See man sudo oot for details ubuntudubuntu-server: sudo mkdir etc/sudoers. [sudo] password for ubuntu: ubuntuubuntu-server: ech huntu ALL-(A NOPASSWD:ALL  sudo tee /et/suddners.d/ubuntu ubuntu ALL (ALL NOPASSWD:AN ubuntugubuntu-server:s'
[2m2025-08-10T22:03:53.309811Z[0m [32m INFO[0m [2misotope::automation::puppet[0m[2m:[0m Debug screenshot captured: C:\Users\redst\OneDrive\Documents\GitHub\Isotope\debug-steps\pre-82-1754863432.png
[2m2025-08-10T22:03:53.310291Z[0m [32m INFO[0m [2misotope::automation::keypress[0m[2m:[0m Typing text to VM isotope-vm-eb5a0615: 'sudo chmod 440 /etc/sudoers.d/ubuntu'
[2m2025-08-10T22:03:55.469577Z[0m [32m INFO[0m [2misotope::automation::ocr[0m[2m:[0m OCR SUCCESS with 10s timeout (965ms): ':14>AUg 10 22:02:43 ClOud-init: #::"";;A;A;A;A;;AAAAAHAHAHAHAHAAH;H;HH BEGIN SSH HOST KEY KEYS ecdsa-sha?-nistp256 AAAAE2V,12HNhL XNOYTIt bm/2dHAUNTYAAAA Ibm/2dHAUNTYAAABBBOdF tbXORdAl+Z?+YSRPAHnAn IR34r j0sq.F424V9GYfFGopK?.jghXHI grLusbg jiL T/anD9c7B5L2K&LHInGmec- rootoubuntu-server ssh-?d25519 AAAACSNZ?C112DI1NTESAAAAILWhMgPs3dNS0On 7J47H4BIJ4?f?k6?4oht+B8bP 1nNR root @ubunt?-Server ssh-sa AAAAB3NZaC14C2EAAAADAOABAAABgOC5dCtDF9Y0FvS0zisJKoJ9rsku?I3kul2Ban?cD2upr08m5?49TH10H/h 180KAJ1b?PfRk???Rfbk?h?9ango TO1HS 1 1uRAAXMW71ccsSoiu0nsZUDcH?S TaL Z?ZeFK?L 2JGuVU+?4S0X TEPK6FrF 18S51I6Lb1TU/OOAf TNZ?H+4rDRJMf 39GKN?W/?YF22HzR jv8?2H2VB ESY +HMSF P+NFNTA J1nd02U6 1uTSJYC8OYLRCarAASCInGDESXnVn?OCuAISOOMuT2HOWhruCKgCG+0a3RXZCOVAUV5XK fGXYVPBOhVKdb T9OU5XF2Z0S FU3L+2ZF 6AfBg YdLe2Kaj0aa6 1TYCUXC92HVxk?XG4MXN1fg951dIp+YG 1D8h9H 1o8Gb/C 193 IorUXnbt +H4/4M0gZIzhhIg Is 76T0s69ebHrb6 iHh6Ce5UANPHYDEX0g569 URvfb997244Nxhou8b2L0+4xN9m4NF6GL3x1sGc- rnnt@ubuntu-server -END SSH HOST KEY KEYS- [ 28.459047] Cloud-init [1520]: Cloud-init v. 25.1.4-0ubuntu0"22.04.1 finished at Sun, 10 Aug 2025 22:02:43 +0000. Datasource [ atasourceNone Up 28.45 SPcnnds ubunti Passlnrdd: Helcome to Ubuntu 22.04.5 LTS (GNU/Liny 5.15.0-151-generic X86 64) * Documentation: https:helpubuntu.com Management: httns:landscape.cannnicalcom Support: httns: uhuntu.com/pro sustem information disabled due to 1nad higher than 2.0 Expanded securitu Maintenance for Applicatinns is not enahled 50 updates can be applied immediately To see these additional updates run: apt list -upgradable EnabJe ESM Apps to receive additional future securitu updates See https:ubuntu.com/esm or run: sudn pro Status The programs included With the Ubuntu sustem are free software; the exact distribution terms for each program are described in the individual files in usr/share/doc/*copuright Ubuntu comes With ABSNIITELY NN WARRANTY to the extent permitted by applicable laW. To run  command as administrato (user tussudo <command> See man sudo root for details ubuntudubuntu-server: sudo mkdir p etc/sudoers. [sudo] password for ubuntu: ubuntudubuntu-server: echo hntu ALL-(A) NOPASSWD:ALL sudo tee /et/sdners.d/ubuntu ubuntu ALL=(ALL) NOPASSHWD:AL ubuntudubuntu-server:s sudo Chmod 440 et/sudners.dubuntu'
[2m2025-08-10T22:03:55.475033Z[0m [32m INFO[0m [2misotope::automation::puppet[0m[2m:[0m Debug screenshot captured: C:\Users\redst\OneDrive\Documents\GitHub\Isotope\debug-steps\post-82-1754863434.png
[2m2025-08-10T22:03:55.475294Z[0m [32m INFO[0m [2misotope::automation::puppet[0m[2m:[0m Executing instruction 16/32 (step 83): Press { key: "enter", repeat: None, modifiers: None }
[2m2025-08-10T22:03:56.884009Z[0m [32m INFO[0m [2misotope::automation::ocr[0m[2m:[0m OCR SUCCESS with 10s timeout (1053ms): ':14>AUg 10 22:02:43 ClOud-init: #::"";;A;A;A;A;;AAAAAHAHAHAHAHAAH;H;HH BEGIN SSH HOST KEY KEYS ecdsa-sha?-nistp256 AAAAE2V,12HNhL XNOYTIt bm/2dHAUNTYAAAA Ibm/2dHAUNTYAAABBBOdF tbXORdAl+Z?+YSRPAHnAn IR34r j0sq.F424V9GYfFGopK?.jghXHI grLusbg jiL T/anD9c7B5L2K&LHInGmec- rootoubuntu-server ssh-?d25519 AAAACSNZ?C112DI1NTESAAAAILWhMgPs3dNS0On 7J47H4BIJ4?f?k6?4oht+B8bP 1nNR root @ubunt?-Server ssh-sa AAAAB3NZaC14C2EAAAADAOABAAABgOC5dCtDF9Y0FvS0zisJKoJ9rsku?I3kul2Ban?cD2upr08m5?49TH10H/h 180KAJ1b?PfRk???Rfbk?h?9ango TO1HS 1 1uRAAXMW71ccsSoiu0nsZUDcH?S TaL Z?ZeFK?L 2JGuVU+?4S0X TEPK6FrF 18S51I6Lb1TU/OOAf TNZ?H+4rDRJMf 39GKN?W/?YF22HzR jv8?2H2VB ESY +HMSF P+NFNTA J1nd02U6 1uTSJYC8OYLRCarAASCInGDESXnVn?OCuAISOOMuT2HOWhruCKgCG+0a3RXZCOVAUV5XK fGXYVPBOhVKdb T9OU5XF2Z0S FU3L+2ZF 6AfBg YdLe2Kaj0aa6 1TYCUXC92HVxk?XG4MXN1fg951dIp+YG 1D8h9H 1o8Gb/C 193 IorUXnbt +H4/4M0gZIzhhIg Is 76T0s69ebHrb6 iHh6Ce5UANPHYDEX0g569 URvfb997244Nxhou8b2L0+4xN9m4NF6GL3x1sGc- rnnt@ubuntu-server -END SSH HOST KEY KEYS- [ 28.459047] Cloud-init [1520]: Cloud-init v. 25.1.4-0ubuntu0"22.04.1 finished at Sun, 10 Aug 2025 22:02:43 +0000. Datasource [ atasourceNone Up 28.45 SPcnnds ubunti Passlnrdd: Helcome to Ubuntu 22.04.5 LTS (GNU/Liny 5.15.0-151-generic X86 64) * Documentation: https:helpubuntu.com Management: httns:landscape.cannnicalcom Support: httns: uhuntu.com/pro sustem information disabled due to 1nad higher than 2.0 Expanded securitu Maintenance for Applicatinns is not enahled 50 updates can be applied immediately To see these additional updates run: apt list -upgradable EnabJe ESM Apps to receive additional future securitu updates See https:ubuntu.com/esm or run: sudn pro Status The programs included With the Ubuntu sustem are free software; the exact distribution terms for each program are described in the individual files in usr/share/doc/*copuright Ubuntu comes With ABSNIITELY NN WARRANTY to the extent permitted by applicable laW. To run  command as administrato (user tussudo <command> See man sudo root for details ubuntudubuntu-server: sudo mkdir p etc/sudoers. [sudo] password for ubuntu: ubuntudubuntu-server: echo hntu ALL-(A) NOPASSWD:ALL sudo tee /et/sudners.d/ubunt ubuntu ALL=(ALL) NOPASSHWD:AL ubuntugubuntu-server: sudo Chmod 440 /etc/sudoers/ubuntu'
[2m2025-08-10T22:03:56.885166Z[0m [32m INFO[0m [2misotope::automation::puppet[0m[2m:[0m Debug screenshot captured: C:\Users\redst\OneDrive\Documents\GitHub\Isotope\debug-steps\pre-83-1754863435.png
[2m2025-08-10T22:03:58.297714Z[0m [32m INFO[0m [2misotope::automation::ocr[0m[2m:[0m OCR SUCCESS with 10s timeout (961ms): '- BEGIN SSH HOST KEY KEYS- eCdsa-sha2-nistn?56 AAAAE2VjZHNhLXNOYTIt bml2dHAUNTYAAAAIbm/2dHAUNTYAAABBBOdF tbXORdA+Z?+YSBeaHDAn IR34r j0sqFuZ4V9GYfFGopk?jghXHI grLusbg iL T/anD9c785L 2KLInGmec- rootdubuntu-serve ssh-?d25519 AAAACSNZ?C112DI1NTESAAAAILWhMgPs3?NS0On 7J47H4BIJ4?f?k6?4oht +B8bP1nR root ?ubuntu-server ssh-rsa AAAABSNZECIyC2EAAAADAOABAAABEOC5dCtDF9YOFVSOz1sJKoJ9rLsku?uISkul2Ban:cD2upr08m549THioH rh180kAJ1bMPfRk???R?bkGh 9ango TO 1HS 1 1uRAAXMW71cSS?iu0nsZUDcH?S TaL Z?ZeFK?L 2JG?VU+d4SOX TEPK6FrF 18S51?6Lb1TU/0?3f TNZ?H+4rDRJHf 39GKNOW/ ZYF22HZR jv8?2fH2VB E5Y,j+HMSF jP+FNTA 11nd02U6 1yTSJYC80YLRCgrAASCInSDESXmMVnBOCyAISOOMuT2HDWhuCKOCG 0a3RXZCOVAUV5XK fGXYVPBOhVKdb T9Ou5XF2Z0SgFU3L+22h SAfBgVdLe2ka.naa6 iTYCUXC92HVxkgMGuMXN1fg951dIpH+YG108h9HLoBGb/C 193IorUMnbt+pH4/4M0:2Izh1hIg Is76T0s69ebHrb6 iHh6Ce5u8NeHY0EX0g569 URvfb997244Nxhou8b2L0+4xN9m4NE6GL3X1sGc- rnntoubuntu-server - END SSH HOST KEY KEYS- [ 28.459047] clou-init [1520] Cloud-init v. 25.1.4-0ubuntuo"7.04. finished at Sun, 10 Aug 2025 22:02:43 +0000. Datasource 0 atasourceNoneUp 28.45 Secnnds ubunti Passlnrdd: Helcom to Ubunti 22.04.5 LTS (GNU/Linux 5.15.0-151-generic X86.64) * Documentation: https:helpubuntu.com Management: httns:landscape.rannnical.com Support: httns: uhuntu.com/pro sustem information disabled due to Inad higher than 2.0 Expanded Securitu Maintenance for Applications is not enahled. 50 updates can be applied immediately. To see these additional updates run: apt list -upgradable EnabJe ESM Apps to receive additional future security updates See https:ubuntu.com/esm or run: Sudo pro status The programs included with the Ubuntu sustem are fre software; the exact distribution terms for each program are described in the individual files in usr/share/doc/*copuright Ubuntu comes With ABSOLIITFI NN WARRANTY. to the extent permitted by applicable laW. To run  conmand as administratr (user nt) usesudo <conmand> See man sudo root for details ubuntudubuntu-server: sudo mkdir p etc/sudoers. [sudo] password for ubuntu: ubuntu?ubuntu-server: echo ubuntu ALL-(A NOPASSHD:ALL sudo tee /et/sudners.d/ubuntu ubuntu ALL=(ALL) NOPASSHD:AL ubuntudubuntu-server: sudo Chmod 440 etc/sudoers/ubuntu ubuntuduhuntu-servpr:Ns'
[2m2025-08-10T22:03:58.298970Z[0m [32m INFO[0m [2misotope::automation::puppet[0m[2m:[0m Debug screenshot captured: C:\Users\redst\OneDrive\Documents\GitHub\Isotope\debug-steps\post-83-1754863437.png
[2m2025-08-10T22:03:58.299374Z[0m [32m INFO[0m [2misotope::automation::puppet[0m[2m:[0m Executing instruction 17/32 (step 84): Login { username: "ubuntu", password: Some("ubuntu"), private_key: None }
[2m2025-08-10T22:03:59.593715Z[0m [32m INFO[0m [2misotope::automation::ocr[0m[2m:[0m OCR SUCCESS with 10s timeout (936ms): '- BEGIN SSH HOST KEY KEYS- eCdsa-sha2-nistn?56 AAAAE2VjZHNhLXNOYTIt bml2dHAUNTYAAAAIbm/2dHAUNTYAAABBBOdF tbXORdA+Z?+YSBeaHDAn IR34r j0sqFuZ4V9GYfFGopk?jghXHI grLusbg iL T/anD9c785L 2KLInGmec- rootdubuntu-serve ssh-?d25519 AAAACSNZ?C112DI1NTESAAAAILWhMgPs3?NS0On 7J47H4BIJ4?f?k6?4oht +B8bP1nR root ?ubuntu-server ssh-rsa AAAABSNZECIyC2EAAAADAOABAAABEOC5dCtDF9YOFVSOz1sJKoJ9rLsku?uISkul2Ban:cD2upr08m549THioH rh180kAJ1bMPfRk???R?bkGh 9ango TO 1HS 1 1uRAAXMW71cSS?iu0nsZUDcH?S TaL Z?ZeFK?L 2JG?VU+d4SOX TEPK6FrF 18S51?6Lb1TU/0?3f TNZ?H+4rDRJHf 39GKNOW/ ZYF22HZR jv8?2fH2VB E5Y,j+HMSF jP+FNTA 11nd02U6 1yTSJYC80YLRCgrAASCInSDESXmMVnBOCyAISOOMuT2HDWhuCKOCG 0a3RXZCOVAUV5XK fGXYVPBOhVKdb T9Ou5XF2Z0SgFU3L+22h SAfBgVdLe2ka.naa6 iTYCUXC92HVxkgMGuMXN1fg951dIpH+YG108h9HLoBGb/C 193IorUMnbt+pH4/4M0:2Izh1hIg Is76T0s69ebHrb6 iHh6Ce5u8NeHY0EX0g569 URvfb997244Nxhou8b2L0+4xN9m4NE6GL3X1sGc- rnntoubuntu-server - END SSH HOST KEY KEYS- [ 28.459047] clou-init [1520] Cloud-init v. 25.1.4-0ubuntuo"7.04. finished at Sun, 10 Aug 2025 22:02:43 +0000. Datasource 0 atasourceNoneUp 28.45 Secnnds ubunti Passlnrdd: Helcom to Ubunti 22.04.5 LTS (GNU/Linux 5.15.0-151-generic X86.64) * Documentation: https:helpubuntu.com Management: httns:landscape.rannnical.com Support: httns: uhuntu.com/pro sustem information disabled due to Inad higher than 2.0 Expanded Securitu Maintenance for Applications is not enahled. 50 updates can be applied immediately. To see these additional updates run: apt list -upgradable EnabJe ESM Apps to receive additional future security updates See https:ubuntu.com/esm or run: Sudo pro status The programs included with the Ubuntu sustem are fre software; the exact distribution terms for each program are described in the individual files in usr/share/doc/*copuright Ubuntu comes With ABSOLIITFI NN WARRANTY. to the extent permitted by applicable laW. To run command as administratnr (user not) use sudo command> See man sudo root for details ubuntudubuntu-server: sudo mkdir p etc/sudoers. [sudo] password for ubuntu: ubuntu?ubuntu-server: echo ubuntu ALL-(A NOPASSHD:ALL sudo tee /et/sudners.d/ubuntu ubuntu ALL=(ALL) NOPASSHD:AL ubuntugubuntu-server: sudo chmod 440 /etc/sudoers.ubuntu ubuntuouhuntu-server:s'
[2m2025-08-10T22:03:59.594815Z[0m [32m INFO[0m [2misotope::automation::puppet[0m[2m:[0m Debug screenshot captured: C:\Users\redst\OneDrive\Documents\GitHub\Isotope\debug-steps\pre-84-1754863438.png
[2m2025-08-10T22:03:59.595202Z[0m [32m INFO[0m [2misotope::automation::puppet[0m[2m:[0m SSH credentials configured for ubuntu
[2m2025-08-10T22:04:00.876788Z[0m [32m INFO[0m [2misotope::automation::ocr[0m[2m:[0m OCR SUCCESS with 10s timeout (923ms): '- BEGIN SSH HOST KEY KEYS- eCdsa-sha2-nistn?56 AAAAE2VjZHNhLXNOYTIt bml2dHAUNTYAAAAIbm/2dHAUNTYAAABBBOdF tbXORdA+Z?+YSBeaHDAn IR34r j0sqFuZ4V9GYfFGopk?jghXHI grLusbg iL T/anD9c785L 2KLInGmec- rootdubuntu-serve ssh-?d25519 AAAACSNZ?C112DI1NTESAAAAILWhMgPs3?NS0On 7J47H4BIJ4?f?k6?4oht +B8bP1nR root ?ubuntu-server ssh-rsa AAAABSNZECIyC2EAAAADAOABAAABEOC5dCtDF9YOFVSOz1sJKoJ9rLsku?uISkul2Ban:cD2upr08m549THioH rh180kAJ1bMPfRk???R?bkGh 9ango TO 1HS 1 1uRAAXMW71cSS?iu0nsZUDcH?S TaL Z?ZeFK?L 2JG?VU+d4SOX TEPK6FrF 18S51?6Lb1TU/0?3f TNZ?H+4rDRJHf 39GKNOW/ ZYF22HZR jv8?2fH2VB E5Y,j+HMSF jP+FNTA 11nd02U6 1yTSJYC80YLRCgrAASCInSDESXmMVnBOCyAISOOMuT2HDWhuCKOCG 0a3RXZCOVAUV5XK fGXYVPBOhVKdb T9Ou5XF2Z0SgFU3L+22h SAfBgVdLe2ka.naa6 iTYCUXC92HVxkgMGuMXN1fg951dIpH+YG108h9HLoBGb/C 193IorUMnbt+pH4/4M0:2Izh1hIg Is76T0s69ebHrb6 iHh6Ce5u8NeHY0EX0g569 URvfb997244Nxhou8b2L0+4xN9m4NE6GL3X1sGc- rnntoubuntu-server - END SSH HOST KEY KEYS- [ 28.459047] clou-init [1520] Cloud-init v. 25.1.4-0ubuntuo"7.04. finished at Sun, 10 Aug 2025 22:02:43 +0000. Datasource 0 atasourceNoneUp 28.45 Secnnds ubunti Passlnrdd: Helcom to Ubunti 22.04.5 LTS (GNU/Linux 5.15.0-151-generic X86.64) * Documentation: https:helpubuntu.com Management: httns:landscape.rannnical.com Support: httns: uhuntu.com/pro sustem information disabled due to Inad higher than 2.0 Expanded Securitu Maintenance for Applications is not enahled. 50 updates can be applied immediately. To see these additional updates run: apt list -upgradable EnabJe ESM Apps to receive additional future security updates See https:ubuntu.com/esm or run: Sudo pro status The programs included with the Ubuntu sustem are fre software; the exact distribution terms for each program are described in the individual files in usr/share/doc/*copuright Ubuntu comes With ABSOLIITFI NN WARRANTY. to the extent permitted by applicable laW. To run command as administratnr (user not) use sudo command> See man sudo root for details ubuntudubuntu-server: sudo mkdir p etc/sudoers. [sudo] password for ubuntu: ubuntu?ubuntu-server: echo ubuntu ALL-(A NOPASSHD:ALL sudo tee /et/sudners.d/ubuntu ubuntu ALL=(ALL) NOPASSHD:AL ubuntugubuntu-server: sudo chmod 440 /etc/sudoers.ubuntu ubuntuouhuntu-server:s'
[2m2025-08-10T22:04:00.877518Z[0m [32m INFO[0m [2misotope::automation::puppet[0m[2m:[0m Debug screenshot captured: C:\Users\redst\OneDrive\Documents\GitHub\Isotope\debug-steps\post-84-1754863439.png
[2m2025-08-10T22:04:00.877808Z[0m [32m INFO[0m [2misotope::automation::puppet[0m[2m:[0m Executing instruction 18/32 (step 85): Run { command: "sudo -n apt-get update" }
[2m2025-08-10T22:04:02.163314Z[0m [32m INFO[0m [2misotope::automation::ocr[0m[2m:[0m OCR SUCCESS with 10s timeout (926ms): '- BEGIN SSH HOST KEY KEYS- eCdsa-sha2-nistn?56 AAAAE2VjZHNhLXNOYTIt bml2dHAUNTYAAAAIbm/2dHAUNTYAAABBBOdF tbXORdA+Z?+YSBeaHDAn IR34r j0sqFuZ4V9GYfFGopk?jghXHI grLusbg iL T/anD9c785L 2KLInGmec- rootdubuntu-serve ssh-?d25519 AAAACSNZ?C112DI1NTESAAAAILWhMgPs3?NS0On 7J47H4BIJ4?f?k6?4oht +B8bP1nR root ?ubuntu-server ssh-rsa AAAABSNZECIyC2EAAAADAOABAAABEOC5dCtDF9YOFVSOz1sJKoJ9rLsku?uISkul2Ban:cD2upr08m549THioH rh180kAJ1bMPfRk???R?bkGh 9ango TO 1HS 1 1uRAAXMW71cSS?iu0nsZUDcH?S TaL Z?ZeFK?L 2JG?VU+d4SOX TEPK6FrF 18S51?6Lb1TU/0?3f TNZ?H+4rDRJHf 39GKNOW/ ZYF22HZR jv8?2fH2VB E5Y,j+HMSF jP+FNTA 11nd02U6 1yTSJYC80YLRCgrAASCInSDESXmMVnBOCyAISOOMuT2HDWhuCKOCG 0a3RXZCOVAUV5XK fGXYVPBOhVKdb T9Ou5XF2Z0SgFU3L+22h SAfBgVdLe2ka.naa6 iTYCUXC92HVxkgMGuMXN1fg951dIpH+YG108h9HLoBGb/C 193IorUMnbt+pH4/4M0:2Izh1hIg Is76T0s69ebHrb6 iHh6Ce5u8NeHY0EX0g569 URvfb997244Nxhou8b2L0+4xN9m4NE6GL3X1sGc- rnntoubuntu-server - END SSH HOST KEY KEYS- [ 28.459047] clou-init [1520] Cloud-init v. 25.1.4-0ubuntuo"7.04. finished at Sun, 10 Aug 2025 22:02:43 +0000. Datasource 0 atasourceNoneUp 28.45 Secnnds ubunti Passlnrdd: Helcom to Ubunti 22.04.5 LTS (GNU/Linux 5.15.0-151-generic X86.64) * Documentation: https:helpubuntu.com Management: httns:landscape.rannnical.com Support: httns: uhuntu.com/pro sustem information disabled due to Inad higher than 2.0 Expanded Securitu Maintenance for Applications is not enahled. 50 updates can be applied immediately. To see these additional updates run: apt list -upgradable EnabJe ESM Apps to receive additional future security updates See https:ubuntu.com/esm or run: Sudo pro status The programs included with the Ubuntu sustem are fre software; the exact distribution terms for each program are described in the individual files in usr/share/doc/*copuright Ubuntu comes With ABSOLIITFI NN WARRANTY. to the extent permitted by applicable laW. To run command as administratnr (user not) use sudo command> See man sudo root for details ubuntudubuntu-server: sudo mkdir p etc/sudoers. [sudo] password for ubuntu: ubuntu?ubuntu-server: echo ubuntu ALL-(A NOPASSHD:ALL sudo tee /et/sudners.d/ubuntu ubuntu ALL=(ALL) NOPASSHD:AL ubuntugubuntu-server: sudo chmod 440 /etc/sudoers.ubuntu ubuntuouhuntu-server:s'
[2m2025-08-10T22:04:02.165052Z[0m [32m INFO[0m [2misotope::automation::puppet[0m[2m:[0m Debug screenshot captured: C:\Users\redst\OneDrive\Documents\GitHub\Isotope\debug-steps\pre-85-1754863441.png
[2m2025-08-10T22:04:02.165839Z[0m [32m INFO[0m [2misotope::automation::puppet[0m[2m:[0m RUN: Executing command in live OS: sudo -n apt-get update
[2m2025-08-10T22:04:02.166142Z[0m [32m INFO[0m [2misotope::automation::puppet[0m[2m:[0m Executing remote command on VM isotope-vm-eb5a0615: sudo -n apt-get update
[2m2025-08-10T22:04:02.166471Z[0m [32m INFO[0m [2misotope::automation::puppet[0m[2m:[0m SSH connection details: 127.0.0.1:22
[2m2025-08-10T22:04:04.170482Z[0m [31mERROR[0m [2misotope::automation::puppet[0m[2m:[0m RUN: Command failed: sudo -n apt-get update
Error: Failed to connect to VM via SSH at 127.0.0.1:22
SSH: user='ubuntu' host='127.0.0.1' port='22'
[2m2025-08-10T22:04:04.171867Z[0m [31mERROR[0m [2misotope::automation::puppet[0m[2m:[0m RUN: Troubleshooting tips: Check if the VM is running, SSH is enabled, network is accessible, and credentials are correct.
[2m2025-08-10T22:04:04.172710Z[0m [31mERROR[0m [2misotope[0m[2m:[0m ✗ Operation failed: Failed to execute OS configuration instructions
